warning: associated function `any_axiom_has_hit_rate` is never used
   --> src\runtime\scheduler_rule.rs:243:19
    |
131 | impl RuleBasedScheduler {
    | ----------------------- associated function in this implementation
...
243 |     pub(crate) fn any_axiom_has_hit_rate(ctx: &SchedulerContext<'_>) -> bool {
    |                   ^^^^^^^^^^^^^^^^^^^^^^
    |
    = note: `#[warn(dead_code)]` (part of `#[warn(unused)]`) on by default

warning: using `.clone()` on a double reference, which returns `&String` instead of cloning the inner type
    --> src\lib.rs:3882:60
     |
3882 |             .filter(|id| self.instances.contains(&R::new(id.clone(), id.clone())))
     |                                                            ^^^^^^^^
     |
     = note: `#[warn(suspicious_double_ref_op)]` on by default

warning: using `.clone()` on a double reference, which returns `&String` instead of cloning the inner type
    --> src\lib.rs:3882:72
     |
3882 |             .filter(|id| self.instances.contains(&R::new(id.clone(), id.clone())))
     |                                                                        ^^^^^^^^

warning: `relatum-v2` (lib) generated 3 warnings
   Compiling relatum-v2 v0.1.0 (E:\projects\Relatum\v2)
warning: unused import: `AxiomTemplate`
  --> examples\phase_h1_axiom_labels.rs:27:5
   |
27 |     AxiomTemplate, EdgeTemplate, RSet,
   |     ^^^^^^^^^^^^^
   |
   = note: `#[warn(unused_imports)]` (part of `#[warn(unused)]`) on by default

warning: `relatum-v2` (example "phase_h1_axiom_labels") generated 1 warning (run `cargo fix --example "phase_h1_axiom_labels" -p relatum-v2` to apply 1 suggestion)
    Finished `release` profile [optimized] target(s) in 1.03s
     Running `target\release\examples\phase_h1_axiom_labels.exe`
=== Phase H.1 — Semantic axiom labels ===

--- Standard cases ---
  ax_reflexivity                      → reflexivity
  ax_antisymmetry                     → antisymmetry
  ax_totality                         → totality
  ax_tpl_v3_p0-1_p1-2_c0-2            → transitivity
  ax_tpl_v3_p0-1_p1-2_c2-0            → reverse-transitivity
  ax_tpl_v2_p0-1_c0-0                 → left-self-loop
  ax_tpl_v2_p0-1_c1-1                 → right-self-loop
  ax_tpl_v2_p0-1_c1-0                 → symmetry
  ax_tpl_v2_p0-1_c0-1                 → trivial-identity
  ax_tpl_v3_p0-0_p1-2_c0-1            → self-loop-with-witness-edge
  ax_unknown_shape                    → (unknown shape: ax_unknown_shape)

--- OQ#1 axioms (13 total) ---
  ax_tpl_v3_p0-1_p2-1_c0-2            → v3 prem2 concl(c0-2)
  ax_tpl_v3_p0-0_p1-2_c0-1            → self-loop-with-witness-edge
  ax_tpl_v2_p0-1_c1-1                 → right-self-loop
  ax_tpl_v2_p0-1_c1-0                 → symmetry
  ax_reflexivity                      → reflexivity
  ax_tpl_v3_p0-1_p1-2_c0-2            → transitivity
  ax_tpl_v3_p0-1_p1-2_c2-0            → reverse-transitivity
  ax_antisymmetry                     → antisymmetry
  ax_tpl_v2_p0-1_c0-0                 → left-self-loop
  ax_tpl_v3_p0-0_p1-2_c2-0            → self-loop-with-witness-edge
  ax_tpl_v3_p0-0_p1-2_c0-2            → self-loop-with-witness-edge
  ax_tpl_v3_p0-1_p0-2_c1-2            → v3 prem2 concl(c1-2)
  ax_tpl_v3_p0-0_p1-2_c1-0            → self-loop-with-witness-edge

=== Verdict ===
  POSITIVE — utility function recognizes 8 known shapes + structural fallback.
  Future: graduate to RSet method, integrate with logging / debug output.

--- end ---
