warning: variable does not need to be mutable
    --> src\runtime\mod.rs:2581:13
     |
2581 |         let mut try_add = |seq_id: &str,
     |             ----^^^^^^^
     |             |
     |             help: remove this `mut`
     |
     = note: `#[warn(unused_mut)]` (part of `#[warn(unused)]`) on by default

warning: variable does not need to be mutable
    --> src\lib.rs:4584:9
     |
4584 |     let mut assign = |v: usize, remap: &mut HashMap<usize, usize>, next: &mut usize| -> usize {
     |         ----^^^^^^
     |         |
     |         help: remove this `mut`

warning: variable does not need to be mutable
    --> src\lib.rs:5086:9
     |
5086 |     let mut update = |byte: u8, h: &mut u64| {
     |         ----^^^^^^
     |         |
     |         help: remove this `mut`

warning: variable does not need to be mutable
    --> src\lib.rs:5090:9
     |
5090 |     let mut hash_u32 = |v: u32, h: &mut u64| {
     |         ----^^^^^^^^
     |         |
     |         help: remove this `mut`

warning: associated function `any_axiom_has_hit_rate` is never used
   --> src\runtime\mod.rs:418:8
    |
310 | impl RuleBasedScheduler {
    | ----------------------- associated function in this implementation
...
418 |     fn any_axiom_has_hit_rate(ctx: &SchedulerContext<'_>) -> bool {
    |        ^^^^^^^^^^^^^^^^^^^^^^
    |
    = note: `#[warn(dead_code)]` (part of `#[warn(unused)]`) on by default

warning: using `.clone()` on a double reference, which returns `&String` instead of cloning the inner type
    --> src\lib.rs:3386:60
     |
3386 |             .filter(|id| self.instances.contains(&R::new(id.clone(), id.clone())))
     |                                                            ^^^^^^^^
     |
     = note: `#[warn(suspicious_double_ref_op)]` on by default

warning: using `.clone()` on a double reference, which returns `&String` instead of cloning the inner type
    --> src\lib.rs:3386:72
     |
3386 |             .filter(|id| self.instances.contains(&R::new(id.clone(), id.clone())))
     |                                                                        ^^^^^^^^

warning: `relatum-v2` (lib) generated 7 warnings (run `cargo fix --lib -p relatum-v2` to apply 4 suggestions)
   Compiling relatum-v2 v0.1.0 (E:\projects\Relatum\v2)
warning: field `label` is never read
   --> examples\phase_h2_0_oq1_experiment.rs:225:5
    |
224 | struct RunResult {
    |        --------- field in this struct
225 |     label: &'static str,
    |     ^^^^^
    |
    = note: `#[warn(dead_code)]` (part of `#[warn(unused)]`) on by default

warning: `relatum-v2` (example "phase_h2_0_oq1_experiment") generated 1 warning
    Finished `release` profile [optimized] target(s) in 1.10s
     Running `target\release\examples\phase_h2_0_oq1_experiment.exe`
=== ADR 0063 OQ #1 — hand-tuned vs equal-weighted DriveMix init (HORIZON=2000) ===

=== run: hand_tuned ===
 tick   epis     ep  comp  pairs  tri  ab    wC   wPE   wMT     sig
    0      0      0     0      0    0   A  0.50  0.40  0.10   0.000
  200     34     14     1      1    1   A  0.50  0.40  0.10  -0.654
  400     65     32     1      1    2   B  0.50  0.40  0.10  -0.700
  600     86     47     1      1    2   B  0.50  0.40  0.10  -1.000
  800     98     59     1      1    2   B  0.50  0.40  0.10  -1.000
 1000    110     71     1      1    2   A  0.50  0.40  0.10  -1.000
 1200    142     79     1      4    6   A  0.50  0.40  0.10  -0.991
 1400    176     89     1      4    8   B  0.40  0.40  0.10  -0.995
error: process didn't exit successfully: `target\release\examples\phase_h2_0_oq1_experiment.exe` (exit code: 1)
