   Compiling relatum-v2 v0.1.0 (E:\projects\Relatum\v2)
warning: associated function `any_axiom_has_hit_rate` is never used
   --> src\runtime\scheduler_rule.rs:243:19
    |
131 | impl RuleBasedScheduler {
    | ----------------------- associated function in this implementation
...
243 |     pub(crate) fn any_axiom_has_hit_rate(ctx: &SchedulerContext<'_>) -> bool {
    |                   ^^^^^^^^^^^^^^^^^^^^^^
    |
    = note: `#[warn(dead_code)]` (part of `#[warn(unused)]`) on by default

warning: using `.clone()` on a double reference, which returns `&String` instead of cloning the inner type
    --> src\lib.rs:4653:60
     |
4653 |             .filter(|id| self.instances.contains(&R::new(id.clone(), id.clone())))
     |                                                            ^^^^^^^^
     |
     = note: `#[warn(suspicious_double_ref_op)]` on by default

warning: using `.clone()` on a double reference, which returns `&String` instead of cloning the inner type
    --> src\lib.rs:4653:72
     |
4653 |             .filter(|id| self.instances.contains(&R::new(id.clone(), id.clone())))
     |                                                                        ^^^^^^^^

warning: `relatum-v2` (lib) generated 3 warnings
    Finished `release` profile [optimized] target(s) in 12.38s
     Running `target\release\examples\phase_alpha_baseline_timed.exe`
=== Phase Alpha — baseline timed run (HORIZON=2000, 100-tick chunks, no intervention) ===
  chunk  1/20: tick= 100 episodes= 22 axioms=11 theories=3 elapsed=  0.16s (  1.6ms/tick)
  chunk  2/20: tick= 200 episodes= 34 axioms=13 theories=4 elapsed=  0.13s (  1.3ms/tick)
  chunk  3/20: tick= 300 episodes= 46 axioms=13 theories=4 elapsed=  0.43s (  4.3ms/tick)
  chunk  4/20: tick= 400 episodes= 66 axioms=13 theories=4 elapsed=  0.75s (  7.5ms/tick)
  chunk  5/20: tick= 500 episodes= 81 axioms=13 theories=4 elapsed=  0.92s (  9.2ms/tick)
  chunk  6/20: tick= 600 episodes= 87 axioms=13 theories=4 elapsed=  0.88s (  8.8ms/tick)
  chunk  7/20: tick= 700 episodes= 93 axioms=13 theories=4 elapsed=  1.36s ( 13.6ms/tick)
  chunk  8/20: tick= 800 episodes= 99 axioms=13 theories=4 elapsed=  1.98s ( 19.8ms/tick)
  chunk  9/20: tick= 900 episodes=105 axioms=13 theories=4 elapsed=  2.83s ( 28.3ms/tick)
  chunk 10/20: tick=1000 episodes=111 axioms=13 theories=4 elapsed=  3.81s ( 38.1ms/tick)
  chunk 11/20: tick=1100 episodes=127 axioms=13 theories=4 elapsed=  7.62s ( 76.2ms/tick)
  chunk 12/20: tick=1200 episodes=143 axioms=13 theories=4 elapsed= 10.57s (105.7ms/tick)
  chunk 13/20: tick=1300 episodes=160 axioms=13 theories=4 elapsed= 14.18s (141.8ms/tick)
  chunk 14/20: tick=1400 episodes=177 axioms=13 theories=4 elapsed= 18.09s (180.9ms/tick)
  chunk 15/20: tick=1500 episodes=194 axioms=13 theories=4 elapsed= 22.27s (222.7ms/tick)
  chunk 16/20: tick=1600 episodes=209 axioms=13 theories=4 elapsed= 28.59s (285.9ms/tick)
  chunk 17/20: tick=1700 episodes=224 axioms=13 theories=4 elapsed= 33.05s (330.5ms/tick)
  chunk 18/20: tick=1800 episodes=239 axioms=13 theories=4 elapsed= 38.44s (384.4ms/tick)
  chunk 19/20: tick=1900 episodes=254 axioms=13 theories=4 elapsed= 43.93s (439.3ms/tick)
  chunk 20/20: tick=2000 episodes=269 axioms=13 theories=4 elapsed= 49.68s (496.8ms/tick)

Total: tick=2000 episodes=269 axioms=13 theories=4 elapsed=279.66s (139.8ms/tick avg)

--- end ---
