warning: associated function `any_axiom_has_hit_rate` is never used
   --> src\runtime\scheduler_rule.rs:243:19
    |
131 | impl RuleBasedScheduler {
    | ----------------------- associated function in this implementation
...
243 |     pub(crate) fn any_axiom_has_hit_rate(ctx: &SchedulerContext<'_>) -> bool {
    |                   ^^^^^^^^^^^^^^^^^^^^^^
    |
    = note: `#[warn(dead_code)]` (part of `#[warn(unused)]`) on by default

warning: using `.clone()` on a double reference, which returns `&String` instead of cloning the inner type
    --> src\lib.rs:3882:60
     |
3882 |             .filter(|id| self.instances.contains(&R::new(id.clone(), id.clone())))
     |                                                            ^^^^^^^^
     |
     = note: `#[warn(suspicious_double_ref_op)]` on by default

warning: using `.clone()` on a double reference, which returns `&String` instead of cloning the inner type
    --> src\lib.rs:3882:72
     |
3882 |             .filter(|id| self.instances.contains(&R::new(id.clone(), id.clone())))
     |                                                                        ^^^^^^^^

warning: `relatum-v2` (lib) generated 3 warnings
   Compiling relatum-v2 v0.1.0 (E:\projects\Relatum\v2)
    Finished `release` profile [optimized] target(s) in 1.53s
     Running `target\release\examples\phase_f4_multi_signal_merge.exe`
=== Phase F.4 — Multi-signal composite merge picker ===

--- Alpha-5 smart (non-subset Jaccard) ranking ---
  rank 1: (t_2, t_3) score=0.4000
  rank 2: (t_1, t_2) score=0.2857
  rank 3: (t_0, t_2) score=0.1818
  rank 4: (t_1, t_3) score=0.1111
  rank 5: (t_0, t_3) score=0.0769

--- F.3 (cross-prec profile equivalence) ranking ---
  rank 1: (t_2, t_3) score=0.0000
  rank 2: (t_1, t_3) score=0.3103
  rank 3: (t_0, t_1) score=0.6008
  rank 4: (t_1, t_2) score=0.6400
  rank 5: (t_0, t_2) score=0.7769
  rank 6: (t_0, t_3) score=0.9111

--- F.2.1 (quality × complementarity) ranking ---
  rank 1: (t_1, t_2) score=0.6000
  rank 2: (t_1, t_3) score=0.4000
  rank 3: (t_2, t_3) score=0.3333

=== Borda leaderboard (top-1: +2, top-2: +1) ===
  (t_2, t_3): 4 points
  (t_1, t_2): 3 points
  (t_1, t_3): 2 points

=== Verdict ===
  F.4 multi-signal pick: (t_2, t_3) at 4 points / 6 max (66.7% confidence)

  STRONGLY POSITIVE — multiple independent signals concentrate on the same pair.

--- end ---
