warning: associated function `any_axiom_has_hit_rate` is never used
   --> src\runtime\scheduler_rule.rs:257:19
    |
145 | impl RuleBasedScheduler {
    | ----------------------- associated function in this implementation
...
257 |     pub(crate) fn any_axiom_has_hit_rate(ctx: &SchedulerContext<'_>) -> bool {
    |                   ^^^^^^^^^^^^^^^^^^^^^^
    |
    = note: `#[warn(dead_code)]` (part of `#[warn(unused)]`) on by default

warning: using `.clone()` on a double reference, which returns `&String` instead of cloning the inner type
    --> src\lib.rs:5124:60
     |
5124 |             .filter(|id| self.instances.contains(&R::new(id.clone(), id.clone())))
     |                                                            ^^^^^^^^
     |
     = note: `#[warn(suspicious_double_ref_op)]` on by default

warning: using `.clone()` on a double reference, which returns `&String` instead of cloning the inner type
    --> src\lib.rs:5124:72
     |
5124 |             .filter(|id| self.instances.contains(&R::new(id.clone(), id.clone())))
     |                                                                        ^^^^^^^^

warning: `relatum-v2` (lib) generated 3 warnings
warning: function `build_generated` is never used
   --> examples\bridge_size4_scan.rs:175:4
    |
175 | fn build_generated(label: &str, edges: &[(String, String)]) -> HashSet<CanonicalForm> {
    |    ^^^^^^^^^^^^^^^
    |
    = note: `#[warn(dead_code)]` (part of `#[warn(unused)]`) on by default

warning: `relatum-v2` (example "bridge_size4_scan") generated 1 warning
    Finished `release` profile [optimized] target(s) in 0.02s
     Running `target\release\examples\bridge_size4_scan.exe`
════════════════════════════════════════════════════════
 Round 7 — sizes 4 scan
════════════════════════════════════════════════════════
 n_nodes=40  sample_count=400  top_m=20  seeds_per_family=3
 Compares size=2-3 (saturation regime) to size=4


 === size = 2 ===

    [ER_0] size 2 only: 82 edges, 4 canonicals (0.0s)
    [ER_1] size 2 only: 70 edges, 4 canonicals (0.0s)
    [ER_2] size 2 only: 84 edges, 4 canonicals (0.0s)
    [SBM_0] size 2 only: 98 edges, 4 canonicals (0.1s)
    [SBM_1] size 2 only: 99 edges, 4 canonicals (0.0s)
    [SBM_2] size 2 only: 101 edges, 4 canonicals (0.1s)
    [DAG_0] size 2 only: 118 edges, 4 canonicals (0.1s)
    [DAG_1] size 2 only: 117 edges, 4 canonicals (0.1s)
    [DAG_2] size 2 only: 122 edges, 4 canonicals (0.1s)
    [BP_0] size 2 only: 66 edges, 2 canonicals (0.0s)
    [BP_1] size 2 only: 59 edges, 2 canonicals (0.0s)
    [BP_2] size 2 only: 61 edges, 2 canonicals (0.0s)

 --- size=2 WITHIN ---
                        ER size=2: N= 3 mean=1.0000 std=0.0000 [1.0000, 1.0000]
                       SBM size=2: N= 3 mean=1.0000 std=0.0000 [1.0000, 1.0000]
                       DAG size=2: N= 3 mean=1.0000 std=0.0000 [1.0000, 1.0000]
                        BP size=2: N= 3 mean=1.0000 std=0.0000 [1.0000, 1.0000]

 --- size=2 CROSS ---
                  ER × SBM size=2: N= 9 mean=1.0000 std=0.0000 [1.0000, 1.0000]
                  ER × DAG size=2: N= 9 mean=1.0000 std=0.0000 [1.0000, 1.0000]
                   ER × BP size=2: N= 9 mean=0.5000 std=0.0000 [0.5000, 0.5000]
                 SBM × DAG size=2: N= 9 mean=1.0000 std=0.0000 [1.0000, 1.0000]
                  SBM × BP size=2: N= 9 mean=0.5000 std=0.0000 [0.5000, 0.5000]
                  DAG × BP size=2: N= 9 mean=0.5000 std=0.0000 [0.5000, 0.5000]

 *** size=2 OVERALL: within_mean=1.0000 cross_mean=0.7500 gap=0.2500 ***

 === size = 3 ===

    [ER_0] size 3 only: 82 edges, 12 canonicals (0.9s)
    [ER_1] size 3 only: 70 edges, 11 canonicals (0.3s)
    [ER_2] size 3 only: 84 edges, 11 canonicals (0.6s)
    [SBM_0] size 3 only: 98 edges, 12 canonicals (1.5s)
    [SBM_1] size 3 only: 99 edges, 11 canonicals (0.9s)
    [SBM_2] size 3 only: 101 edges, 11 canonicals (1.1s)
    [DAG_0] size 3 only: 118 edges, 10 canonicals (3.7s)
    [DAG_1] size 3 only: 117 edges, 11 canonicals (3.8s)
    [DAG_2] size 3 only: 122 edges, 11 canonicals (4.3s)
    [BP_0] size 3 only: 66 edges, 3 canonicals (0.3s)
    [BP_1] size 3 only: 59 edges, 3 canonicals (0.1s)
    [BP_2] size 3 only: 61 edges, 3 canonicals (0.1s)

 --- size=3 WITHIN ---
                        ER size=3: N= 3 mean=0.9444 std=0.0393 [0.9167, 1.0000]
                       SBM size=3: N= 3 mean=0.9444 std=0.0393 [0.9167, 1.0000]
                       DAG size=3: N= 3 mean=0.9394 std=0.0429 [0.9091, 1.0000]
                        BP size=3: N= 3 mean=1.0000 std=0.0000 [1.0000, 1.0000]

 --- size=3 CROSS ---
                  ER × SBM size=3: N= 9 mean=0.9630 std=0.0414 [0.9167, 1.0000]
                  ER × DAG size=3: N= 9 mean=0.9428 std=0.0565 [0.8333, 1.0000]
                   ER × BP size=3: N= 9 mean=0.2652 std=0.0107 [0.2500, 0.2727]
                 SBM × DAG size=3: N= 9 mean=0.9428 std=0.0565 [0.8333, 1.0000]
                  SBM × BP size=3: N= 9 mean=0.2652 std=0.0107 [0.2500, 0.2727]
                  DAG × BP size=3: N= 9 mean=0.2818 std=0.0129 [0.2727, 0.3000]

 *** size=3 OVERALL: within_mean=0.9571 cross_mean=0.6101 gap=0.3470 ***

 === size = 4 ===

    [ER_0] size 4 only: 82 edges, 20 canonicals (17.1s)
    [ER_1] size 4 only: 70 edges, 20 canonicals (3.1s)
    [ER_2] size 4 only: 84 edges, 20 canonicals (10.4s)
    [SBM_0] size 4 only: 98 edges, 20 canonicals (35.8s)
    [SBM_1] size 4 only: 99 edges, 20 canonicals (16.6s)
    [SBM_2] size 4 only: 101 edges, 20 canonicals (23.2s)
    [DAG_0] size 4 only: 118 edges, 20 canonicals (147.1s)
    [DAG_1] size 4 only: 117 edges, 20 canonicals (157.7s)
    [DAG_2] size 4 only: 122 edges, 20 canonicals (186.5s)
    [BP_0] size 4 only: 66 edges, 6 canonicals (7.9s)
    [BP_1] size 4 only: 59 edges, 7 canonicals (1.7s)
    [BP_2] size 4 only: 61 edges, 7 canonicals (2.0s)

 --- size=4 WITHIN ---
                        ER size=4: N= 3 mean=0.7150 std=0.0342 [0.6667, 0.7391]
                       SBM size=4: N= 3 mean=0.8207 std=0.0676 [0.7391, 0.9048]
                       DAG size=4: N= 3 mean=0.8207 std=0.0676 [0.7391, 0.9048]
                        BP size=4: N= 3 mean=0.9048 std=0.0673 [0.8571, 1.0000]

 --- size=4 CROSS ---
                  ER × SBM size=4: N= 9 mean=0.7501 std=0.0664 [0.6667, 0.8182]
                  ER × DAG size=4: N= 9 mean=0.6866 std=0.0854 [0.5385, 0.8182]
                   ER × BP size=4: N= 9 mean=0.1447 std=0.0451 [0.0800, 0.1818]
                 SBM × DAG size=4: N= 9 mean=0.6995 std=0.0483 [0.6000, 0.7391]
                  SBM × BP size=4: N= 9 mean=0.1434 std=0.0236 [0.1250, 0.1818]
                  DAG × BP size=4: N= 9 mean=0.2128 std=0.0260 [0.1739, 0.2381]

 *** size=4 OVERALL: within_mean=0.8153 cross_mean=0.4395 gap=0.3758 ***

--- end ---
