warning: associated function `any_axiom_has_hit_rate` is never used
   --> src\runtime\scheduler_rule.rs:243:19
    |
131 | impl RuleBasedScheduler {
    | ----------------------- associated function in this implementation
...
243 |     pub(crate) fn any_axiom_has_hit_rate(ctx: &SchedulerContext<'_>) -> bool {
    |                   ^^^^^^^^^^^^^^^^^^^^^^
    |
    = note: `#[warn(dead_code)]` (part of `#[warn(unused)]`) on by default

warning: using `.clone()` on a double reference, which returns `&String` instead of cloning the inner type
    --> src\lib.rs:3882:60
     |
3882 |             .filter(|id| self.instances.contains(&R::new(id.clone(), id.clone())))
     |                                                            ^^^^^^^^
     |
     = note: `#[warn(suspicious_double_ref_op)]` on by default

warning: using `.clone()` on a double reference, which returns `&String` instead of cloning the inner type
    --> src\lib.rs:3882:72
     |
3882 |             .filter(|id| self.instances.contains(&R::new(id.clone(), id.clone())))
     |                                                                        ^^^^^^^^

warning: `relatum-v2` (lib) generated 3 warnings
   Compiling relatum-v2 v0.1.0 (E:\projects\Relatum\v2)
    Finished `release` profile [optimized] target(s) in 1.31s
     Running `target\release\examples\phase_g1_identifier_mint.exe`
=== Phase G.1 — Identifier minting proof-of-concept ===

[1] determinism: mint_successor("0") == "succ(0)" (3/3 calls match)

seed RSet: 1 edges, 1 identifiers

=== Minting chain ===
  step 1: 0 -> succ(0)
  step 2: succ(0) -> succ(succ(0))
  step 3: succ(succ(0)) -> succ(succ(succ(0)))
  step 4: succ(succ(succ(0))) -> succ(succ(succ(succ(0))))
  step 5: succ(succ(succ(succ(0)))) -> succ(succ(succ(succ(succ(0)))))

[2] freshness: 5/5 minted ids absent from seed RSet
[3] anti-collision: 6 unique ids in chain (length 6)
[4] materializability: 5/5 chain edges present in RSet

=== Meta-R query: R(__successor__, ?) ===
  5 successor-marked identifiers:
    succ(succ(succ(succ(0))))
    succ(succ(0))
    succ(0)
    succ(succ(succ(succ(succ(0)))))
    succ(succ(succ(0)))

=== Walk backwards via R(?, current) ===
  succ(succ(succ(succ(succ(0))))) -> predecessor succ(succ(succ(succ(0))))
  succ(succ(succ(succ(0)))) -> predecessor succ(succ(succ(0)))
  succ(succ(succ(0))) -> predecessor succ(succ(0))
  succ(succ(0)) -> predecessor succ(0)
  succ(0) -> predecessor 0

=== Verdict ===
  POSITIVE — all 4 properties hold:
    1. determinism  ✓
    2. freshness    ✓
    3. anti-collision ✓
    4. materializability ✓

Final RSet: 11 edges (seed self-loop + 5 chain + 5 marker = 11)

--- end ---
