warning: associated function `any_axiom_has_hit_rate` is never used
   --> src\runtime\scheduler_rule.rs:257:19
    |
145 | impl RuleBasedScheduler {
    | ----------------------- associated function in this implementation
...
257 |     pub(crate) fn any_axiom_has_hit_rate(ctx: &SchedulerContext<'_>) -> bool {
    |                   ^^^^^^^^^^^^^^^^^^^^^^
    |
    = note: `#[warn(dead_code)]` (part of `#[warn(unused)]`) on by default

warning: using `.clone()` on a double reference, which returns `&String` instead of cloning the inner type
    --> src\lib.rs:5124:60
     |
5124 |             .filter(|id| self.instances.contains(&R::new(id.clone(), id.clone())))
     |                                                            ^^^^^^^^
     |
     = note: `#[warn(suspicious_double_ref_op)]` on by default

warning: using `.clone()` on a double reference, which returns `&String` instead of cloning the inner type
    --> src\lib.rs:5124:72
     |
5124 |             .filter(|id| self.instances.contains(&R::new(id.clone(), id.clone())))
     |                                                                        ^^^^^^^^

warning: `relatum-v2` (lib) generated 3 warnings
    Finished `release` profile [optimized] target(s) in 0.02s
     Running `target\release\examples\phase_emergence_oq2_equilibrium.exe`
════════════════════════════════════════════════════════
 OQ#2 long-horizon equilibrium observation (post ADR 0079)
════════════════════════════════════════════════════════
 Horizon: 800 ticks | snapshots every 50

   tick  axs  ths  pat   pat_ins   eps    DP  DPp prune  drv_unex  buc wake
     50    2    2    2↑   12(+12)   10(+10)     5    2     1         0    0    0
    100    2    2    2     12(+0)    10(+0)     5    2     1         0    0    0
    150    2    2    2     12(+0)    10(+0)     5    2     1         0    0    0
    200    2    2    2     12(+0)    10(+0)     5    2     1         0    0    0
    250    2    2    2     12(+0)    10(+0)     5    2     1         0    0    0
    300    2    2    2     12(+0)    10(+0)     5    2     1         0    0    0
    350    2    2    5↑   56(+44)   21(+11)    11    5     2         0    0    4
    400    2    2    5     56(+0)    21(+0)    11    5     2         0    0    4
    450    2    2    5     56(+0)    21(+0)    11    5     2         0    0    4
    500    2    2    5     56(+0)    21(+0)    11    5     2         0    0    4
    550    2    2    5     56(+0)    21(+0)    11    5     2         0    0    4
    600    2    2    5     56(+0)    21(+0)    11    5     2         0    0    4
    650    2    2    7↑   67(+11)   35(+14)    21    8     3         0    0    6
    700    2    2    7     67(+0)    35(+0)    21    8     3         0    0    6
    750    2    2    7     67(+0)    35(+0)    21    8     3         0    0    6
    800    2    2    7     67(+0)    35(+0)    21    8     3         0    0    6

 Phases of activity:
   first half (ticks 0-450): episodes +21, pat_instances +56
   second half (ticks 450-800): episodes +14, pat_instances +11
   pattern_count direction changes: 1
   peak patterns: 7
   final patterns: 7

--- end ---
