warning: associated function `any_axiom_has_hit_rate` is never used
   --> src\runtime\scheduler_rule.rs:239:19
    |
131 | impl RuleBasedScheduler {
    | ----------------------- associated function in this implementation
...
239 |     pub(crate) fn any_axiom_has_hit_rate(ctx: &SchedulerContext<'_>) -> bool {
    |                   ^^^^^^^^^^^^^^^^^^^^^^
    |
    = note: `#[warn(dead_code)]` (part of `#[warn(unused)]`) on by default

warning: using `.clone()` on a double reference, which returns `&String` instead of cloning the inner type
    --> src\lib.rs:3644:60
     |
3644 |             .filter(|id| self.instances.contains(&R::new(id.clone(), id.clone())))
     |                                                            ^^^^^^^^
     |
     = note: `#[warn(suspicious_double_ref_op)]` on by default

warning: using `.clone()` on a double reference, which returns `&String` instead of cloning the inner type
    --> src\lib.rs:3644:72
     |
3644 |             .filter(|id| self.instances.contains(&R::new(id.clone(), id.clone())))
     |                                                                        ^^^^^^^^

warning: `relatum-v2` (lib) generated 3 warnings
    Finished `release` profile [optimized] target(s) in 0.02s
     Running `target\release\examples\phase_c2_long5k_cross_precision.exe`
=== Phase C.2 — Cross-precision validation on long5k ===
TICKS_PHASE_0=1500, NUM_GEN_IDS=15, SEED_DENSITY=0.05

=== Phase 0 state (long5k @ 1500 ticks) ===
  theories: 4
  axioms  : 13
  episodes: 175
  theory list: ["t_0", "t_1", "t_2", "t_3"]
    t_0: 10 axioms
    t_1: 6 axioms
    t_2: 3 axioms
    t_3: 4 axioms

=== Generated 4 substrates ===

=== Cross-precision matrix (rows: substrate; cols: theory) ===
                 t_0       t_1       t_2       t_3
       t_0    1.0000    1.0000    1.0000    1.0000
       t_1    0.6622    1.0000    1.0000    1.0000
       t_2    0.0889    0.6897    1.0000    1.0000
       t_3    0.2231    0.3600    1.0000    1.0000

=== Per-theory column means (off-diagonal) ===
    theory            mean
       t_0          0.3248
       t_1          0.6832
       t_2          1.0000
       t_3          1.0000

=== Beta-1 shape families on long5k ===
  minted 6 families
    shape_premise_p0-0_p1-2: 4 members
    shape_premise_p0-1: 3 members
    shape_premise_p0-1_p1-2: 2 members
    shape_conclusion_c0-2: 3 members
    shape_conclusion_c1-0: 2 members
    shape_conclusion_c2-0: 2 members

=== Verdict ===
  → POSITIVE — cross-precision identifies 't_0' as bottom (mean=0.3248) on long5k; signal generalizes from OQ#1.

--- end ---
