warning: associated function `any_axiom_has_hit_rate` is never used
   --> src\runtime\scheduler_rule.rs:243:19
    |
131 | impl RuleBasedScheduler {
    | ----------------------- associated function in this implementation
...
243 |     pub(crate) fn any_axiom_has_hit_rate(ctx: &SchedulerContext<'_>) -> bool {
    |                   ^^^^^^^^^^^^^^^^^^^^^^
    |
    = note: `#[warn(dead_code)]` (part of `#[warn(unused)]`) on by default

warning: using `.clone()` on a double reference, which returns `&String` instead of cloning the inner type
    --> src\lib.rs:3882:60
     |
3882 |             .filter(|id| self.instances.contains(&R::new(id.clone(), id.clone())))
     |                                                            ^^^^^^^^
     |
     = note: `#[warn(suspicious_double_ref_op)]` on by default

warning: using `.clone()` on a double reference, which returns `&String` instead of cloning the inner type
    --> src\lib.rs:3882:72
     |
3882 |             .filter(|id| self.instances.contains(&R::new(id.clone(), id.clone())))
     |                                                                        ^^^^^^^^

warning: `relatum-v2` (lib) generated 3 warnings
    Finished `release` profile [optimized] target(s) in 0.02s
     Running `target\release\examples\phase_b7_super_meta.exe`
=== Phase B.7 — Super-meta layer-3 abstraction ===

L2 shape families: 0 minted
L3 nested families: 2 minted
  meta_premise_p0-1 → ["shape_premise_p0-1", "shape_premise_p0-1_p1-2"]
  meta_premise_p1-2 → ["shape_premise_p0-0_p1-2", "shape_premise_p0-1_p1-2"]

L4 super-meta families: 1 minted
  super_shape_premise_p0-1_p1-2 contains:
    meta_premise_p0-1 (which contains: ["shape_premise_p0-1", "shape_premise_p0-1_p1-2"])
    meta_premise_p1-2 (which contains: ["shape_premise_p0-0_p1-2", "shape_premise_p0-1_p1-2"])

=== Constitutional check ===
  R(SUPER_META_SHAPE_FAMILY_MARKER, ?) → 1 entries

=== Verdict ===
  → POSITIVE — Layer-4 abstraction works. Hierarchy:
     L2 = 0 families
     L3 = 2 nested families
     L4 = 1 super-meta families
    Recursive structural derivation across 4 layers.

--- end ---
