=== Multi-substrate consolidation diagnostic (ADR 0070+0071+0072) ===

════════════════════════════════════════════════════════
 Substrate: OQ#1  (1000 ticks)
════════════════════════════════════════════════════════
  axioms=13  theories=4 (["t_0", "t_1", "t_2", "t_3"])  L2 families=6
  generated 4 per-theory substrates
  11 axioms have ≥5 predictions

  theory    axs     p_mean     c_mean  noise#    sig#    summary
  t_0        10     0.3759     0.6835       4       3      Mixed
  t_1         6     0.5863     0.8354       0       3      Mixed
  t_2         3     1.0000     1.0000       0       1     Signal
  t_3         4     0.9144     1.0000       0       3     Signal

  Recommendations:
    t_0      FamilyDemote(shape_premise_p0-0_p1-2, Uniform)
    t_1      Manual(Mixed theory; no specific intervention pattern matched)
    t_2      Merge(with t_3, HighQualityBoth)
    t_3      Merge(with t_2, HighQualityBoth)

════════════════════════════════════════════════════════
 Substrate: long5k  (1500 ticks)
════════════════════════════════════════════════════════
  axioms=13  theories=4 (["t_0", "t_1", "t_2", "t_3"])  L2 families=6
  generated 4 per-theory substrates
  11 axioms have ≥5 predictions

  theory    axs     p_mean     c_mean  noise#    sig#    summary
  t_0        10     0.3640     0.6835       4       3      Mixed
  t_1         6     0.6017     0.8354       0       3      Mixed
  t_2         3     1.0000     1.0000       0       1     Signal
  t_3         4     0.9673     1.0000       0       3     Signal

  Recommendations:
    t_0      FamilyDemote(shape_premise_p0-0_p1-2, Uniform)
    t_1      Manual(Mixed theory; no specific intervention pattern matched)
    t_2      Merge(with t_3, HighQualityBoth)
    t_3      Merge(with t_2, HighQualityBoth)

════════════════════════════════════════════════════════
 Substrate: OQ#2  (4500 ticks)
════════════════════════════════════════════════════════
  axioms=2  theories=2 (["t_0", "t_1"])  L2 families=0
  generated 2 per-theory substrates
  0 axioms have ≥5 predictions

  theory    axs     p_mean     c_mean  noise#    sig#    summary
  t_0         2          —          —       0       0     Indet.
  t_1         1          —          —       0       0     Indet.

  Recommendations:
    t_0      ShadowMonitor(no data on any quality dimension)
    t_1      ShadowMonitor(no data on any quality dimension)

════════════════════════════════════════════════════════
 Cross-substrate comparison
════════════════════════════════════════════════════════
  substrate   ticks    axs   thrs     L2   subs   qual
  OQ#1         1000     13      4      6      4     11
  long5k       1500     13      4      6      4     11
  OQ#2         4500      2      2      0      2      0

  Recommendation distribution:
    OQ#1       None=0 Shadow=0 FamilyDem=1 Repair=0 TheoryDem=0 Super=0 Merge=2 Manual=1
    long5k     None=0 Shadow=0 FamilyDem=1 Repair=0 TheoryDem=0 Super=0 Merge=2 Manual=1
    OQ#2       None=0 Shadow=2 FamilyDem=0 Repair=0 TheoryDem=0 Super=0 Merge=0 Manual=0

════════════════════════════════════════════════════════
 Sanity verdict per substrate
════════════════════════════════════════════════════════
  OQ#1   sanity: 3/3 (post-A1: t_2/t_3 → None or Merge HQB; t_0 → noise-target)
  long5k sanity: 3/3 (expected: same as OQ#1 — same regime types per C.2)

  OQ#2 graceful-degradation:
    - axioms=2  theories=2  L2 families=0
    → pipeline produced 2 recommendation(s); none aggressive (no FamilyDemote/TheoryDemote) ✓

════════════════════════════════════════════════════════
  → STRONGLY POSITIVE: triad works across all 3 substrates.
    OQ#1 + long5k: same-regime-type generalization.
    OQ#2: graceful degradation on structurally-hostile data.

--- end ---
