warning: associated function `any_axiom_has_hit_rate` is never used
   --> src\runtime\scheduler_rule.rs:243:19
    |
131 | impl RuleBasedScheduler {
    | ----------------------- associated function in this implementation
...
243 |     pub(crate) fn any_axiom_has_hit_rate(ctx: &SchedulerContext<'_>) -> bool {
    |                   ^^^^^^^^^^^^^^^^^^^^^^
    |
    = note: `#[warn(dead_code)]` (part of `#[warn(unused)]`) on by default

warning: using `.clone()` on a double reference, which returns `&String` instead of cloning the inner type
    --> src\lib.rs:3749:60
     |
3749 |             .filter(|id| self.instances.contains(&R::new(id.clone(), id.clone())))
     |                                                            ^^^^^^^^
     |
     = note: `#[warn(suspicious_double_ref_op)]` on by default

warning: using `.clone()` on a double reference, which returns `&String` instead of cloning the inner type
    --> src\lib.rs:3749:72
     |
3749 |             .filter(|id| self.instances.contains(&R::new(id.clone(), id.clone())))
     |                                                                        ^^^^^^^^

warning: `relatum-v2` (lib) generated 3 warnings
    Finished `release` profile [optimized] target(s) in 0.02s
     Running `target\release\examples\phase_d4_continuous_dream.exe`
=== Phase D.4 — Continuous dream-phase loop ===
TICKS_PER_PHASE=300 (cadence), N_PHASES=6, demote_threshold=0.5

--- Phase 0 (cumulative tick = 300) ---
  axioms=13 theories=4 episodes=46
       t_0: cross-prec=0.3248, primary-rate=0.4644
       t_1: cross-prec=0.6832, primary-rate=0.6403
       t_2: cross-prec=1.0000, primary-rate=1.0000
       t_3: cross-prec=1.0000, primary-rate=1.0000
  [DEMOTE] 't_0' (cross-prec=0.3248 < 0.5)

--- Phase 1 (cumulative tick = 600) ---
  axioms=16 theories=4 episodes=67
       t_1: cross-prec=0.5273, primary-rate=0.5978
       t_3: cross-prec=0.9744, primary-rate=0.9431
       t_2: cross-prec=1.0000, primary-rate=1.0000
       t_4: cross-prec=1.0000, primary-rate=1.0000
  [no demote] all theories ≥ threshold (lowest = t_1 at 0.5273)

--- Phase 2 (cumulative tick = 900) ---
  axioms=16 theories=4 episodes=67
       t_1: cross-prec=0.5273, primary-rate=0.5978
       t_3: cross-prec=0.9744, primary-rate=0.9431
       t_2: cross-prec=1.0000, primary-rate=1.0000
       t_4: cross-prec=1.0000, primary-rate=1.0000
  [no demote] all theories ≥ threshold (lowest = t_1 at 0.5273)

--- Phase 3 (cumulative tick = 1200) ---
  axioms=16 theories=4 episodes=67
       t_1: cross-prec=0.5273, primary-rate=0.5978
       t_3: cross-prec=0.9744, primary-rate=0.9431
       t_2: cross-prec=1.0000, primary-rate=1.0000
       t_4: cross-prec=1.0000, primary-rate=1.0000
  [no demote] all theories ≥ threshold (lowest = t_1 at 0.5273)

--- Phase 4 (cumulative tick = 1500) ---
  axioms=16 theories=4 episodes=67
       t_1: cross-prec=0.5273, primary-rate=0.5978
       t_3: cross-prec=0.9744, primary-rate=0.9431
       t_2: cross-prec=1.0000, primary-rate=1.0000
       t_4: cross-prec=1.0000, primary-rate=1.0000
  [no demote] all theories ≥ threshold (lowest = t_1 at 0.5273)

--- Phase 5 (cumulative tick = 1800) ---
  axioms=16 theories=4 episodes=67
       t_1: cross-prec=0.5273, primary-rate=0.5978
       t_3: cross-prec=0.9744, primary-rate=0.9431
       t_2: cross-prec=1.0000, primary-rate=1.0000
       t_4: cross-prec=1.0000, primary-rate=1.0000
  [no demote] all theories ≥ threshold (lowest = t_1 at 0.5273)

=== Summary ===
  Total demotes: 1
  Demoted theories: ["t_0"]
  Final state: axioms=16 theories=4 episodes=67

=== Verdict ===
  → POSITIVE — continuous dream loop fired 1 demote(s) over 1800 ticks (300 per phase). Loop converges; subsequent phases find no further bottom.

--- end ---
