════════════════════════════════════════════════════════
 OQ#2 long-horizon equilibrium observation (post ADR 0079)
════════════════════════════════════════════════════════
 Horizon: 15000 ticks | snapshots every 250

   tick  axs  ths  pat   pat_ins   eps    DP  DPp prune  drv_unex  buc wake
    250    2    2    2↑   12(+12)   10(+10)     5    2     1         0    0    0
    500    2    2    5↑   56(+44)   21(+11)    11    5     2         0    0    4
    750    2    2    7↑    60(+4)    24(+3)    13    7     2         4    1   18
   1000    2    2    7     60(+0)    24(+0)    13    7     2        20    2   44
   1250    2    2    7     60(+0)    24(+0)    13    7     2        34    3   68
   1500    2    2    7     60(+0)    24(+0)    13    7     2        34    3   78
   1750    2    2    7     60(+0)    24(+0)    13    7     2        43    4   94
   2000    2    2    7     60(+0)    24(+0)    13    7     2        52    4  100
   2250    2    2    7     60(+0)    24(+0)    13    7     2        61    4  100
   2500    2    2    7     60(+0)    24(+0)    13    7     2        70    4  100
   2750    2    2    7     60(+0)    24(+0)    13    7     2        79    4  100
   3000    2    2    7     60(+0)    24(+0)    13    7     2        79    4  100
   3250    2    2    7     60(+0)    24(+0)    13    7     2        88    5  100
   3500    2    2    7     60(+0)    24(+0)    13    7     2        97    5  100
   3750    2    2    7     60(+0)    24(+0)    13    7     2       106    5  100
   4000    2    2    7     60(+0)    24(+0)    13    7     2       115    5  100
   4250    2    2    7     60(+0)    24(+0)    13    7     2       124    5  100
   4500    2    2    7     60(+0)    24(+0)    13    7     2       124    5  100
   4750    2    2    7     60(+0)    24(+0)    13    7     2       124    5  100
   5000    2    2    7     60(+0)    24(+0)    13    7     2       124    5  100
   5250    2    2    7     60(+0)    24(+0)    13    7     2       124    5  100
   5500    2    2    7     60(+0)    24(+0)    13    7     2       124    5  100
   5750    2    2    7     60(+0)    24(+0)    13    7     2       124    5  100
   6000    2    2    7     60(+0)    24(+0)    13    7     2       124    5  100
   6250    2    2    7     60(+0)    24(+0)    13    7     2       124    5  100
   6500    2    2    7     60(+0)    24(+0)    13    7     2       124    5  100
   6750    2    2    7     60(+0)    24(+0)    13    7     2       124    5  100
   7000    2    2    7     60(+0)    24(+0)    13    7     2       124    5  100
   7250    2    2    7     60(+0)    24(+0)    13    7     2       124    5  100
   7500    2    2    7     60(+0)    24(+0)    13    7     2       124    5  100
   7750    2    2    7     60(+0)    24(+0)    13    7     2       124    5  100
   8000    2    2    7     60(+0)    24(+0)    13    7     2       124    5  100
   8250    2    2    7     60(+0)    24(+0)    13    7     2       124    5  100
   8500    2    2    7     60(+0)    24(+0)    13    7     2       124    5  100
   8750    2    2    7     60(+0)    24(+0)    13    7     2       124    5  100
   9000    2    2    7     60(+0)    24(+0)    13    7     2       124    5  100
   9250    2    2    7     60(+0)    24(+0)    13    7     2       124    5  100
   9500    2    2    7     60(+0)    24(+0)    13    7     2       124    5  100
   9750    2    2    7     60(+0)    24(+0)    13    7     2       124    5  100
  10000    2    2    7     60(+0)    24(+0)    13    7     2       124    5  100
  10250    2    2    7     60(+0)    24(+0)    13    7     2       124    5  100
  10500    2    2    7     60(+0)    24(+0)    13    7     2       124    5  100
  10750    2    2    7     60(+0)    24(+0)    13    7     2       124    5  100
  11000    2    2    7     60(+0)    24(+0)    13    7     2       124    5  100
  11250    2    2    7     60(+0)    24(+0)    13    7     2       124    5  100
  11500    2    2    7     60(+0)    24(+0)    13    7     2       124    5  100
  11750    2    2    7     60(+0)    24(+0)    13    7     2       124    5  100
  12000    2    2    7     60(+0)    24(+0)    13    7     2       124    5  100
  12250    2    2    7     60(+0)    24(+0)    13    7     2       124    5  100
  12500    2    2    7     60(+0)    24(+0)    13    7     2       124    5  100
  12750    2    2    7     60(+0)    24(+0)    13    7     2       124    5  100
  13000    2    2    7     60(+0)    24(+0)    13    7     2       124    5  100
  13250    2    2    7     60(+0)    24(+0)    13    7     2       124    5  100
  13500    2    2    7     60(+0)    24(+0)    13    7     2       124    5  100
  13750    2    2    7     60(+0)    24(+0)    13    7     2       124    5  100
  14000    2    2    7     60(+0)    24(+0)    13    7     2       124    5  100
  14250    2    2    7     60(+0)    24(+0)    13    7     2       124    5  100
  14500    2    2    7     60(+0)    24(+0)    13    7     2       124    5  100
  14750    2    2    7     60(+0)    24(+0)    13    7     2       124    5  100
  15000    2    2    7     60(+0)    24(+0)    13    7     2       124    5  100

 Phases of activity:
   first half (ticks 0-7750): episodes +24, pat_instances +60
   second half (ticks 7750-15000): episodes +0, pat_instances +0
   pattern_count direction changes: 1
   peak patterns: 7
   final patterns: 7

--- end ---
