=== ADR 0070 + 0071 + 0072 end-to-end diagnostic on OQ#1 ===

Post-convergence state (after 1000 ticks):
  axioms      : 13
  theories    : 4 (["t_0", "t_1", "t_2", "t_3"])
  L2 families : 6

Generating 4 per-theory substrates (NUM_GEN_IDS=15, density=0.05)...
  built 4 substrates

primary_rates: 11 axioms have ≥5 predictions

=== ADR 0071 — Theory quality reports ===
theory    axs     p_mean      p_min     c_mean      c_min   noise#  signal#    summary
t_0        10     0.3759     0.1095     0.6835     0.4936        4        3      Mixed
t_1         6     0.5863     0.4113     0.8354     0.7859        0        3      Mixed
t_2         3     1.0000     1.0000     1.0000     1.0000        0        1     Signal
t_3         4     0.9144     0.8476     1.0000     1.0000        0        3     Signal

=== Per-theory family memberships ===

t_0 (axioms: 10):
  shape_conclusion_c0-2 [kind_conclusion_shared] 3/3 members; class=Mixed; mean=0.7598 std=0.2076
  shape_conclusion_c1-0 [kind_conclusion_shared] 2/2 members; class=Mixed; mean=0.6415 std=0.1479
  shape_conclusion_c2-0 [kind_conclusion_shared] 2/2 members; class=Mixed; mean=0.6415 std=0.1479
  shape_premise_p0-0_p1-2 [kind_premise_shared] 4/4 members; class=Uniform; mean=0.4936 std=0.0000
  shape_premise_p0-1 [kind_premise_shared] 1/3 members; class=Signal; mean=0.9298 std=0.0993
  shape_premise_p0-1_p1-2 [kind_premise_shared] 2/2 members; class=Signal; mean=0.8947 std=0.1053
  neighbors: extends=["t_1"] parallel=["t_2", "t_3"] 

t_1 (axioms: 6):
  shape_conclusion_c0-2 [kind_conclusion_shared] 2/3 members; class=Mixed; mean=0.7598 std=0.2076
  shape_conclusion_c1-0 [kind_conclusion_shared] 1/2 members; class=Mixed; mean=0.6415 std=0.1479
  shape_conclusion_c2-0 [kind_conclusion_shared] 1/2 members; class=Mixed; mean=0.6415 std=0.1479
  shape_premise_p0-1 [kind_premise_shared] 1/3 members; class=Signal; mean=0.9298 std=0.0993
  shape_premise_p0-1_p1-2 [kind_premise_shared] 2/2 members; class=Signal; mean=0.8947 std=0.1053
  neighbors: extended_by=["t_0"] parallel=["t_2", "t_3"] 

t_2 (axioms: 3):
  shape_conclusion_c0-2 [kind_conclusion_shared] 1/3 members; class=Mixed; mean=0.7598 std=0.2076
  shape_premise_p0-1_p1-2 [kind_premise_shared] 1/2 members; class=Signal; mean=0.8947 std=0.1053
  neighbors: parallel=["t_0", "t_1", "t_3"] 

t_3 (axioms: 4):
  shape_conclusion_c0-2 [kind_conclusion_shared] 1/3 members; class=Mixed; mean=0.7598 std=0.2076
  shape_premise_p0-1 [kind_premise_shared] 2/3 members; class=Signal; mean=0.9298 std=0.0993
  shape_premise_p0-1_p1-2 [kind_premise_shared] 1/2 members; class=Signal; mean=0.8947 std=0.1053
  neighbors: parallel=["t_0", "t_1", "t_2"] 

=== ADR 0072 — Recommended interventions ===
theory   recommendation                                              
t_0      FamilyDemote(shape_premise_p0-0_p1-2, Uniform)
t_1      Manual(Mixed theory; no specific intervention pattern matched)
t_2      Merge(with t_3, HighQualityBoth)
t_3      Merge(with t_2, HighQualityBoth)

=== Sanity verdict ===
  [1] t_2 → None or Merge(t_3, HighQualityBoth): ✓
  [2] t_3 → None or Merge(t_2, HighQualityBoth): ✓
  [3] t_0 → noise-targeting intervention: ✓
  [4] non-Manual recommendations: 3/4

  → STRONGLY POSITIVE — classifier produces all expected recommendations on OQ#1.
    Consolidation triad (0070 + 0071 + 0072) validated end-to-end.

--- end ---
