warning: variable does not need to be mutable
    --> src\runtime\mod.rs:2564:13
     |
2564 |         let mut try_add = |seq_id: &str,
     |             ----^^^^^^^
     |             |
     |             help: remove this `mut`
     |
     = note: `#[warn(unused_mut)]` (part of `#[warn(unused)]`) on by default

warning: variable does not need to be mutable
    --> src\lib.rs:4525:9
     |
4525 |     let mut assign = |v: usize, remap: &mut HashMap<usize, usize>, next: &mut usize| -> usize {
     |         ----^^^^^^
     |         |
     |         help: remove this `mut`

warning: variable does not need to be mutable
    --> src\lib.rs:5027:9
     |
5027 |     let mut update = |byte: u8, h: &mut u64| {
     |         ----^^^^^^
     |         |
     |         help: remove this `mut`

warning: variable does not need to be mutable
    --> src\lib.rs:5031:9
     |
5031 |     let mut hash_u32 = |v: u32, h: &mut u64| {
     |         ----^^^^^^^^
     |         |
     |         help: remove this `mut`

warning: associated function `any_axiom_has_hit_rate` is never used
   --> src\runtime\mod.rs:418:8
    |
310 | impl RuleBasedScheduler {
    | ----------------------- associated function in this implementation
...
418 |     fn any_axiom_has_hit_rate(ctx: &SchedulerContext<'_>) -> bool {
    |        ^^^^^^^^^^^^^^^^^^^^^^
    |
    = note: `#[warn(dead_code)]` (part of `#[warn(unused)]`) on by default

warning: using `.clone()` on a double reference, which returns `&String` instead of cloning the inner type
    --> src\lib.rs:3370:60
     |
3370 |             .filter(|id| self.instances.contains(&R::new(id.clone(), id.clone())))
     |                                                            ^^^^^^^^
     |
     = note: `#[warn(suspicious_double_ref_op)]` on by default

warning: using `.clone()` on a double reference, which returns `&String` instead of cloning the inner type
    --> src\lib.rs:3370:72
     |
3370 |             .filter(|id| self.instances.contains(&R::new(id.clone(), id.clone())))
     |                                                                        ^^^^^^^^

warning: `relatum-v2` (lib) generated 7 warnings (run `cargo fix --lib -p relatum-v2` to apply 4 suggestions)
   Compiling relatum-v2 v0.1.0 (E:\projects\Relatum\v2)
    Finished `release` profile [optimized] target(s) in 1.28s
     Running `target\release\examples\phase_alpha_theory_demote_loop.exe`
=== ADR 0066 Phase Alpha-3+ — iterative theory demotion (PHASE_1=1000, PHASE_2=1000) ===

--- Phase 1: discovery (1000 ticks) ---
tick=1000 episodes=110 theories=4 axioms=13

=== Tournament: end of Phase 1 ===
rank                      theory_id   axs qualifying    agg_hit_rate
   1                            t_2     3          1          1.0000
   2                            t_3     4          3          0.9136
   3                            t_1     6          5          0.5861
   4                            t_0    10          9          0.3757

--- Demotion intervention ---
Retracting bottom-ranked theory: t_0 (agg hit rate 0.3757)
  theory_axioms before retract: 10 → {"ax_tpl_v3_p0-0_p1-2_c0-1", "ax_tpl_v3_p0-0_p1-2_c2-0", "ax_tpl_v3_p0-1_p1-2_c0-2", "ax_tpl_v3_p0-0_p1-2_c0-2", "ax_tpl_v3_p0-1_p1-2_c2-0", "ax_tpl_v3_p0-1_p0-2_c1-2", "ax_tpl_v3_p0-1_p2-1_c0-2", "ax_tpl_v3_p0-0_p1-2_c1-0", "ax_reflexivity", "ax_tpl_v2_p0-1_c1-0"}
  meta-R edges removed: 16
  axioms surviving demotion: 10 / 10

--- Phase 2: post-demote (another 1000 ticks) ---
tick=2000 (target=2000) episodes=268 theories=3 axioms=13

=== Tournament: end of Phase 2 ===
rank                      theory_id   axs qualifying    agg_hit_rate
   1                            t_2     3          1          0.9992
   2                            t_3     4          3          0.8545
   3                            t_1     6          5          0.6664

=== Phase 1 vs Phase 2 ===
theories:           4 → 3 (Δ -1)
qualifying:         4 → 3
mean hit rate:      0.7188 → 0.8401 (Δ +0.1212)
min  hit rate:      0.3757 → 0.6664 (Δ +0.2908)

=== Load-bearing axiom survival ===
  Axioms with Phase-1 hit rate > 0.9: 1
    ax_tpl_v3_p0-1_p1-2_c0-2 (P1 rate 1.0000)  surviving=true  P2 rate=0.9992

--- end ---
