    Finished `release` profile [optimized] target(s) in 0.02s
     Running `target\release\examples\adr0083_pattern_policy_test.exe`
════════════════════════════════════════════════════════
 ADR 0083 — OQ#2 pattern policy execution loop test
 Predicted: instance=1 anomalous patterns get retracted
════════════════════════════════════════════════════════

 tick= 150 | axs= 2 ths= 2 pats=  2 eps=  10 | ARPI=0/pos=0 ARI=0
 tick= 300 | axs= 2 ths= 2 pats=  2 eps=  10 | ARPI=0/pos=0 ARI=0
 tick= 450 | axs= 2 ths= 2 pats=  5 eps=  21 | ARPI=0/pos=0 ARI=0
 tick= 600 | axs= 2 ths= 2 pats=  5 eps=  21 | ARPI=0/pos=0 ARI=0
 tick= 750 | axs= 2 ths= 2 pats=  7 eps=  35 | ARPI=0/pos=0 ARI=0
 tick= 900 | axs= 2 ths= 2 pats=  7 eps=  35 | ARPI=0/pos=0 ARI=0
 tick=1050 | axs= 2 ths= 2 pats= 10 eps=  50 | ARPI=0/pos=0 ARI=0
 tick=1200 | axs= 2 ths= 2 pats= 10 eps=  50 | ARPI=0/pos=0 ARI=0
 tick=1350 | axs= 2 ths= 2 pats= 11 eps=  55 | ARPI=0/pos=0 ARI=0
 tick=1500 | axs= 2 ths= 2 pats= 11 eps=  55 | ARPI=0/pos=0 ARI=0

 Final state:
   axioms = 2
   theories = 2
   patterns = 11

 ApplyRecommendedPatternIntervention episodes: 0

--- end ---
