════════════════════════════════════════════════════════
 Phase Emergence — pattern shape visualization
════════════════════════════════════════════════════════
 Renders the 12 canonical forms minted across the 4
 canonical substrates as readable text shapes. Builds on
 the canonical-form diversity slice; replaces opaque
 hashes with concrete subgraph shapes.

════════════════════════════════════════════════════════
 Per-substrate pattern shapes
════════════════════════════════════════════════════════

 === OQ#1 ===

 p_2 [can_1dcd38f6674f1878, 25 instances]
   p_2 (2 roles, 3 edges, shape: 2 self-loops + 1 cross-edge)
     r0 → r0
     r0 → r1
     r1 → r1

 p_3 [can_cb21943a71a9eb8e, 10 instances]
   p_3 (4 roles, 3 edges, shape: star (hub of degree 3))
     r0 → r1
     r0 → r2
     r0 → r3

 p_1 [can_703239bca97249ae, 15 instances]
   p_1 (3 roles, 2 edges, shape: merge (two sources, one target))
     r0 → r2
     r1 → r2

 p_0 [can_faefcad1cdc772d7, 30 instances]
   p_0 (3 roles, 2 edges, shape: fork (one source, two targets))
     r0 → r1
     r0 → r2

 p_4 [can_3d2da53b81a90ad7, 15 instances]
   p_4 (4 roles, 4 edges, shape: 4-edge graph on 4 nodes)
     r0 → r2
     r0 → r3
     r1 → r2
     r1 → r3

 p_5 [can_ed6c192b563a80e3, 5 instances]
   p_5 (3 roles, 5 edges, shape: 3 self-loops + 2 cross-edges)
     r0 → r0
     r0 → r1
     r0 → r2
     r1 → r1
     r2 → r2

 p_6 [can_bf91273eb195d4e9, 5 instances]
   p_6 (3 roles, 5 edges, shape: 3 self-loops + 2 cross-edges)
     r0 → r0
     r0 → r2
     r1 → r1
     r1 → r2
     r2 → r2

 === long5k ===

 p_3 [can_cb21943a71a9eb8e, 10 instances]
   p_3 (4 roles, 3 edges, shape: star (hub of degree 3))
     r0 → r1
     r0 → r2
     r0 → r3

 p_6 [can_ed6c192b563a80e3, 10 instances]
   p_6 (3 roles, 5 edges, shape: 3 self-loops + 2 cross-edges)
     r0 → r0
     r0 → r1
     r0 → r2
     r1 → r1
     r2 → r2

 p_5 [can_bf91273eb195d4e9, 10 instances]
   p_5 (3 roles, 5 edges, shape: 3 self-loops + 2 cross-edges)
     r0 → r0
     r0 → r2
     r1 → r1
     r1 → r2
     r2 → r2

 p_2 [can_1dcd38f6674f1878, 50 instances]
   p_2 (2 roles, 3 edges, shape: 2 self-loops + 1 cross-edge)
     r0 → r0
     r0 → r1
     r1 → r1

 p_1 [can_703239bca97249ae, 15 instances]
   p_1 (3 roles, 2 edges, shape: merge (two sources, one target))
     r0 → r2
     r1 → r2

 p_4 [can_3d2da53b81a90ad7, 15 instances]
   p_4 (4 roles, 4 edges, shape: 4-edge graph on 4 nodes)
     r0 → r2
     r0 → r3
     r1 → r2
     r1 → r3

 p_0 [can_faefcad1cdc772d7, 30 instances]
   p_0 (3 roles, 2 edges, shape: fork (one source, two targets))
     r0 → r1
     r0 → r2

 === narrow_a ===

 p_1 [can_ed6c192b563a80e3, 5 instances]
   p_1 (3 roles, 5 edges, shape: 3 self-loops + 2 cross-edges)
     r0 → r0
     r0 → r1
     r0 → r2
     r1 → r1
     r2 → r2

 p_0 [can_1dcd38f6674f1878, 25 instances]
   p_0 (2 roles, 3 edges, shape: 2 self-loops + 1 cross-edge)
     r0 → r0
     r0 → r1
     r1 → r1

 p_2 [can_bf91273eb195d4e9, 5 instances]
   p_2 (3 roles, 5 edges, shape: 3 self-loops + 2 cross-edges)
     r0 → r0
     r0 → r2
     r1 → r1
     r1 → r2
     r2 → r2

 === OQ#2 ===

 p_3 [can_61c89385fc0342a0, 84 instances]
   p_3 (3 roles, 3 edges, shape: 3-cycle)
     r0 → r1
     r0 → r2
     r1 → r2

 p_2 [can_356b87478aee25fa, 1 instances]
   p_2 (2 roles, 2 edges, shape: bidirectional pair)
     r0 → r1
     r1 → r0

 p_4 [can_1dcd38f6674f1878, 25 instances]
   p_4 (2 roles, 3 edges, shape: 2 self-loops + 1 cross-edge)
     r0 → r0
     r0 → r1
     r1 → r1

 p_5 [can_a24624ecca927e67, 20 instances]
   p_5 (2 roles, 3 edges, shape: 1 self-loop + 2 cross-edges)
     r0 → r0
     r0 → r1
     r1 → r0

 p_6 [can_d22cf47563c30091, 30 instances]
   p_6 (3 roles, 5 edges, shape: 1 self-loop + 4 cross-edges)
     r0 → r0
     r0 → r1
     r0 → r2
     r1 → r0
     r2 → r0

 p_0 [can_faefcad1cdc772d7, 9 instances]
   p_0 (3 roles, 2 edges, shape: fork (one source, two targets))
     r0 → r1
     r0 → r2

 p_1 [can_ff8b08ea746bf094, 3 instances]
   p_1 (3 roles, 2 edges, shape: chain (length 2))
     r0 → r1
     r1 → r2

════════════════════════════════════════════════════════
 Canonical inventory by substrate-membership
════════════════════════════════════════════════════════

 Universal (mint on every substrate) (1 canonical):
   can_1dcd38f6674f1878 [OQ#1, long5k, narrow_a, OQ#2; max instances=50]
     p_2 (2 roles, 3 edges, shape: 2 self-loops + 1 cross-edge)
       r0 → r0
       r0 → r1
       r1 → r1

 OQ#1-clade only (OQ#1 / long5k / narrow_a) (5 canonicals):
   can_3d2da53b81a90ad7 [OQ#1, long5k; max instances=15]
     p_4 (4 roles, 4 edges, shape: 4-edge graph on 4 nodes)
       r0 → r2
       r0 → r3
       r1 → r2
       r1 → r3
   can_703239bca97249ae [OQ#1, long5k; max instances=15]
     p_1 (3 roles, 2 edges, shape: merge (two sources, one target))
       r0 → r2
       r1 → r2
   can_bf91273eb195d4e9 [OQ#1, long5k, narrow_a; max instances=10]
     p_6 (3 roles, 5 edges, shape: 3 self-loops + 2 cross-edges)
       r0 → r0
       r0 → r2
       r1 → r1
       r1 → r2
       r2 → r2
   can_cb21943a71a9eb8e [OQ#1, long5k; max instances=10]
     p_3 (4 roles, 3 edges, shape: star (hub of degree 3))
       r0 → r1
       r0 → r2
       r0 → r3
   can_ed6c192b563a80e3 [OQ#1, long5k, narrow_a; max instances=10]
     p_5 (3 roles, 5 edges, shape: 3 self-loops + 2 cross-edges)
       r0 → r0
       r0 → r1
       r0 → r2
       r1 → r1
       r2 → r2

 OQ#2-only (5 canonicals):
   can_356b87478aee25fa [OQ#2; max instances=1]
     p_2 (2 roles, 2 edges, shape: bidirectional pair)
       r0 → r1
       r1 → r0
   can_61c89385fc0342a0 [OQ#2; max instances=84]
     p_3 (3 roles, 3 edges, shape: 3-cycle)
       r0 → r1
       r0 → r2
       r1 → r2
   can_a24624ecca927e67 [OQ#2; max instances=20]
     p_5 (2 roles, 3 edges, shape: 1 self-loop + 2 cross-edges)
       r0 → r0
       r0 → r1
       r1 → r0
   can_d22cf47563c30091 [OQ#2; max instances=30]
     p_6 (3 roles, 5 edges, shape: 1 self-loop + 4 cross-edges)
       r0 → r0
       r0 → r1
       r0 → r2
       r1 → r0
       r2 → r0
   can_ff8b08ea746bf094 [OQ#2; max instances=3]
     p_1 (3 roles, 2 edges, shape: chain (length 2))
       r0 → r1
       r1 → r2

 Mixed-membership (other) (1 canonical):
   can_faefcad1cdc772d7 [OQ#1, long5k, OQ#2; max instances=30]
     p_0 (3 roles, 2 edges, shape: fork (one source, two targets))
       r0 → r1
       r0 → r2

════════════════════════════════════════════════════════
 Summary
════════════════════════════════════════════════════════
 1 universal canonical(s)
 5 OQ#1-clade-only canonical(s)
 5 OQ#2-only canonical(s)
 1 mixed-membership canonical(s)
 12 total distinct canonical forms

--- end ---
