warning: associated function `any_axiom_has_hit_rate` is never used
   --> src\runtime\scheduler_rule.rs:257:19
    |
145 | impl RuleBasedScheduler {
    | ----------------------- associated function in this implementation
...
257 |     pub(crate) fn any_axiom_has_hit_rate(ctx: &SchedulerContext<'_>) -> bool {
    |                   ^^^^^^^^^^^^^^^^^^^^^^
    |
    = note: `#[warn(dead_code)]` (part of `#[warn(unused)]`) on by default

warning: using `.clone()` on a double reference, which returns `&String` instead of cloning the inner type
    --> src\lib.rs:5124:60
     |
5124 |             .filter(|id| self.instances.contains(&R::new(id.clone(), id.clone())))
     |                                                            ^^^^^^^^
     |
     = note: `#[warn(suspicious_double_ref_op)]` on by default

warning: using `.clone()` on a double reference, which returns `&String` instead of cloning the inner type
    --> src\lib.rs:5124:72
     |
5124 |             .filter(|id| self.instances.contains(&R::new(id.clone(), id.clone())))
     |                                                                        ^^^^^^^^

warning: `relatum-v2` (lib) generated 3 warnings
    Finished `release` profile [optimized] target(s) in 0.02s
     Running `target\release\examples\oq2_long_horizon_lp_tuned.exe`
════════════════════════════════════════════════════════
 OQ#2 long-horizon — ADR 0080 LP-threshold-tuned
 HORIZON=3000 ticks  (pre-tuning hung at this size)
════════════════════════════════════════════════════════

 tick=  250 | rset=  96 ax= 2 ths= 2 pats= 2 eps=  10 | DP=  5/2(40%) prune= 1 | step 0.1s
 tick=  500 | rset= 323 ax= 2 ths= 2 pats= 5 eps=  21 | DP= 11/5(45%) prune= 2 | step 5.0s
 tick=  750 | rset= 407 ax= 2 ths= 2 pats= 7 eps=  35 | DP= 21/8(38%) prune= 3 | step 13.5s
 tick= 1000 | rset= 485 ax= 2 ths= 2 pats=10 eps=  50 | DP= 33/12(36%) prune= 4 | step 21.5s
 tick= 1250 | rset= 527 ax= 2 ths= 2 pats=11 eps=  55 | DP= 38/13(34%) prune= 4 | step 10.3s
 tick= 1500 | rset= 527 ax= 2 ths= 2 pats=11 eps=  55 | DP= 38/13(34%) prune= 4 | step 0.0s
 tick= 1750 | rset= 552 ax= 2 ths= 2 pats=12 eps=  56 | DP= 39/14(35%) prune= 4 | step 3.4s
 tick= 2000 | rset= 492 ax= 2 ths= 2 pats= 9 eps= 248 | DP= 39/14(35%) prune=193 | step 31.2s
 tick= 2250 | rset= 501 ax= 2 ths= 2 pats= 9 eps= 498 | DP= 39/14(35%) prune=443 | step 48.4s
 tick= 2500 | rset= 510 ax= 2 ths= 2 pats= 9 eps= 748 | DP= 39/14(35%) prune=693 | step 61.6s
error: process didn't exit successfully: `target\release\examples\oq2_long_horizon_lp_tuned.exe` (exit code: 1)
