════════════════════════════════════════════════════════
 Phase 0072-A — Intervention ablation (long5k)
════════════════════════════════════════════════════════
 Substrate: long5k (5000-tick stream, 5 regimes × 10 phases)
 Method: 5 conditions; identical Phase 0 (1500 ticks),
 different intervention, identical Phase 1 (1500 ticks).
 Noise family target: shape_premise_p0-0_p1-2

════════════════════════════════════════════════════════
 Condition A: no intervention
════════════════════════════════════════════════════════
  Phase 0 (1500 ticks, identical baseline):
    axioms=13  theories=["t_0", "t_1", "t_2", "t_3"]  L2 fams=6
    primary mean=0.4707 min=0.0659
    cross   mean=0.8797 min=0.6835
  → applying intervention: no intervention
    post-intervention: axioms=13  theories=["t_0", "t_1", "t_2", "t_3"]  L2 fams=6
  Phase 1 (1500 more ticks):
    axioms=13  theories=["t_0", "t_1", "t_2", "t_3"]  L2 fams=6
    primary mean=0.4367 min=0.0289
    cross   mean=0.8797 min=0.6835
    family-demote target rediscovered: true

════════════════════════════════════════════════════════
 Condition B: FamilyDemote(shape_premise_p0-0_p1-2)
════════════════════════════════════════════════════════
  Phase 0 (1500 ticks, identical baseline):
    axioms=13  theories=["t_0", "t_1", "t_2", "t_3"]  L2 fams=6
    primary mean=0.4707 min=0.0659
    cross   mean=0.8797 min=0.6835
  → applying intervention: FamilyDemote(shape_premise_p0-0_p1-2)
    retraction summary: layer=L2, axioms_retracted=4, theory_detachments=4
    post-intervention: axioms=9  theories=["t_0", "t_1", "t_2", "t_3"]  L2 fams=5
  Phase 1 (1500 more ticks):
    axioms=9  theories=["t_0", "t_1", "t_2", "t_3"]  L2 fams=5
    primary mean=0.6600 min=0.4596
    cross   mean=0.9177 min=0.8354
    family-demote target rediscovered: false

════════════════════════════════════════════════════════
 Condition C: Merge(t_2, t_3) HighQualityBoth
════════════════════════════════════════════════════════
  Phase 0 (1500 ticks, identical baseline):
    axioms=13  theories=["t_0", "t_1", "t_2", "t_3"]  L2 fams=6
    primary mean=0.4707 min=0.0659
    cross   mean=0.8797 min=0.6835
  → applying intervention: Merge(t_2, t_3) HighQualityBoth
    merged → t_4
    post-intervention: axioms=13  theories=["t_0", "t_1", "t_4"]  L2 fams=6
  Phase 1 (1500 more ticks):
    axioms=13  theories=["t_0", "t_1", "t_4"]  L2 fams=6
    primary mean=0.4367 min=0.0289
    cross   mean=0.9031 min=0.7773
    family-demote target rediscovered: true

════════════════════════════════════════════════════════
 Condition D: Merge(t_1, t_2) Complementary
════════════════════════════════════════════════════════
  Phase 0 (1500 ticks, identical baseline):
    axioms=13  theories=["t_0", "t_1", "t_2", "t_3"]  L2 fams=6
    primary mean=0.4707 min=0.0659
    cross   mean=0.8797 min=0.6835
  → applying intervention: Merge(t_1, t_2) Complementary
    merged → t_4
    post-intervention: axioms=13  theories=["t_0", "t_3", "t_4"]  L2 fams=6
  Phase 1 (1500 more ticks):
    axioms=13  theories=["t_0", "t_3", "t_4"]  L2 fams=6
    primary mean=0.4367 min=0.0289
    cross   mean=0.8604 min=0.6866
    family-demote target rediscovered: true

════════════════════════════════════════════════════════
 Condition E: FamilyDemote + Merge(t_2, t_3)
════════════════════════════════════════════════════════
  Phase 0 (1500 ticks, identical baseline):
    axioms=13  theories=["t_0", "t_1", "t_2", "t_3"]  L2 fams=6
    primary mean=0.4707 min=0.0659
    cross   mean=0.8797 min=0.6835
  → applying intervention: FamilyDemote + Merge(t_2, t_3)
    retracted: 4 axioms
    merged → t_4
    post-intervention: axioms=9  theories=["t_0", "t_1", "t_4"]  L2 fams=5
  Phase 1 (1500 more ticks):
    axioms=9  theories=["t_0", "t_1", "t_4"]  L2 fams=5
    primary mean=0.6600 min=0.4596
    cross   mean=0.9547 min=0.9321
    family-demote target rediscovered: false

════════════════════════════════════════════════════════
 Comparison (after Phase 1, 3000 total ticks)
════════════════════════════════════════════════════════
 id  intervention                              axs  ths  fam     p_mean      p_min     c_mean      c_min
 A   no intervention                            13    4    6     0.4367     0.0289     0.8797     0.6835
 B   FamilyDemote(noise family)                  9    4    5     0.6600     0.4596     0.9177     0.8354
 C   Merge(t_2, t_3) HighQualityBoth            13    3    6     0.4367     0.0289     0.9031     0.7773
 D   Merge(t_1, t_2) Complementary              13    3    6     0.4367     0.0289     0.8604     0.6866
 E   FamilyDemote + Merge(t_2, t_3)              9    3    5     0.6600     0.4596     0.9547     0.9321

 family-demote target resurrected after Phase 1?
   A: true
   B: false
   C: true
   D: true
   E: false

════════════════════════════════════════════════════════
 Verdicts vs OQ#1 baseline expectations
════════════════════════════════════════════════════════

 Q1: Does FamilyDemote (B) improve both primary_mean AND cross_mean?
     B vs A primary_mean: +0.2234 (post 0.6600 vs base 0.4367)
     B vs A cross_mean:   +0.0380 (post 0.9177 vs base 0.8797)
     B axiom delta:       -4 (B: 9, A: 13)
     OQ#1 reference: B improved primary_mean by +0.2227 and cross_mean by +0.0380

 Q2: Is Merge(t_2, t_3) (C) cross-min-neutral?
     C vs A cross_mean: +0.0234
     C vs A cross_min:  +0.0938
     C theory delta: -1 (C: 3, A: 4)
     OQ#1 reference: C had cross_mean +0.0234, cross_min +0.0938 — harmless

 Q3: Does Merge(t_1, t_2) (D) regress cross_min by ≥0.05?  ← THE BUG TEST
     D vs A cross_mean: -0.0194
     D vs A cross_min:  +0.0031  ← dilution metric
     D vs C cross_min:  -0.0907  ← directly compare merge targets
     OQ#1 reference: D had cross_min -0.0907 vs C, cross_mean -0.0427 vs C — POLLUTION

 Q4: Does the demoted family resurrect after Phase 1?
     B condition: target_resurrected = false
     E condition: target_resurrected = false

 Q5 (composability): Does combined intervention E dominate B and C?
     E vs B cross_mean: +0.0370
     E vs C cross_mean: +0.0516

════════════════════════════════════════════════════════
 Universality verdict: is Addendum 3 (quality floor 0.70) justified?
════════════════════════════════════════════════════════

 D condition cross_min vs C: -0.0907
 D condition cross_min vs A: +0.0031

 → CONFIRMED — D-condition pollution reproduces on long5k.
   Addendum 3 (focal quality floor 0.70) is justified across substrates,
   not an OQ#1 artifact. Threshold may merit later tuning, but the
   underlying bug pattern is universal.

--- end ---
