warning: variable does not need to be mutable
    --> src\runtime\mod.rs:2564:13
     |
2564 |         let mut try_add = |seq_id: &str,
     |             ----^^^^^^^
     |             |
     |             help: remove this `mut`
     |
     = note: `#[warn(unused_mut)]` (part of `#[warn(unused)]`) on by default

warning: variable does not need to be mutable
    --> src\lib.rs:4525:9
     |
4525 |     let mut assign = |v: usize, remap: &mut HashMap<usize, usize>, next: &mut usize| -> usize {
     |         ----^^^^^^
     |         |
     |         help: remove this `mut`

warning: variable does not need to be mutable
    --> src\lib.rs:5027:9
     |
5027 |     let mut update = |byte: u8, h: &mut u64| {
     |         ----^^^^^^
     |         |
     |         help: remove this `mut`

warning: variable does not need to be mutable
    --> src\lib.rs:5031:9
     |
5031 |     let mut hash_u32 = |v: u32, h: &mut u64| {
     |         ----^^^^^^^^
     |         |
     |         help: remove this `mut`

warning: associated function `any_axiom_has_hit_rate` is never used
   --> src\runtime\mod.rs:418:8
    |
310 | impl RuleBasedScheduler {
    | ----------------------- associated function in this implementation
...
418 |     fn any_axiom_has_hit_rate(ctx: &SchedulerContext<'_>) -> bool {
    |        ^^^^^^^^^^^^^^^^^^^^^^
    |
    = note: `#[warn(dead_code)]` (part of `#[warn(unused)]`) on by default

warning: using `.clone()` on a double reference, which returns `&String` instead of cloning the inner type
    --> src\lib.rs:3370:60
     |
3370 |             .filter(|id| self.instances.contains(&R::new(id.clone(), id.clone())))
     |                                                            ^^^^^^^^
     |
     = note: `#[warn(suspicious_double_ref_op)]` on by default

warning: using `.clone()` on a double reference, which returns `&String` instead of cloning the inner type
    --> src\lib.rs:3370:72
     |
3370 |             .filter(|id| self.instances.contains(&R::new(id.clone(), id.clone())))
     |                                                                        ^^^^^^^^

warning: `relatum-v2` (lib) generated 7 warnings (run `cargo fix --lib -p relatum-v2` to apply 4 suggestions)
   Compiling relatum-v2 v0.1.0 (E:\projects\Relatum\v2)
    Finished `release` profile [optimized] target(s) in 1.09s
     Running `target\release\examples\phase_alpha_theory_tournament.exe`
=== ADR 0066 Phase Alpha-3 — theory self-play tournament (HORIZON=2000) ===

Final runtime state: tick=2000 episodes=268 theories=4 axioms=13

=== Tournament results (ranked by aggregated hit rate) ===
rank                      theory_id   axs qualifying    agg_hit_rate
   1                            t_2     3          1          0.9992
   2                            t_3     4          3          0.8545
   3                            t_1     6          5          0.6664
   4                            t_0    10          9          0.3898

=== Per-axiom breakdown: top-ranked theory ===
  theory_id: t_2
                                axiom_id        hit_rate
                         ax_antisymmetry               —
                          ax_reflexivity               —
                ax_tpl_v3_p0-1_p1-2_c0-2          0.9992

=== Per-axiom breakdown: bottom-ranked theory ===
  theory_id: t_0
                                axiom_id        hit_rate
                          ax_reflexivity               —
                     ax_tpl_v2_p0-1_c1-0          0.5265
                ax_tpl_v3_p0-0_p1-2_c0-1          0.0449
                ax_tpl_v3_p0-0_p1-2_c0-2          0.0424
                ax_tpl_v3_p0-0_p1-2_c1-0          0.0462
                ax_tpl_v3_p0-0_p1-2_c2-0          0.0423
                ax_tpl_v3_p0-1_p0-2_c1-2          0.5351
                ax_tpl_v3_p0-1_p1-2_c0-2          0.9992
                ax_tpl_v3_p0-1_p1-2_c2-0          0.6653
                ax_tpl_v3_p0-1_p2-1_c0-2          0.6061

=== Tournament diagnostic ===
  Theories with signal: 4 / 4
  Hit-rate range: [0.3898, 0.9992] (spread 0.6095)
  Hit-rate mean:  0.7275
  Verdict: theories DIFFERENTIATE (spread > 0.20) — tournament has selection signal

--- end ---
