Date: 2026-04-24
Descriptor: scale_benchmark (ADR 0041)
Purpose:
    Measure how the main v2 operations scale with edge count on
    deterministic random RSets. The goal is not to optimize; it
    is to **characterize the β-scale envelope** honestly so future
    work knows where the cliffs are.

Mechanism version:
    All ADRs 0001–0040. Default `DriveConfig` except
    `pattern_sizes = [2, 3]` (2-hop + 3-hop discovery only).

====================================================================
RAW NUMBERS
====================================================================

Inputs: random directed graphs over 20 identifiers, deterministic
via inline xorshift64 with fixed seed `0xA5A5_5A5A`.

| edges | ids | discover_axioms (raw) | …minimal | drive steps | final score | drive time | to_text bytes | from_text |
|------:|----:|----------------------:|---------:|------------:|------------:|-----------:|--------------:|----------:|
|   50 |  19 |    0  (  27 ms)       |   0      |       2     |   811.20    |  373 ms    |    19 356 B   |   445 µs  |
|  100 |  20 |    0  (  29 ms)       |   0      |       2     |  1354.90    |   2.26 s   |    29 981 B   |   1.16 ms |
|  200 |  20 |    0  (  40 ms)       |   0      |       2     |   248.90    |  30.15 s   |     8 168 B   |   291 µs  |
|  400 |  20 |   31  (  75 ms)       |   9      |       1     |     4.10    | 255.1  s   |    11 856 B   |   208 µs  |

(Initial larger sizes 500 / 1000 / 5000 were attempted but cancelled
after the 500-edge drive ran 277 s. The bottleneck is
`find_instances_of` doing exhaustive enumeration; see below.)

====================================================================
SCALING OBSERVATIONS
====================================================================

### Axiom discovery is ~linear in edges

`discover_axioms` cost is dominated by template evaluation. Each
template evaluates over |ids|^num_vars bindings, which is
`20^3 = 8000` here — independent of edge count. Times are 27 / 29
/ 40 / 75 ms, roughly linear in edges because premise-check for each
binding does a constant-time `contains` on the RSet.

Minimal adds structural-canonicalization and subsumption passes,
both cheap; total is close to raw.

### Drive is super-linear in edges, apparently O(n^2)–O(n^3)

Drive wall-time multipliers:
  50 →  100 edges: 6.1×  (doubling edges → 6× time)
  100 →  200 edges: 13.3× (doubling → 13×)
  200 →  400 edges: 8.5×  (doubling → 8.5×)

Not strictly polynomial — behavior varies with input density. The
main cost is `find_instances_of` / `autonomous_pass` which enumerate
all connected k-edge subgraphs matching a candidate canonical form.
That enumeration is ~O(edges × average_degree^(k-1)) per candidate.
At fixed identifier count, as edge count rises, degree rises, and
the enumeration explodes.

### Final score is not monotone in edges

Scores are 811, 1355, 249, 4.1 — rising then falling.

- At 50–100 edges, the random graph has enough structure for
  pattern reuse to pay off (many 2-edge single-edge instances).
- At 200 edges, density increases; patterns still found but
  auto-prune removes some low-CV ones, net lower score.
- At 400 edges, the graph is near-complete for 20 identifiers
  (max = 20² = 400 edges); patterns collapse to "every pair"
  and reuse savings are wiped out by the overhead tax.

This is not a bug — it's the metric correctly identifying that a
near-complete random graph has **little structural abstraction to
offer**. The metric differentiates "sparse random" (has nameable
patterns) from "dense random" (has nothing to name).

### Axiom yield at saturation

At 400 edges on 20 identifiers the graph is ~dense and accidental
axioms appear:
  raw count: 31 templates at rate 1.0
  minimal:    9 after subsumption

This is genuine "accidental structure" — random graphs with few
identifiers accidentally satisfy many universal rules. A subsumption
filter would need **statistical significance** (rate not just =1 on
bounded bindings but significantly above a null baseline) to ignore
accidents. Out of scope here; documented as a known limit.

### Persistence scales with meta-R, not just data

- 50 edges + 2 drive steps → 19 356 B (heavy meta-R)
- 400 edges + 1 drive step → 11 856 B (more data but less meta-R)

The number of *persisted* bytes correlates more with "how many
patterns did the drive name and not prune" than with raw edge count.
This is a feature: more abstraction → more meta-R → bigger file; but
both to_text and from_text stay well under a millisecond per 100 KB.

Persistence is **not** the bottleneck. Drive-induced discovery is.

====================================================================
HEADLINE ENVELOPE
====================================================================

v2 as-of 2026-04-24, running defaults, keeps the full pipeline
interactive (< 1 s wall) up to about **100 edges / 20 identifiers**.
At 200 edges the full drive is still tolerable (30 s); beyond that
pattern discovery starts dominating and the drive takes minutes.

Axiom discovery alone (without the pattern-level drive) stays
interactive up to at least 400 edges / 20 ids (75 ms).

Persistence roundtrip is essentially free across all tested sizes.

**β-scale is honestly β-scale.** No pretension to otherwise.

====================================================================
WHERE TIME GOES
====================================================================

From the data:
1. `find_instances_of` — exhaustive subgraph enumeration. Grows
   with edges × degree^(k-1). The dominant cost at ≥ 200 edges.
2. `autonomous_pass` — repeatedly calls `find_instances_of` once
   per candidate canonical form. Magnifies #1.
3. Template evaluation in `discover_axioms` — linear; cheap.
4. `forward_chain_apply` (ADR 0037) — domain is `num_vars ≤ 3-4`,
   typically ≤ 27 iterations. Negligible.

Optimization candidates (not done — this ADR is measurement only):
- Sampling-based `sample_instances_of` (0024 prototype) is already
  faster. Wire it into `autonomous_pass` behind a config knob.
- Index `identifiers()` / `left_of` / `right_of` with O(1) lookup
  instead of HashSet filter; for repeated calls the savings
  compound.
- Cache `pattern_roles` / `pattern_structure` lookups within a
  single pass (drive re-reads them per candidate).

====================================================================
COMMITMENT CHECK
====================================================================

- All measurements are on deterministic RSets seeded with a fixed
  xorshift state — reproducible across machines.
- No external dependencies invoked.
- Benchmark is an example, not a lib-level addition; nothing is
  exposed as new API. Satisfies commitment 1 (only R operations).

====================================================================
NEXT
====================================================================

This ADR documents the scaling envelope. It does NOT optimize. Two
natural follow-up ADRs (not scoped here):

- **ADR on sampling-path integration**: make `autonomous_pass`
  optionally route through `sample_instances_of` for cases where
  exhaustive enumeration is prohibitive.
- **ADR on indexed RSet**: add a secondary index (source→targets,
  target→sources) keyed by &str so repeated lookups amortize.

Either would push the interactive envelope from ~200 edges to
1000+ without touching semantics.
