warning: unused imports: `format_opt_f64`, `format_opt_u64`, `parse_opt_f64`, and `parse_opt_u64`
  --> src\runtime\autonomous.rs:26:64
   |
26 |     action_kind_to_str, check_no_tab_or_newline, check_reason, format_opt_f64,
   |                                                                ^^^^^^^^^^^^^^
27 |     format_opt_u64, lifecycle_to_str, mode_to_str, pair_to_target,
   |     ^^^^^^^^^^^^^^
28 |     parse_action_kind, parse_checkpoint, parse_f64, parse_history_lines,
29 |     parse_lifecycle, parse_mode, parse_opt_f64, parse_opt_u64, parse_u32,
   |                                  ^^^^^^^^^^^^^  ^^^^^^^^^^^^^
   |
   = note: `#[warn(unused_imports)]` (part of `#[warn(unused)]`) on by default

warning: unused import: `ACTION_SEQ_MARKER`
 --> src\runtime\frontier.rs:7:33
  |
7 |     AxiomDiscoveryConfig, RSet, ACTION_SEQ_MARKER, ESTABLISHED_MARKER, R,
  |                                 ^^^^^^^^^^^^^^^^^

warning: unused import: `super::drive::DriveMix`
 --> src\runtime\persistence.rs:7:5
  |
7 | use super::drive::DriveMix;
  |     ^^^^^^^^^^^^^^^^^^^^^^

warning: unused import: `RSet`
 --> src\runtime\scheduler_rule.rs:4:13
  |
4 | use crate::{RSet, R};
  |             ^^^^

warning: unused imports: `Frontier` and `Memory`
  --> src\runtime\scheduler_rule.rs:11:44
   |
11 |     action_kind_to_str, parse_action_kind, Frontier, FrontierItem, FrontierKind,
   |                                            ^^^^^^^^
12 |     Memory, PolicyStats,
   |     ^^^^^^

warning: unused import: `SequenceStats`
 --> src\runtime\scheduler_ucb.rs:8:49
  |
8 | use super::{FrontierItem, FrontierKind, Memory, SequenceStats};
  |                                                 ^^^^^^^^^^^^^

warning: variable does not need to be mutable
   --> src\runtime\frontier.rs:586:13
    |
586 |         let mut try_add = |seq_id: &str,
    |             ----^^^^^^^
    |             |
    |             help: remove this `mut`
    |
    = note: `#[warn(unused_mut)]` (part of `#[warn(unused)]`) on by default

warning: variable does not need to be mutable
    --> src\lib.rs:4767:9
     |
4767 |     let mut assign = |v: usize, remap: &mut HashMap<usize, usize>, next: &mut usize| -> usize {
     |         ----^^^^^^
     |         |
     |         help: remove this `mut`

warning: variable does not need to be mutable
    --> src\lib.rs:5420:9
     |
5420 |     let mut update = |byte: u8, h: &mut u64| {
     |         ----^^^^^^
     |         |
     |         help: remove this `mut`

warning: variable does not need to be mutable
    --> src\lib.rs:5424:9
     |
5424 |     let mut hash_u32 = |v: u32, h: &mut u64| {
     |         ----^^^^^^^^
     |         |
     |         help: remove this `mut`

warning: associated function `any_axiom_has_hit_rate` is never used
   --> src\runtime\scheduler_rule.rs:240:19
    |
132 | impl RuleBasedScheduler {
    | ----------------------- associated function in this implementation
...
240 |     pub(crate) fn any_axiom_has_hit_rate(ctx: &SchedulerContext<'_>) -> bool {
    |                   ^^^^^^^^^^^^^^^^^^^^^^
    |
    = note: `#[warn(dead_code)]` (part of `#[warn(unused)]`) on by default

warning: using `.clone()` on a double reference, which returns `&String` instead of cloning the inner type
    --> src\lib.rs:3559:60
     |
3559 |             .filter(|id| self.instances.contains(&R::new(id.clone(), id.clone())))
     |                                                            ^^^^^^^^
     |
     = note: `#[warn(suspicious_double_ref_op)]` on by default

warning: using `.clone()` on a double reference, which returns `&String` instead of cloning the inner type
    --> src\lib.rs:3559:72
     |
3559 |             .filter(|id| self.instances.contains(&R::new(id.clone(), id.clone())))
     |                                                                        ^^^^^^^^

warning: `relatum-v2` (lib) generated 13 warnings (run `cargo fix --lib -p relatum-v2` to apply 10 suggestions)
    Finished `release` profile [optimized] target(s) in 0.02s
     Running `target\release\examples\phase_beta_1_shape_families.exe`
=== ADR 0068 Phase Beta-1 — Axiom shape family discovery (1000 ticks Phase 0) ===
SHAPE_MIN_MEMBERS=2, NUM_GEN_IDS=15, SEED_DENSITY=0.05

=== Pre-Beta-1 state ===
  axioms registered  : 13
  theories registered: 4
  shape families     : 0 (expected 0 — type not yet realized)

=== Beta-1: discover_axiom_shape_families(2) ===
  minted 3 new shape families: ["shape_premise_p0-0_p1-2", "shape_premise_p0-1", "shape_premise_p0-1_p1-2"]

=== Family membership ===
  shape_premise_p0-0_p1-2 (4 members):
    - ax_tpl_v3_p0-0_p1-2_c0-1
    - ax_tpl_v3_p0-0_p1-2_c0-2
    - ax_tpl_v3_p0-0_p1-2_c1-0
    - ax_tpl_v3_p0-0_p1-2_c2-0
  shape_premise_p0-1 (3 members):
    - ax_tpl_v2_p0-1_c0-0
    - ax_tpl_v2_p0-1_c1-0
    - ax_tpl_v2_p0-1_c1-1
  shape_premise_p0-1_p1-2 (2 members):
    - ax_tpl_v3_p0-1_p1-2_c0-2
    - ax_tpl_v3_p0-1_p1-2_c2-0

=== Per-axiom cross-precision (for shape family analysis) ===
  Generating substrates per theory...
  Substrates ready: 4

=== Family member cross-precision profiles ===

  Family shape_premise_p0-0_p1-2 (4 members):
                                              axiom_id      mean_xprec
                              ax_tpl_v3_p0-0_p1-2_c0-1          0.4162
                              ax_tpl_v3_p0-0_p1-2_c0-2          0.4162
                              ax_tpl_v3_p0-0_p1-2_c1-0          0.4162
                              ax_tpl_v3_p0-0_p1-2_c2-0          0.4162
    family stats: mean=0.4162 var=0.000000 min=0.4162 max=0.4162 spread=0.0000
    → STRUCTURAL NOISE FAMILY: all members are consistently low-precision

  Family shape_premise_p0-1 (3 members):
                                              axiom_id      mean_xprec
                                   ax_tpl_v2_p0-1_c0-0          1.0000
                                   ax_tpl_v2_p0-1_c1-0          0.7048
                                   ax_tpl_v2_p0-1_c1-1          1.0000
    family stats: mean=0.9016 var=0.019367 min=0.7048 max=1.0000 spread=0.2952
    → MIXED — members have divergent profiles; family may not capture quality dimension

  Family shape_premise_p0-1_p1-2 (2 members):
                                              axiom_id      mean_xprec
                              ax_tpl_v3_p0-1_p1-2_c0-2          1.0000
                              ax_tpl_v3_p0-1_p1-2_c2-0          0.7048
    family stats: mean=0.8524 var=0.021788 min=0.7048 max=1.0000 spread=0.2952
    → MIXED — members have divergent profiles; family may not capture quality dimension

=== Constitutional check ===
  R(SHAPE_FAMILY_MARKER, ?) → 3 entries: ["shape_premise_p0-1", "shape_premise_p0-1_p1-2", "shape_premise_p0-0_p1-2"]
  ✓ All membership edges R(shape_id, ax_id) present in rset
  ✓ R(SHAPE_FAMILY_MARKER, shape_premise_p0-0_p1-2) present — meta-R class instantiated

=== Verdict ===
  Beta-1 minted 3 new meta-R object(s) under SHAPE_FAMILY_MARKER
  These are 3 kind(s) of structural abstraction that did not exist in the rset before this call.
  Constitutional commitment 3 (types as meta-R) realized at a new level: the TYPE itself was discovered structurally, not declared.

--- end ---
