════════════════════════════════════════════════════════
 Scheduler integration diagnostic — DiscoverPatterns frequency
════════════════════════════════════════════════════════
 Measures how often the standard RuleBasedScheduler picks
 DiscoverPatterns vs DiscoverTheory on each substrate at
 Phase 0 maturity. Distinguishes "never dispatched" from
 "dispatched but produced no mint" from "cooled down".

 Action-count summary table:
 substrate   ticks  episodes  DP_count    DP_pos  DT_count    DT_pos   DP_rate   axs   ths
 OQ#1         1000        22         3         3         3         3     1.000    11     3
 long5k       1500        22         3         3         3         3     1.000    11     3
 narrow_a      500        22         3         3         3         3     1.000    11     3
 OQ#2         4500        10         5         2         2         2     0.400     2     2

 Per-substrate detail:

 OQ#1 (1000 ticks):
   total episodes:           22
   DiscoverPatterns:         3 (3 positive-delta)
   DiscoverTheory:           3 (3 positive-delta)
   other actions:
     Declarativize                    6
     EvaluatePredictions              5
     PruneLowValueObjects             3
     UpdateTheoryRelations            2
   final state: 11 axioms, 3 theories, 1 patterns

 long5k (1500 ticks):
   total episodes:           22
   DiscoverPatterns:         3 (3 positive-delta)
   DiscoverTheory:           3 (3 positive-delta)
   other actions:
     Declarativize                    6
     EvaluatePredictions              5
     PruneLowValueObjects             3
     UpdateTheoryRelations            2
   final state: 11 axioms, 3 theories, 1 patterns

 narrow_a (500 ticks):
   total episodes:           22
   DiscoverPatterns:         3 (3 positive-delta)
   DiscoverTheory:           3 (3 positive-delta)
   other actions:
     Declarativize                    6
     EvaluatePredictions              5
     PruneLowValueObjects             3
     UpdateTheoryRelations            2
   final state: 11 axioms, 3 theories, 1 patterns

 OQ#2 (4500 ticks):
   total episodes:           10
   DiscoverPatterns:         5 (2 positive-delta)
   DiscoverTheory:           2 (2 positive-delta)
   other actions:
     Declarativize                    1
     UpdateTheoryRelations            1
     PruneLowValueObjects             1
   final state: 2 axioms, 2 theories, 2 patterns

════════════════════════════════════════════════════════
 Diagnostic verdict
════════════════════════════════════════════════════════
 Total episodes across all substrates: 76
 Total DiscoverPatterns dispatches:    14 (18.4% of episodes)
 Total positive-delta DP outcomes:     11 (78.6% yield rate)
 Total final patterns minted by runtime: 5

 → DP IS ALREADY ACTIVE. The kernel is integrated; further
   tuning is fine-grained, not foundational.

--- end ---
