   Compiling relatum-v2 v0.1.0 (E:\projects\Relatum\v2)
warning: variable does not need to be mutable
    --> src\runtime\mod.rs:1988:13
     |
1988 |         let mut try_add = |seq_id: &str,
     |             ----^^^^^^^
     |             |
     |             help: remove this `mut`
     |
     = note: `#[warn(unused_mut)]` (part of `#[warn(unused)]`) on by default

warning: variable does not need to be mutable
    --> src\lib.rs:4488:9
     |
4488 |     let mut assign = |v: usize, remap: &mut HashMap<usize, usize>, next: &mut usize| -> usize {
     |         ----^^^^^^
     |         |
     |         help: remove this `mut`

warning: variable does not need to be mutable
    --> src\lib.rs:4990:9
     |
4990 |     let mut update = |byte: u8, h: &mut u64| {
     |         ----^^^^^^
     |         |
     |         help: remove this `mut`

warning: variable does not need to be mutable
    --> src\lib.rs:4994:9
     |
4994 |     let mut hash_u32 = |v: u32, h: &mut u64| {
     |         ----^^^^^^^^
     |         |
     |         help: remove this `mut`

warning: associated function `any_axiom_has_hit_rate` is never used
   --> src\runtime\mod.rs:371:8
    |
263 | impl RuleBasedScheduler {
    | ----------------------- associated function in this implementation
...
371 |     fn any_axiom_has_hit_rate(ctx: &SchedulerContext<'_>) -> bool {
    |        ^^^^^^^^^^^^^^^^^^^^^^
    |
    = note: `#[warn(dead_code)]` (part of `#[warn(unused)]`) on by default

warning: using `.clone()` on a double reference, which returns `&String` instead of cloning the inner type
    --> src\lib.rs:3345:60
     |
3345 |             .filter(|id| self.instances.contains(&R::new(id.clone(), id.clone())))
     |                                                            ^^^^^^^^
     |
     = note: `#[warn(suspicious_double_ref_op)]` on by default

warning: using `.clone()` on a double reference, which returns `&String` instead of cloning the inner type
    --> src\lib.rs:3345:72
     |
3345 |             .filter(|id| self.instances.contains(&R::new(id.clone(), id.clone())))
     |                                                                        ^^^^^^^^

warning: `relatum-v2` (lib) generated 7 warnings (run `cargo fix --lib -p relatum-v2` to apply 4 suggestions)
    Finished `release` profile [optimized] target(s) in 9.11s
     Running `target\release\examples\phase_h1_long_run.exe`
=== ADR 0062 retrospective #1 — long-run empirics (HORIZON=2000, multi-regime) ===

Regimes: A=diamonds (1–490) | B=bipartite (501–990) | C=cliques (1001–1490) | D=diamonds+patterns (1501–1990)

 tick  pat  thy   est  shAx   epis     ep   mmA    mmH  comp  pairs  tri lifecycle
    0    0    0     0     0      0      0     0      0     0      0    0 Running
  200    0    4     0     7     34     14     0      0     1      1    1 Sleeping
  +pair: ("EvaluatePredictions", "EvaluatePredictions")
  +triple: ("EvaluatePredictions", "EvaluatePredictions", "EvaluatePredictions")
  400    0    4     3     7     65     32     5      0     1      1    2 Sleeping
  +pair: ("Declarativize", "Declarativize")
  -pair: ("EvaluatePredictions", "EvaluatePredictions")
  +triple: ("Declarativize", "Declarativize", "EvaluatePredictions"), ("Declarativize", "Declarativize", "Declarativize")
  -triple: ("EvaluatePredictions", "EvaluatePredictions", "EvaluatePredictions")
  600    0    4     4     7     86     47     5      0     1      1    2 Sleeping
  800    0    4     4     7     98     59     5      0     1      1    2 Sleeping
 1000    0    4     4     7    110     71     5      0     1      1    2 Sleeping
 1200    0    4     4     7    142     79     5      0     1      4    6 Sleeping
  +pair: ("PruneLowValueObjects", "EvaluatePredictions"), ("EvaluatePredictions", "PruneLowValueObjects"), ("PruneLowValueObjects", "PruneLowValueObjects")
  +triple: ("PruneLowValueObjects", "PruneLowValueObjects", "PruneLowValueObjects"), ("PruneLowValueObjects", "EvaluatePredictions", "PruneLowValueObjects"), ("PruneLowValueObjects", "PruneLowValueObjects", "EvaluatePredictions"), ("EvaluatePredictions", "PruneLowValueObjects", "PruneLowValueObjects")
 1400    0    4     4     7    176     89     5      0     1      4    8 Sleeping
  +triple: ("EvaluatePredictions", "EvaluatePredictions", "PruneLowValueObjects"), ("PruneLowValueObjects", "EvaluatePredictions", "EvaluatePredictions")
 1600    0    4     4     7    208    101     5      0     1      4    8 Sleeping
 1800    0    4     4     7    238    115     5      0     1      4    8 Sleeping
 2000    0    4     4     7    268    129     5      0     1      4    8 Sleeping

=== summary ===
horizon: 2000 ticks, 10 snapshots
patterns: 0 → 0 (Δ 0)
theories: 0 → 4 (Δ 4)
episodes: 0 → 268 (Δ 268)
EP attempts: 129, composite attempts: 1
MM attempts: 5, MM hits: 0
pair promotions ever: 5 | currently named: 4 | demotions: 1
triple promotions ever: 9 | currently named: 8 | demotions: 1

currently-named pairs:
  ("PruneLowValueObjects", "EvaluatePredictions")
  ("Declarativize", "Declarativize")
  ("PruneLowValueObjects", "PruneLowValueObjects")
  ("EvaluatePredictions", "PruneLowValueObjects")
currently-named triples:
  ("PruneLowValueObjects", "PruneLowValueObjects", "EvaluatePredictions")
  ("PruneLowValueObjects", "EvaluatePredictions", "PruneLowValueObjects")
  ("PruneLowValueObjects", "EvaluatePredictions", "EvaluatePredictions")
  ("Declarativize", "Declarativize", "EvaluatePredictions")
  ("Declarativize", "Declarativize", "Declarativize")
  ("EvaluatePredictions", "EvaluatePredictions", "PruneLowValueObjects")
  ("EvaluatePredictions", "PruneLowValueObjects", "PruneLowValueObjects")
  ("PruneLowValueObjects", "PruneLowValueObjects", "PruneLowValueObjects")

--- end ---
