warning: associated function `any_axiom_has_hit_rate` is never used
   --> src\runtime\scheduler_rule.rs:243:19
    |
131 | impl RuleBasedScheduler {
    | ----------------------- associated function in this implementation
...
243 |     pub(crate) fn any_axiom_has_hit_rate(ctx: &SchedulerContext<'_>) -> bool {
    |                   ^^^^^^^^^^^^^^^^^^^^^^
    |
    = note: `#[warn(dead_code)]` (part of `#[warn(unused)]`) on by default

warning: using `.clone()` on a double reference, which returns `&String` instead of cloning the inner type
    --> src\lib.rs:3882:60
     |
3882 |             .filter(|id| self.instances.contains(&R::new(id.clone(), id.clone())))
     |                                                            ^^^^^^^^
     |
     = note: `#[warn(suspicious_double_ref_op)]` on by default

warning: using `.clone()` on a double reference, which returns `&String` instead of cloning the inner type
    --> src\lib.rs:3882:72
     |
3882 |             .filter(|id| self.instances.contains(&R::new(id.clone(), id.clone())))
     |                                                                        ^^^^^^^^

warning: `relatum-v2` (lib) generated 3 warnings
   Compiling relatum-v2 v0.1.0 (E:\projects\Relatum\v2)
warning: unused variable: `rset`
   --> examples\phase_g4_generative_quality.rs:138:20
    |
138 | fn check_freshness(rset: &RSet, chain_ids: &[String], seed_substrate: &HashSet<String>) -> bool {
    |                    ^^^^ help: if this is intentional, prefix it with an underscore: `_rset`
    |
    = note: `#[warn(unused_variables)]` (part of `#[warn(unused)]`) on by default

warning: `relatum-v2` (example "phase_g4_generative_quality") generated 1 warning (run `cargo fix --example "phase_g4_generative_quality" -p relatum-v2` to apply 1 suggestion)
    Finished `release` profile [optimized] target(s) in 1.21s
     Running `target\release\examples\phase_g4_generative_quality.exe`
=== Phase G.4 — Generative-axiom quality via predicate compliance ===

seed substrate: {"Y", "0", "X"}

====== Recipe: successor ======
[recipe successor]: chain produced (6 ids)
  [1] acyclic:                ✓
  [2] injective predecessor:  ✓
  [3] irreflexive:            ✓
  [4] transitive total order: ✓
  [5] freshness:              ✓
  → compliance rate: 5/5 = 1.0000

====== Recipe: constant ======
[recipe constant]: chain produced (6 ids)
  [1] acyclic:                ✗
  [2] injective predecessor:  ✗
  [3] irreflexive:            ✗
  [4] transitive total order: ✗
  [5] freshness:              ✗
  → compliance rate: 0/5 = 0.0000

====== Recipe: dbl_prefix ======
[recipe dbl_prefix]: chain produced (6 ids)
  [1] acyclic:                ✓
  [2] injective predecessor:  ✓
  [3] irreflexive:            ✓
  [4] transitive total order: ✓
  [5] freshness:              ✓
  → compliance rate: 5/5 = 1.0000

=== Verdict ===
  successor:  1.0000 (expected 1.0 — Peano-style chain satisfies all)
  constant:   0.0000 (expected ~0.2 — collisions break injectivity, freshness, total order)
  dbl_prefix: 1.0000 (expected 1.0 — same shape as successor)

  POSITIVE — predicate-compliance metric discriminates good generative recipes from broken ones.
  This is the cross-precision analog for generative axioms: a per-axiom quality scalar.

--- end ---
