   Compiling relatum-v2 v0.1.0 (E:\projects\Relatum\v2)
warning: associated function `any_axiom_has_hit_rate` is never used
   --> src\runtime\scheduler_rule.rs:243:19
    |
131 | impl RuleBasedScheduler {
    | ----------------------- associated function in this implementation
...
243 |     pub(crate) fn any_axiom_has_hit_rate(ctx: &SchedulerContext<'_>) -> bool {
    |                   ^^^^^^^^^^^^^^^^^^^^^^
    |
    = note: `#[warn(dead_code)]` (part of `#[warn(unused)]`) on by default

warning: using `.clone()` on a double reference, which returns `&String` instead of cloning the inner type
    --> src\lib.rs:3749:60
     |
3749 |             .filter(|id| self.instances.contains(&R::new(id.clone(), id.clone())))
     |                                                            ^^^^^^^^
     |
     = note: `#[warn(suspicious_double_ref_op)]` on by default

warning: using `.clone()` on a double reference, which returns `&String` instead of cloning the inner type
    --> src\lib.rs:3749:72
     |
3749 |             .filter(|id| self.instances.contains(&R::new(id.clone(), id.clone())))
     |                                                                        ^^^^^^^^

warning: `relatum-v2` (lib) generated 3 warnings
    Finished `release` profile [optimized] target(s) in 11.11s
     Running `target\release\examples\phase_b51_scheduler_shape_family.exe`
=== Phase B.5.1 — Scheduler autonomously dispatches shape-family discovery ===

Post-Phase-0 state:
  axioms             : 16
  theories           : 5
  shape families     : 6
    shape_conclusion_c0-2: 3 members
    shape_conclusion_c1-0: 2 members
    shape_conclusion_c2-0: 2 members
    shape_premise_p0-0_p1-2: 4 members
    shape_premise_p0-1: 3 members
    shape_premise_p0-1_p1-2: 2 members

DiscoverAxiomShapeFamilies episodes fired: 1

=== Verdict ===
  → POSITIVE — scheduler autonomously fired 1 DiscoverAxiomShapeFamilies episode(s); rset contains 6 shape families post-Phase-0.

--- end ---
