warning: associated function `any_axiom_has_hit_rate` is never used
   --> src\runtime\scheduler_rule.rs:239:19
    |
131 | impl RuleBasedScheduler {
    | ----------------------- associated function in this implementation
...
239 |     pub(crate) fn any_axiom_has_hit_rate(ctx: &SchedulerContext<'_>) -> bool {
    |                   ^^^^^^^^^^^^^^^^^^^^^^
    |
    = note: `#[warn(dead_code)]` (part of `#[warn(unused)]`) on by default

warning: using `.clone()` on a double reference, which returns `&String` instead of cloning the inner type
    --> src\lib.rs:3608:60
     |
3608 |             .filter(|id| self.instances.contains(&R::new(id.clone(), id.clone())))
     |                                                            ^^^^^^^^
     |
     = note: `#[warn(suspicious_double_ref_op)]` on by default

warning: using `.clone()` on a double reference, which returns `&String` instead of cloning the inner type
    --> src\lib.rs:3608:72
     |
3608 |             .filter(|id| self.instances.contains(&R::new(id.clone(), id.clone())))
     |                                                                        ^^^^^^^^

warning: `relatum-v2` (lib) generated 3 warnings
warning: field `label` is never read
   --> examples\phase_h2_0_oq1_experiment.rs:138:5
    |
137 | struct RunResult {
    |        --------- field in this struct
138 |     label: &'static str,
    |     ^^^^^
    |
    = note: `#[warn(dead_code)]` (part of `#[warn(unused)]`) on by default

warning: `relatum-v2` (example "phase_h2_0_oq1_experiment") generated 1 warning
warning: variable `hN` should have a snake case name
   --> examples\phase_alpha_theory_demote_loop_n.rs:238:9
    |
238 |     let hN = history.last().expect("history non-empty");
    |         ^^ help: convert the identifier to snake case: `h_n`
    |
    = note: `#[warn(non_snake_case)]` (part of `#[warn(nonstandard_style)]`) on by default

warning: `relatum-v2` (example "phase_alpha_theory_demote_loop_n") generated 1 warning
    Finished `release` profile [optimized] target(s) in 0.04s
