warning: associated function `any_axiom_has_hit_rate` is never used
   --> src\runtime\scheduler_rule.rs:243:19
    |
131 | impl RuleBasedScheduler {
    | ----------------------- associated function in this implementation
...
243 |     pub(crate) fn any_axiom_has_hit_rate(ctx: &SchedulerContext<'_>) -> bool {
    |                   ^^^^^^^^^^^^^^^^^^^^^^
    |
    = note: `#[warn(dead_code)]` (part of `#[warn(unused)]`) on by default

warning: using `.clone()` on a double reference, which returns `&String` instead of cloning the inner type
    --> src\lib.rs:3882:60
     |
3882 |             .filter(|id| self.instances.contains(&R::new(id.clone(), id.clone())))
     |                                                            ^^^^^^^^
     |
     = note: `#[warn(suspicious_double_ref_op)]` on by default

warning: using `.clone()` on a double reference, which returns `&String` instead of cloning the inner type
    --> src\lib.rs:3882:72
     |
3882 |             .filter(|id| self.instances.contains(&R::new(id.clone(), id.clone())))
     |                                                                        ^^^^^^^^

warning: `relatum-v2` (lib) generated 3 warnings
   Compiling relatum-v2 v0.1.0 (E:\projects\Relatum\v2)
    Finished `release` profile [optimized] target(s) in 1.32s
     Running `target\release\examples\phase_f5_merge_safety.exe`
=== Phase F.5 — Empirical merge safety test ===

training: 4 theories (["t_0", "t_1", "t_2", "t_3"])

=== Pre-merge ===
  t_2 axioms: 3 ({"ax_antisymmetry", "ax_reflexivity", "ax_tpl_v3_p0-1_p1-2_c0-2"})
  t_3 axioms: 4 ({"ax_antisymmetry", "ax_tpl_v2_p0-1_c0-0", "ax_tpl_v2_p0-1_c1-1", "ax_tpl_v3_p0-1_p1-2_c0-2"})
  union:      5 axioms
  t_2 cross-precision (excl self): 1.0000
  t_3 cross-precision (excl self): 1.0000

=== Executing merge_theories(t_2, t_3) ===
  merged → t_4
  theories after merge: ["t_0", "t_1", "t_4"]
  merged axioms: 5 (expected 5)

=== Post-merge ===
  t_4 cross-precision (excl self): 1.0000

=== Safety verdict ===
  max(t_2_pre, t_3_pre) = 1.0000
  min(t_2_pre, t_3_pre) = 1.0000
  merged                = 1.0000
  delta vs max: +0.0000
  delta vs min: +0.0000

  POSITIVE — merge preserves quality (no degradation > 5%)
  F.4's 66.7% confidence pick is empirically VALID.

--- end ---
