warning: variable does not need to be mutable
    --> src\runtime\mod.rs:2347:13
     |
2347 |         let mut try_add = |seq_id: &str,
     |             ----^^^^^^^
     |             |
     |             help: remove this `mut`
     |
     = note: `#[warn(unused_mut)]` (part of `#[warn(unused)]`) on by default

warning: variable does not need to be mutable
    --> src\lib.rs:4488:9
     |
4488 |     let mut assign = |v: usize, remap: &mut HashMap<usize, usize>, next: &mut usize| -> usize {
     |         ----^^^^^^
     |         |
     |         help: remove this `mut`

warning: variable does not need to be mutable
    --> src\lib.rs:4990:9
     |
4990 |     let mut update = |byte: u8, h: &mut u64| {
     |         ----^^^^^^
     |         |
     |         help: remove this `mut`

warning: variable does not need to be mutable
    --> src\lib.rs:4994:9
     |
4994 |     let mut hash_u32 = |v: u32, h: &mut u64| {
     |         ----^^^^^^^^
     |         |
     |         help: remove this `mut`

warning: associated function `any_axiom_has_hit_rate` is never used
   --> src\runtime\mod.rs:409:8
    |
301 | impl RuleBasedScheduler {
    | ----------------------- associated function in this implementation
...
409 |     fn any_axiom_has_hit_rate(ctx: &SchedulerContext<'_>) -> bool {
    |        ^^^^^^^^^^^^^^^^^^^^^^
    |
    = note: `#[warn(dead_code)]` (part of `#[warn(unused)]`) on by default

warning: using `.clone()` on a double reference, which returns `&String` instead of cloning the inner type
    --> src\lib.rs:3345:60
     |
3345 |             .filter(|id| self.instances.contains(&R::new(id.clone(), id.clone())))
     |                                                            ^^^^^^^^
     |
     = note: `#[warn(suspicious_double_ref_op)]` on by default

warning: using `.clone()` on a double reference, which returns `&String` instead of cloning the inner type
    --> src\lib.rs:3345:72
     |
3345 |             .filter(|id| self.instances.contains(&R::new(id.clone(), id.clone())))
     |                                                                        ^^^^^^^^

warning: `relatum-v2` (lib) generated 7 warnings (run `cargo fix --lib -p relatum-v2` to apply 4 suggestions)
   Compiling relatum-v2 v0.1.0 (E:\projects\Relatum\v2)
warning: field `label` is never read
   --> examples\phase_h2_0_oq1_experiment.rs:225:5
    |
224 | struct RunResult {
    |        --------- field in this struct
225 |     label: &'static str,
    |     ^^^^^
    |
    = note: `#[warn(dead_code)]` (part of `#[warn(unused)]`) on by default

warning: `relatum-v2` (example "phase_h2_0_oq1_experiment") generated 1 warning
    Finished `release` profile [optimized] target(s) in 0.93s
     Running `target\release\examples\phase_h2_0_oq1_experiment.exe`
=== ADR 0063 OQ #1 — hand-tuned vs equal-weighted DriveMix init (HORIZON=2000) ===

=== run: hand_tuned ===
 tick   epis     ep  comp  pairs  tri  ab    wC   wPE   wMT     sig
    0      0      0     0      0    0   A  0.50  0.40  0.10   0.000
  200    125      0     0      0    0   A  0.50  0.40  0.10   2.256
  400    325      0     0      0    0   A  0.50  0.40  0.10   2.031
  600    525      0     0      0    0   A  0.50  0.40  0.10   1.911
  800    725      0     0      0    0   A  0.50  0.40  0.10   1.800
 1000    925      0     0      0    0   A  0.50  0.40  0.10   1.720
 1200   1000      0     0      0    0   A  0.50  0.40  0.10   1.944
 1400   1000      0     0      0    0   A  0.50  0.40  0.10   2.072
error: process didn't exit successfully: `target\release\examples\phase_h2_0_oq1_experiment.exe` (exit code: 1)
