warning: variable does not need to be mutable
    --> src\runtime\mod.rs:2409:13
     |
2409 |         let mut try_add = |seq_id: &str,
     |             ----^^^^^^^
     |             |
     |             help: remove this `mut`
     |
     = note: `#[warn(unused_mut)]` (part of `#[warn(unused)]`) on by default

warning: variable does not need to be mutable
    --> src\lib.rs:4488:9
     |
4488 |     let mut assign = |v: usize, remap: &mut HashMap<usize, usize>, next: &mut usize| -> usize {
     |         ----^^^^^^
     |         |
     |         help: remove this `mut`

warning: variable does not need to be mutable
    --> src\lib.rs:4990:9
     |
4990 |     let mut update = |byte: u8, h: &mut u64| {
     |         ----^^^^^^
     |         |
     |         help: remove this `mut`

warning: variable does not need to be mutable
    --> src\lib.rs:4994:9
     |
4994 |     let mut hash_u32 = |v: u32, h: &mut u64| {
     |         ----^^^^^^^^
     |         |
     |         help: remove this `mut`

warning: associated function `any_axiom_has_hit_rate` is never used
   --> src\runtime\mod.rs:418:8
    |
310 | impl RuleBasedScheduler {
    | ----------------------- associated function in this implementation
...
418 |     fn any_axiom_has_hit_rate(ctx: &SchedulerContext<'_>) -> bool {
    |        ^^^^^^^^^^^^^^^^^^^^^^
    |
    = note: `#[warn(dead_code)]` (part of `#[warn(unused)]`) on by default

warning: using `.clone()` on a double reference, which returns `&String` instead of cloning the inner type
    --> src\lib.rs:3345:60
     |
3345 |             .filter(|id| self.instances.contains(&R::new(id.clone(), id.clone())))
     |                                                            ^^^^^^^^
     |
     = note: `#[warn(suspicious_double_ref_op)]` on by default

warning: using `.clone()` on a double reference, which returns `&String` instead of cloning the inner type
    --> src\lib.rs:3345:72
     |
3345 |             .filter(|id| self.instances.contains(&R::new(id.clone(), id.clone())))
     |                                                                        ^^^^^^^^

warning: `relatum-v2` (lib) generated 7 warnings (run `cargo fix --lib -p relatum-v2` to apply 4 suggestions)
   Compiling relatum-v2 v0.1.0 (E:\projects\Relatum\v2)
    Finished `release` profile [optimized] target(s) in 1.25s
     Running `target\release\examples\phase_h2_0_long5k.exe`
=== Phase H2.0 step 3b α — long-run HORIZON=5000 (5 regimes × 1000 ticks) ===

=== run: hand_tuned (HORIZON=5000) ===
 tick   epis     ep  comp  pairs  tri  ab    wC   wPE   wMT    comb    norm      aC   aPE   aMT      bC   bPE   bMT
    0      0      0     0      0    0   A  0.50  0.40  0.10   0.000   0.000    0.50  0.40  0.10    0.50  0.40  0.10
  500     80     41     1      1    2   B  0.50  0.40  0.10  -1.000  -1.111    0.50  0.40  0.10    0.50  0.40  0.10
 1000    145     76     1      1    2   A  0.50  0.40  0.10  -0.999  -1.109    0.50  0.40  0.10    0.40  0.40  0.10
 1500    175    106     1      1    2   B  0.40  0.40  0.10  -1.000  -1.250    0.50  0.40  0.10    0.40  0.40  0.10
 2000    205    136     1      1    2   A  0.50  0.40  0.10  -1.000  -1.111    0.50  0.40  0.10    0.40  0.40  0.12
 2500    285    156     1      1    2   B  0.40  0.40  0.12  -1.247  -1.559    0.50  0.40  0.10    0.40  0.40  0.12
 3000    370    181     1      1    2   B  0.40  0.40  0.10  -0.998  -1.247    0.50  0.40  0.10    0.40  0.40  0.10
error: process didn't exit successfully: `target\release\examples\phase_h2_0_long5k.exe` (exit code: 1)
