warning: associated function `any_axiom_has_hit_rate` is never used
   --> src\runtime\scheduler_rule.rs:257:19
    |
145 | impl RuleBasedScheduler {
    | ----------------------- associated function in this implementation
...
257 |     pub(crate) fn any_axiom_has_hit_rate(ctx: &SchedulerContext<'_>) -> bool {
    |                   ^^^^^^^^^^^^^^^^^^^^^^
    |
    = note: `#[warn(dead_code)]` (part of `#[warn(unused)]`) on by default

warning: using `.clone()` on a double reference, which returns `&String` instead of cloning the inner type
    --> src\lib.rs:5124:60
     |
5124 |             .filter(|id| self.instances.contains(&R::new(id.clone(), id.clone())))
     |                                                            ^^^^^^^^
     |
     = note: `#[warn(suspicious_double_ref_op)]` on by default

warning: using `.clone()` on a double reference, which returns `&String` instead of cloning the inner type
    --> src\lib.rs:5124:72
     |
5124 |             .filter(|id| self.instances.contains(&R::new(id.clone(), id.clone())))
     |                                                                        ^^^^^^^^

warning: `relatum-v2` (lib) generated 3 warnings
    Finished `release` profile [optimized] target(s) in 0.02s
     Running `target\release\examples\bridge_multi_family_scan.exe`
════════════════════════════════════════════════════════
 Multi-family scan — Phase 1.D Round 5 follow-up
════════════════════════════════════════════════════════

 Budget: sample_count=400, top_m=20
 Families: canonical-suite (4 fixed) + ER/BA/SBM/synth-DAG × 6 seeds

 Building canonical-suite RSets...
    [OQ#1] size=2 pass took 0.0s
    [OQ#1] size=3 pass took 0.1s
    [OQ#1] 641 R-instances, 4 canonicals (stream=84.6s)
    [narrow_a] size=2 pass took 0.0s
    [narrow_a] size=3 pass took 0.1s
    [narrow_a] 352 R-instances, 2 canonicals (stream=1.1s)
    [OQ#2] size=2 pass took 0.0s
    [OQ#2] size=3 pass took 0.1s
    [OQ#2] 462 R-instances, 9 canonicals (stream=75.9s)
    [long5k] size=2 pass took 0.0s
    [long5k] size=3 pass took 0.1s
    [long5k] 472 R-instances, 2 canonicals (stream=7.2s)

 Building ER instances (n=80, p~0.043)...
    [ER_0] size=2 pass took 0.8s
    [ER_0] size=3 pass took 90.3s
    [ER_0] 261 edges, 13 canonicals (total 91.1s)
    [ER_1] size=2 pass took 0.9s
    [ER_1] size=3 pass took 117.2s
    [ER_1] 277 edges, 15 canonicals (total 118.1s)
    [ER_2] size=2 pass took 1.0s
    [ER_2] size=3 pass took 128.9s
    [ER_2] 283 edges, 16 canonicals (total 129.9s)
    [ER_3] size=2 pass took 0.9s
    [ER_3] size=3 pass took 106.5s
    [ER_3] 271 edges, 15 canonicals (total 107.4s)
    [ER_4] size=2 pass took 0.6s
    [ER_4] size=3 pass took 50.6s
    [ER_4] 245 edges, 14 canonicals (total 51.2s)
    [ER_5] size=2 pass took 1.0s
    [ER_5] size=3 pass took 127.7s
    [ER_5] 276 edges, 15 canonicals (total 128.7s)

 BA instances SKIPPED at n=80 m=3: single-instance timing in
 prior partial run showed size=3 autonomous_pass took >25 min
 per BA instance due to power-law hub structure exploding the
 subgraph-sampling space. Documented as separate finding; see
 result doc §N. v2's pattern discovery does NOT scale on
 power-law graphs at saturation budget on n=80.

 Building SBM instances (n=80, 4 blocks of 20)...
    [SBM_0] size=2 pass took 0.5s
    [SBM_0] size=3 pass took 44.7s
    [SBM_0] 242 edges, 14 canonicals (total 45.3s)
    [SBM_1] size=2 pass took 0.6s
    [SBM_1] size=3 pass took 46.8s
    [SBM_1] 258 edges, 15 canonicals (total 47.4s)
    [SBM_2] size=2 pass took 0.8s
    [SBM_2] size=3 pass took 88.1s
    [SBM_2] 278 edges, 16 canonicals (total 88.9s)
    [SBM_3] size=2 pass took 0.6s
    [SBM_3] size=3 pass took 60.8s
    [SBM_3] 273 edges, 16 canonicals (total 61.5s)
    [SBM_4] size=2 pass took 0.5s
    [SBM_4] size=3 pass took 39.4s
    [SBM_4] 247 edges, 15 canonicals (total 39.9s)
    [SBM_5] size=2 pass took 0.5s
    [SBM_5] size=3 pass took 40.3s
    [SBM_5] 248 edges, 15 canonicals (total 40.8s)

 Building synth-DAG instances (layered+clustered)...
    [DAG_0] size=2 pass took 0.6s
    [DAG_0] size=3 pass took 58.3s
    [DAG_0] 270 edges, 15 canonicals (total 59.0s)
    [DAG_1] size=2 pass took 0.7s
    [DAG_1] size=3 pass took 78.9s
    [DAG_1] 274 edges, 15 canonicals (total 79.7s)
    [DAG_2] size=2 pass took 0.7s
    [DAG_2] size=3 pass took 77.3s
    [DAG_2] 266 edges, 15 canonicals (total 78.0s)
    [DAG_3] size=2 pass took 0.7s
    [DAG_3] size=3 pass took 71.9s
    [DAG_3] 270 edges, 15 canonicals (total 72.7s)
    [DAG_4] size=2 pass took 0.5s
    [DAG_4] size=3 pass took 45.4s
    [DAG_4] 267 edges, 15 canonicals (total 45.9s)
    [DAG_5] size=2 pass took 0.6s
    [DAG_5] size=3 pass took 65.0s
    [DAG_5] 269 edges, 15 canonicals (total 65.7s)

════════════════════════════════════════════════════════
 Per-family WITHIN-Jaccard distributions
════════════════════════════════════════════════════════
   canonical-suite (C(4,2)): N=  6 mean=0.2636 std=0.3406 [0.0000, 1.0000]
              ER (C(6,2)): N= 15 mean=0.8722 std=0.0466 [0.8000, 0.9375]
              BA (C(6,2)): (empty)
             SBM (C(6,2)): N= 15 mean=0.9450 std=0.0389 [0.8750, 1.0000]
       synth-DAG (C(6,2)): N= 15 mean=0.9583 std=0.0589 [0.8750, 1.0000]

════════════════════════════════════════════════════════
 CROSS-family Jaccard distributions
════════════════════════════════════════════════════════
           canonical × ER: N= 24 mean=0.1210 std=0.1280 [0.0000, 0.3333]
           canonical × BA: (empty)
          canonical × SBM: N= 24 mean=0.1173 std=0.1228 [0.0000, 0.3158]
          canonical × DAG: N= 24 mean=0.1127 std=0.1158 [0.0000, 0.2632]
                  ER × BA: (empty)
                 ER × SBM: N= 36 mean=0.9114 std=0.0520 [0.8125, 1.0000]
                 ER × DAG: N= 36 mean=0.9079 std=0.0525 [0.7500, 1.0000]
                 BA × SBM: (empty)
                 BA × DAG: (empty)
                SBM × DAG: N= 36 mean=0.9543 std=0.0459 [0.8125, 1.0000]

════════════════════════════════════════════════════════
 H_some_family_works test per generative family
════════════════════════════════════════════════════════
 Required for H1 on a family: within > 0.7 AND all crosses < 0.4

           ER: within_mean=0.8722 (>0.7: ✓); max_cross_mean=0.9114 (<0.4: ✗) → H1: not supported
           BA: within_mean=0.0000 (>0.7: ✗); max_cross_mean=0.0000 (<0.4: ✓) → H1: not supported
          SBM: within_mean=0.9450 (>0.7: ✓); max_cross_mean=0.9543 (<0.4: ✗) → H1: not supported
    synth-DAG: within_mean=0.9583 (>0.7: ✓); max_cross_mean=0.9543 (<0.4: ✗) → H1: not supported

 canonical-suite verdict (for reference):
   within_mean=0.2636 → already known to fail H1 threshold (Round 4)

--- end ---
