warning: associated function `any_axiom_has_hit_rate` is never used
   --> src\runtime\scheduler_rule.rs:257:19
    |
145 | impl RuleBasedScheduler {
    | ----------------------- associated function in this implementation
...
257 |     pub(crate) fn any_axiom_has_hit_rate(ctx: &SchedulerContext<'_>) -> bool {
    |                   ^^^^^^^^^^^^^^^^^^^^^^
    |
    = note: `#[warn(dead_code)]` (part of `#[warn(unused)]`) on by default

warning: using `.clone()` on a double reference, which returns `&String` instead of cloning the inner type
    --> src\lib.rs:5124:60
     |
5124 |             .filter(|id| self.instances.contains(&R::new(id.clone(), id.clone())))
     |                                                            ^^^^^^^^
     |
     = note: `#[warn(suspicious_double_ref_op)]` on by default

warning: using `.clone()` on a double reference, which returns `&String` instead of cloning the inner type
    --> src\lib.rs:5124:72
     |
5124 |             .filter(|id| self.instances.contains(&R::new(id.clone(), id.clone())))
     |                                                                        ^^^^^^^^

warning: `relatum-v2` (lib) generated 3 warnings
warning: function `build_generated` is never used
   --> examples\bridge_size4_scan.rs:179:4
    |
179 | fn build_generated(label: &str, edges: &[(String, String)]) -> HashSet<CanonicalForm> {
    |    ^^^^^^^^^^^^^^^
    |
    = note: `#[warn(dead_code)]` (part of `#[warn(unused)]`) on by default

warning: `relatum-v2` (example "bridge_size4_scan") generated 1 warning
    Finished `release` profile [optimized] target(s) in 0.02s
     Running `target\release\examples\bridge_size4_scan.exe`
════════════════════════════════════════════════════════
 Round 7 — sizes 4 scan
════════════════════════════════════════════════════════
 n_nodes=40  sample_count=400  top_m=100  seeds_per_family=3
 Compares size=2-3 (saturation regime) to size=4


 === size = 2 ===

    [ER_0] size 2 only: 82 edges, 4 canonicals (0.0s)
    [ER_1] size 2 only: 70 edges, 4 canonicals (0.0s)
    [ER_2] size 2 only: 84 edges, 4 canonicals (0.0s)
    [SBM_0] size 2 only: 98 edges, 4 canonicals (0.1s)
    [SBM_1] size 2 only: 99 edges, 4 canonicals (0.0s)
    [SBM_2] size 2 only: 101 edges, 4 canonicals (0.1s)
    [DAG_0] size 2 only: 118 edges, 4 canonicals (0.1s)
    [DAG_1] size 2 only: 117 edges, 4 canonicals (0.1s)
    [DAG_2] size 2 only: 122 edges, 4 canonicals (0.1s)
    [BP_0] size 2 only: 66 edges, 2 canonicals (0.0s)
    [BP_1] size 2 only: 59 edges, 2 canonicals (0.0s)
    [BP_2] size 2 only: 61 edges, 2 canonicals (0.0s)

 --- size=2 WITHIN ---
                        ER size=2: N= 3 mean=1.0000 std=0.0000 [1.0000, 1.0000]
                       SBM size=2: N= 3 mean=1.0000 std=0.0000 [1.0000, 1.0000]
                       DAG size=2: N= 3 mean=1.0000 std=0.0000 [1.0000, 1.0000]
                        BP size=2: N= 3 mean=1.0000 std=0.0000 [1.0000, 1.0000]

 --- size=2 CROSS ---
                  ER × SBM size=2: N= 9 mean=1.0000 std=0.0000 [1.0000, 1.0000]
                  ER × DAG size=2: N= 9 mean=1.0000 std=0.0000 [1.0000, 1.0000]
                   ER × BP size=2: N= 9 mean=0.5000 std=0.0000 [0.5000, 0.5000]
                 SBM × DAG size=2: N= 9 mean=1.0000 std=0.0000 [1.0000, 1.0000]
                  SBM × BP size=2: N= 9 mean=0.5000 std=0.0000 [0.5000, 0.5000]
                  DAG × BP size=2: N= 9 mean=0.5000 std=0.0000 [0.5000, 0.5000]

 *** size=2 OVERALL: within_mean=1.0000 cross_mean=0.7500 gap=0.2500 ***

 === size = 3 ===

    [ER_0] size 3 only: 82 edges, 12 canonicals (0.9s)
    [ER_1] size 3 only: 70 edges, 11 canonicals (0.3s)
    [ER_2] size 3 only: 84 edges, 11 canonicals (0.6s)
    [SBM_0] size 3 only: 98 edges, 12 canonicals (1.5s)
    [SBM_1] size 3 only: 99 edges, 11 canonicals (0.9s)
    [SBM_2] size 3 only: 101 edges, 11 canonicals (1.1s)
    [DAG_0] size 3 only: 118 edges, 10 canonicals (3.7s)
    [DAG_1] size 3 only: 117 edges, 11 canonicals (3.8s)
    [DAG_2] size 3 only: 122 edges, 11 canonicals (4.4s)
    [BP_0] size 3 only: 66 edges, 3 canonicals (0.3s)
    [BP_1] size 3 only: 59 edges, 3 canonicals (0.1s)
    [BP_2] size 3 only: 61 edges, 3 canonicals (0.1s)

 --- size=3 WITHIN ---
                        ER size=3: N= 3 mean=0.9444 std=0.0393 [0.9167, 1.0000]
                       SBM size=3: N= 3 mean=0.9444 std=0.0393 [0.9167, 1.0000]
                       DAG size=3: N= 3 mean=0.9394 std=0.0429 [0.9091, 1.0000]
                        BP size=3: N= 3 mean=1.0000 std=0.0000 [1.0000, 1.0000]

 --- size=3 CROSS ---
                  ER × SBM size=3: N= 9 mean=0.9630 std=0.0414 [0.9167, 1.0000]
                  ER × DAG size=3: N= 9 mean=0.9428 std=0.0565 [0.8333, 1.0000]
                   ER × BP size=3: N= 9 mean=0.2652 std=0.0107 [0.2500, 0.2727]
                 SBM × DAG size=3: N= 9 mean=0.9428 std=0.0565 [0.8333, 1.0000]
                  SBM × BP size=3: N= 9 mean=0.2652 std=0.0107 [0.2500, 0.2727]
                  DAG × BP size=3: N= 9 mean=0.2818 std=0.0129 [0.2727, 0.3000]

 *** size=3 OVERALL: within_mean=0.9571 cross_mean=0.6101 gap=0.3470 ***

 === size = 4 ===

    [ER_0] size 4 only: 82 edges, 40 canonicals (26.4s)
    [ER_1] size 4 only: 70 edges, 40 canonicals (5.6s)
    [ER_2] size 4 only: 84 edges, 39 canonicals (15.0s)
    [SBM_0] size 4 only: 98 edges, 42 canonicals (55.6s)
    [SBM_1] size 4 only: 99 edges, 47 canonicals (27.8s)
    [SBM_2] size 4 only: 101 edges, 44 canonicals (35.8s)
    [DAG_0] size 4 only: 118 edges, 42 canonicals (228.2s)
    [DAG_1] size 4 only: 117 edges, 40 canonicals (223.8s)
    [DAG_2] size 4 only: 122 edges, 36 canonicals (260.6s)
    [BP_0] size 4 only: 66 edges, 6 canonicals (7.9s)
    [BP_1] size 4 only: 59 edges, 7 canonicals (1.7s)
    [BP_2] size 4 only: 61 edges, 7 canonicals (2.0s)

 --- size=4 WITHIN ---
                        ER size=4: N= 3 mean=0.7634 std=0.0237 [0.7391, 0.7955]
                       SBM size=4: N= 3 mean=0.8998 std=0.0275 [0.8696, 0.9362]
                       DAG size=4: N= 3 mean=0.7756 std=0.0266 [0.7447, 0.8095]
                        BP size=4: N= 3 mean=0.9048 std=0.0673 [0.8571, 1.0000]

 --- size=4 CROSS ---
                  ER × SBM size=4: N= 9 mean=0.7833 std=0.0321 [0.7447, 0.8261]
                  ER × DAG size=4: N= 9 mean=0.7525 std=0.0630 [0.6522, 0.8636]
                   ER × BP size=4: N= 9 mean=0.1394 std=0.0117 [0.1220, 0.1500]
                 SBM × DAG size=4: N= 9 mean=0.8058 std=0.0486 [0.7333, 0.8696]
                  SBM × BP size=4: N= 9 mean=0.1276 std=0.0285 [0.0889, 0.1591]
                  DAG × BP size=4: N= 9 mean=0.1642 std=0.0209 [0.1395, 0.1944]

 *** size=4 OVERALL: within_mean=0.8359 cross_mean=0.4621 gap=0.3738 ***

--- end ---
