════════════════════════════════════════════════════════
 v2 decision-trace visualization on OQ#1 @ 1000 ticks
════════════════════════════════════════════════════════

Substrate state:
  axioms       : 13
  theories     : 4 (["t_0", "t_1", "t_2", "t_3"])
  L2 families  : 6

════════════════════════════════════════════════════════
 Theory: t_0
════════════════════════════════════════════════════════

──── Quality report: t_0 ────
  axioms: 10 (9 qualifying primary, 9 qualifying cross)
  primary rate:   mean=0.3759  min=0.1095
  cross-precision: mean=0.6835  min=0.4936  max=1.0000
  noise-family axioms: 4/10
  signal-family axioms: 3/10
  summary: Mixed
  family memberships:
    shape_conclusion_c0-2 [kind_conclusion_shared] 3/3 class=Mixed
    shape_conclusion_c1-0 [kind_conclusion_shared] 2/2 class=Mixed
    shape_conclusion_c2-0 [kind_conclusion_shared] 2/2 class=Mixed
    shape_premise_p0-0_p1-2 [kind_premise_shared] 4/4 class=Uniform
    shape_premise_p0-1 [kind_premise_shared] 1/3 class=Signal
    shape_premise_p0-1_p1-2 [kind_premise_shared] 2/2 class=Signal
  neighborhood: extends=["t_1"] parallel=["t_2", "t_3"]

──── Decision trace: t_0 ────
  Step 0 (Indeterminate?):  no
  Step 1 (Signal class?):   no
  Step 2 (extends Signal subset?):
    extends [t_1] which is Mixed → skip
  Step 3 (noise/uniform family?):  yes
    shape_premise_p0-0_p1-2 (Uniform, 4 members in theory)
  → FamilyDemote(shape_premise_p0-0_p1-2, Uniform) [Step 3, target = max(members_in_theory) tiebreak by id]

════════════════════════════════════════════════════════
 Theory: t_1
════════════════════════════════════════════════════════

──── Quality report: t_1 ────
  axioms: 6 (5 qualifying primary, 5 qualifying cross)
  primary rate:   mean=0.5863  min=0.4113
  cross-precision: mean=0.8354  min=0.7859  max=1.0000
  noise-family axioms: 0/6
  signal-family axioms: 3/6
  summary: Mixed
  family memberships:
    shape_conclusion_c0-2 [kind_conclusion_shared] 2/3 class=Mixed
    shape_conclusion_c1-0 [kind_conclusion_shared] 1/2 class=Mixed
    shape_conclusion_c2-0 [kind_conclusion_shared] 1/2 class=Mixed
    shape_premise_p0-1 [kind_premise_shared] 1/3 class=Signal
    shape_premise_p0-1_p1-2 [kind_premise_shared] 2/2 class=Signal
  neighborhood: extended_by=["t_0"] parallel=["t_2", "t_3"]

──── Decision trace: t_1 ────
  Step 0 (Indeterminate?):  no
  Step 1 (Signal class?):   no
  Step 2 (extends Signal subset?): no (focal extends no theory)
  Step 3 (noise/uniform family?):  no
  Step 4 (Mixed + few weak axioms?): no (primary=0.5863 < 0.60 repair gate)
  Step 5 (Mixed + Signal partner with near-disjoint signature?):
    partner t_2 (Signal): Jaccard = 2/5 = 0.4000 ≤ 0.5 → MATCH
  → Merge(t_2, Complementary) [Step 5 / Addendum 2 near-disjoint]

════════════════════════════════════════════════════════
 Theory: t_2
════════════════════════════════════════════════════════

──── Quality report: t_2 ────
  axioms: 3 (1 qualifying primary, 1 qualifying cross)
  primary rate:   mean=1.0000  min=1.0000
  cross-precision: mean=1.0000  min=1.0000  max=1.0000
  noise-family axioms: 0/3
  signal-family axioms: 1/3
  summary: Signal
  family memberships:
    shape_conclusion_c0-2 [kind_conclusion_shared] 1/3 class=Mixed
    shape_premise_p0-1_p1-2 [kind_premise_shared] 1/2 class=Signal
  neighborhood: parallel=["t_0", "t_1", "t_3"]

──── Decision trace: t_2 ────
  Step 0 (Indeterminate?):  no
  Step 1 (Signal class?):   yes
    cross_precision_mean = 1.0000 ≥ 0.95 → check HighQualityBoth merge candidates
    partner t_3 is Signal-class with cross_mean=1.0000 ≥ 0.95 → MATCH
  → Merge(t_3, HighQualityBoth) [Step 5.5 / Addendum 1]

════════════════════════════════════════════════════════
 Theory: t_3
════════════════════════════════════════════════════════

──── Quality report: t_3 ────
  axioms: 4 (3 qualifying primary, 3 qualifying cross)
  primary rate:   mean=0.9144  min=0.8476
  cross-precision: mean=1.0000  min=1.0000  max=1.0000
  noise-family axioms: 0/4
  signal-family axioms: 3/4
  summary: Signal
  family memberships:
    shape_conclusion_c0-2 [kind_conclusion_shared] 1/3 class=Mixed
    shape_premise_p0-1 [kind_premise_shared] 2/3 class=Signal
    shape_premise_p0-1_p1-2 [kind_premise_shared] 1/2 class=Signal
  neighborhood: parallel=["t_0", "t_1", "t_2"]

──── Decision trace: t_3 ────
  Step 0 (Indeterminate?):  no
  Step 1 (Signal class?):   yes
    cross_precision_mean = 1.0000 ≥ 0.95 → check HighQualityBoth merge candidates
    partner t_2 is Signal-class with cross_mean=1.0000 ≥ 0.95 → MATCH
  → Merge(t_2, HighQualityBoth) [Step 5.5 / Addendum 1]

════════════════════════════════════════════════════════
 Recommendation summary
════════════════════════════════════════════════════════
  t_0 → FamilyDemote { family_id: "shape_premise_p0-0_p1-2", family_class: Uniform }
  t_1 → Merge { partner_theory: "t_2", rationale: Complementary }
  t_2 → Merge { partner_theory: "t_3", rationale: HighQualityBoth }
  t_3 → Merge { partner_theory: "t_2", rationale: HighQualityBoth }

--- end ---
