warning: variable does not need to be mutable
    --> src\runtime\mod.rs:2581:13
     |
2581 |         let mut try_add = |seq_id: &str,
     |             ----^^^^^^^
     |             |
     |             help: remove this `mut`
     |
     = note: `#[warn(unused_mut)]` (part of `#[warn(unused)]`) on by default

warning: variable does not need to be mutable
    --> src\lib.rs:4618:9
     |
4618 |     let mut assign = |v: usize, remap: &mut HashMap<usize, usize>, next: &mut usize| -> usize {
     |         ----^^^^^^
     |         |
     |         help: remove this `mut`

warning: variable does not need to be mutable
    --> src\lib.rs:5154:9
     |
5154 |     let mut update = |byte: u8, h: &mut u64| {
     |         ----^^^^^^
     |         |
     |         help: remove this `mut`

warning: variable does not need to be mutable
    --> src\lib.rs:5158:9
     |
5158 |     let mut hash_u32 = |v: u32, h: &mut u64| {
     |         ----^^^^^^^^
     |         |
     |         help: remove this `mut`

warning: associated function `any_axiom_has_hit_rate` is never used
   --> src\runtime\mod.rs:418:8
    |
310 | impl RuleBasedScheduler {
    | ----------------------- associated function in this implementation
...
418 |     fn any_axiom_has_hit_rate(ctx: &SchedulerContext<'_>) -> bool {
    |        ^^^^^^^^^^^^^^^^^^^^^^
    |
    = note: `#[warn(dead_code)]` (part of `#[warn(unused)]`) on by default

warning: using `.clone()` on a double reference, which returns `&String` instead of cloning the inner type
    --> src\lib.rs:3420:60
     |
3420 |             .filter(|id| self.instances.contains(&R::new(id.clone(), id.clone())))
     |                                                            ^^^^^^^^
     |
     = note: `#[warn(suspicious_double_ref_op)]` on by default

warning: using `.clone()` on a double reference, which returns `&String` instead of cloning the inner type
    --> src\lib.rs:3420:72
     |
3420 |             .filter(|id| self.instances.contains(&R::new(id.clone(), id.clone())))
     |                                                                        ^^^^^^^^

warning: `relatum-v2` (lib) generated 7 warnings (run `cargo fix --lib -p relatum-v2` to apply 4 suggestions)
    Finished `release` profile [optimized] target(s) in 0.02s
     Running `target\release\examples\phase_alpha_theory_repair.exe`
=== ADR 0066 Phase Alpha-3+++ — counterexample-guided theory repair vs demote (1000 ticks per phase) ===
DEMOTE_THRESHOLD=0.5, REPAIR_AXIOM_THRESHOLD=0.2

############### Path A: demote (control, = Alpha-3+) ###############
tick=1000 episodes=110 theories=4 axioms=13

=== Tournament: A:Phase 0 (initial) ===
rank                      theory_id   axs qualifying    agg_hit_rate
   1                            t_2     3          1          1.0000
   2                            t_3     4          3          0.9136
   3                            t_1     6          5          0.5861
   4                            t_0    10          9          0.3757

--- Axiom breakdown: A:bottom theory before demote (t_0) ---
                                axiom_id   hit_rate  predictions
                          ax_reflexivity          —            0
                ax_tpl_v3_p0-0_p1-2_c0-2     0.1092        30706
                ax_tpl_v3_p0-0_p1-2_c2-0     0.1092        30706
                ax_tpl_v3_p0-0_p1-2_c0-1     0.1160        28906
                ax_tpl_v3_p0-0_p1-2_c1-0     0.1160        28906
                     ax_tpl_v2_p0-1_c1-0     0.4110         3810
                ax_tpl_v3_p0-1_p1-2_c2-0     0.4682         3345
                ax_tpl_v3_p0-1_p0-2_c1-2     0.5038         6647
                ax_tpl_v3_p0-1_p2-1_c0-2     0.5476         6109
                ax_tpl_v3_p0-1_p1-2_c0-2     1.0000         3345

--- A: retract whole theory 't_0' (rate 0.3757) — 16 edges removed ---

=== Tournament: A: after demote + 1000 ticks ===
rank                      theory_id   axs qualifying    agg_hit_rate
   1                            t_2     3          1          0.9992
   2                            t_3     4          3          0.8545
   3                            t_1     6          5          0.6664

############### Path B: repair (treatment) ###############
tick=1000 episodes=110 theories=4 axioms=13

=== Tournament: B:Phase 0 (initial) ===
rank                      theory_id   axs qualifying    agg_hit_rate
   1                            t_2     3          1          1.0000
   2                            t_3     4          3          0.9136
   3                            t_1     6          5          0.5861
   4                            t_0    10          9          0.3757

--- Axiom breakdown: B:bottom theory before repair (t_0) ---
                                axiom_id   hit_rate  predictions
                          ax_reflexivity          —            0
                ax_tpl_v3_p0-0_p1-2_c0-2     0.1092        30706
                ax_tpl_v3_p0-0_p1-2_c2-0     0.1092        30706
                ax_tpl_v3_p0-0_p1-2_c0-1     0.1160        28906
                ax_tpl_v3_p0-0_p1-2_c1-0     0.1160        28906
                     ax_tpl_v2_p0-1_c1-0     0.4110         3810
                ax_tpl_v3_p0-1_p1-2_c2-0     0.4682         3345
                ax_tpl_v3_p0-1_p0-2_c1-2     0.5038         6647
                ax_tpl_v3_p0-1_p2-1_c0-2     0.5476         6109
                ax_tpl_v3_p0-1_p1-2_c0-2     1.0000         3345

--- B: theory 't_0' (agg rate 0.3757) — repair will detach 4 axioms below 0.2 ---
    detach 'ax_tpl_v3_p0-0_p1-2_c0-2' from 't_0' (1 edges)
    detach 'ax_tpl_v3_p0-0_p1-2_c2-0' from 't_0' (1 edges)
    detach 'ax_tpl_v3_p0-0_p1-2_c0-1' from 't_0' (1 edges)
    detach 'ax_tpl_v3_p0-0_p1-2_c1-0' from 't_0' (1 edges)

=== Tournament: B: after repair + 1000 ticks ===
rank                      theory_id   axs qualifying    agg_hit_rate
   1                            t_2     3          1          0.9992
   2                            t_3     4          3          0.8545
   3                            t_0     6          5          0.6664
   4                            t_1     6          5          0.6664

=== Comparison ===
                         phase       mean        min  qual
     Phase 0 (both, identical)     0.7188     0.3757     4
      Path A: demote (control)     0.8401     0.6664     3
    Path B: repair (treatment)     0.7967     0.6664     4

=== Verdict ===
  demoted theory (A)        : t_0
  repaired axioms (B)       : 4 detached
  B: target theory 't_0' post-repair: rate=0.6664 qualifying=5
  Δ mean (B−A): -0.0434; Δ min (B−A): +0.0000; Δ qualifying (B−A): 1
  → NEGATIVE — repair underperforms demote on mean

--- end ---
