Date: 2026-04-23
Descriptor: gradient_refine (ADR 0026 probe)
Purpose:
    Test whether gradient descent over a continuous relaxation of
    edge selection can escape a local minimum that random resample
    (ADR 0017) does escape: a 2-chain representative embedded in a
    3-cycle, with a clean 2-chain available elsewhere in the data.

Mechanism version:
    ADR 0026 (GradientRefineConfig, gradient_refine_candidate,
    sigmoid-gated continuous relaxation, analytical gradient).
    Runner: v2/examples/gradient_refine.rs.

====================================================================
RAW OUTPUT
====================================================================

=== Input (embedded 2-chain inside 3-cycle) ===
  canonical: [(1, 2), (2, 0)]
  representative: ["R(k1,k2)", "R(k3,k1)"]  clean=false

=== ADR 0017 random refine ===
  representative: ["R(c2,c3)", "R(c3,c4)"]  clean=true

=== ADR 0026 gradient refine — default (steps=300, lr=0.5, α=1.0) ===
  representative: ["R(k1,k2)", "R(k3,k1)"]  clean=false  canonical_match=true

=== ADR 0026 gradient refine — heavier cleanness weight (α=5.0) ===
  representative: ["R(k1,k2)", "R(k3,k1)"]  clean=false  canonical_match=true

=== ADR 0026 gradient refine — more steps (1000) ===
  representative: ["R(k1,k2)", "R(k3,k1)"]  clean=false  canonical_match=true

=== ADR 0026 gradient refine — low init_scale (0.5, softer start) ===
  representative: ["R(k1,k2)", "R(k3,k1)"]  clean=false  canonical_match=true

====================================================================
VERDICT — HONEST
====================================================================

On the canonical hard case, **gradient descent stays stuck at the
embedded local minimum under every configuration tried.** Random
re-sample (ADR 0017) escapes to a clean 2-chain at `{c2, c3, c4}`.

====================================================================
WHY IT FAILS (ANALYSIS)
====================================================================

The gradient landscape around the initialization looks like this:

- Initial state: p_i ≈ 0.95 for the two embedded edges
  `R(k1,k2)` and `R(k3,k1)`; p_i ≈ 0.05 for all others.
- Edge-count loss `(Σp - k)²` is small (≈ 0.01) because Σp ≈ 1.9
  and k = 2.
- Cleanness loss: the third cycle edge `R(k2,k3)` has (1 - p) ≈
  0.95 and both its endpoints are "participants"
  (π(k2), π(k3) are high because the embedded edges touch them).
  Leak term `leak_j = 0.95 * π(k2) * π(k3) ≈ 0.6`.

Gradient options at this point:
1. Increase p of the third cycle edge → reduces leak term (because
   `(1-p_j)` drops). But this raises edge count Σp above k → edge-
   count loss increases.
2. Decrease p of embedded edges → reduces π(k2) and π(k3) → reduces
   leak. But Σp drops → edge-count loss rises.
3. Increase p of a DISTANT edge, e.g., `R(c2,c3)`. Gradient
   magnitude is tiny here because sigmoid at p ≈ 0.05 gives very
   small p(1-p) ≈ 0.05, so all partial derivatives through these
   edges are attenuated.

Options 1 and 2 are "retreat into cycle." Option 3 is "escape to
chain" but gradient is vanishing there. The optimizer rationally
picks a middle ground that doesn't change the top-k rounding.

After rounding: top-2 by p_i is still the original pair. Canonical
matches, but cleanness fails. Accept-only-on-improvement branch
rejects; original returned.

**This is the vanishing-gradient / poor-initialization failure
mode, standard in continuous optimization.**

====================================================================
IS THIS FATAL FOR GRADIENT DESCENT AS A TECHNIQUE?
====================================================================

Not universally. What it does tell us:

- **Naive gradient descent from "near the current answer"
  initialization cannot escape structural local minima.** This is a
  well-known limit of local continuous optimization.
- The right comparators are techniques that add *jumps* to
  gradient descent: basin hopping, simulated annealing, momentum
  with high temperature, stochastic gradient with periodic
  restarts. Random re-sample (ADR 0017) is essentially a
  zero-gradient, all-jumps strategy — and on this problem, that's
  the right trade-off.
- **For problems where "good" answers are close to the starting
  point**, gradient could still help. For example, refining a
  candidate that's already almost clean but has a suboptimal edge
  pick; gradient could nudge toward the nearby clean alternative.
  This probe does not demonstrate that use case but it remains
  plausible.

====================================================================
WHAT WORKED, WHAT DID NOT
====================================================================

Worked:
  - The continuous relaxation (sigmoid-gated edge selection).
  - The differentiable cleanness objective
    `(1 - p_j) · π(x_j) · π(y_j)`.
  - Analytical gradient (no autodiff crate, no numerical errors).
  - The accept-only-on-improvement guard — the refine never
    returns worse output than input.

Did not work:
  - Escaping local minima from an initialization that pre-commits
    to the non-clean representative.
  - Any of the four tried hyperparameter settings (defaults, heavy
    α, more steps, soft init).

====================================================================
DECISION — WHETHER TO PROMOTE
====================================================================

**Do not promote gradient_refine_candidate to production.** On the
one concrete hard case we targeted, it does not help. Random
re-sample handles the hard case fine and is already shipped as
ADR 0017.

The probe is left in the codebase as a reference implementation
of:
  - Sigmoid-gated edge relaxation.
  - Analytical gradient over a cleanness-penalty objective.
  - Accept-only-on-improvement discretization.

Anyone who later wants to revisit (e.g., with momentum, restart,
or a different objective) has a working starting point.

====================================================================
RESIDUAL HYPOTHESIS
====================================================================

The "continuous optimization of structural choices" idea is not
dead — it is just too narrow in this form to beat random re-sample
on structurally-remote local minima. If future v2 work deals with
**many interdependent small continuous choices** (e.g., pattern
scoring weights, relevance thresholds), gradient descent in those
domains could be very useful. It is the *discrete structural
choices* where it stumbles.

## DECISION / NEXT

ADR 0026 probe recorded with negative verdict on the targeted
case. No API change, no removal. Moving on.

====================================================================
UPDATE (later in the same session)
====================================================================

User asked to try more variants before fully concluding. Added two
follow-up probes:

1. **Uniform initialization** (`gradient_refine_from_uniform`):
   start with w = 0 everywhere (p = 0.5). Deterministic.
2. **Multi-start** (`gradient_refine_multistart`): try N random
   initializations, return first clean match.

Results on the same "embedded 2-chain inside 3-cycle" case:

```
=== Follow-up 1: gradient from uniform (w=0) ===
  not found (rounded result does not match or is not clean)

=== Follow-up 2: multi-start ===
  n_starts=  3   not found
  n_starts= 10   not found
  n_starts= 30   found  {R(c1,c2), R(c2,c3)}  clean=true
  n_starts=100   found  {R(c1,c2), R(c2,c3)}  clean=true
```

**Verdict: REVISED.** Multi-start DOES find a clean solution with
enough random restarts (30+ on this case). The single-start
failure was due to initialization landing in a local minimum;
enough restarts escape it.

### Cost comparison vs random re-sample

- Random re-sample (ADR 0017) `max_tries=200`: typically succeeds
  on first few tries (budget ~200 random-walk samples).
- Multi-start gradient: n_starts=30 × steps=300 = 9 000 gradient
  evaluations. Each gradient step costs O(|data| + |id| · avg
  touching). For a 14-edge graph: roughly comparable per-op cost,
  so 9 000 gradient steps vs 200 random walks is a ~45× cost ratio
  in favor of random re-sample on this size.
- Uniform init is deterministic but finds nothing — the objective's
  landscape from the symmetric midpoint (p = 0.5) has no natural
  gradient toward the clean chain.

### Revised assessment

- The "fundamental dead end" conclusion was too strong. Gradient
  descent can find clean answers *given enough random restarts*.
- On this specific structure (small graph, clear discrete
  neighborhoods), random re-sample is cheaper per successful
  attempt — gradient needs thousands of gradient evaluations vs
  hundreds of random walks.
- Gradient's potential use case remains plausible but unproven
  here: **large graphs where random walks have low hit rates, and
  the smooth objective can guide the search efficiently**. Not
  demonstrated in this probe.

### What to promote

- `gradient_refine_candidate` (single-start from rep): unchanged,
  still stuck on this case, still useful only as reference.
- `gradient_refine_from_uniform`: kept as primitive for future
  experimentation; doesn't help on this case.
- `gradient_refine_multistart`: **kept and tested**. Not the
  default production path, but a genuine option for callers that
  want gradient-based search with enough budget.
- Random re-sample (ADR 0017): remains the default refinement.

### Deeper takeaway

The initial negative verdict was premature — I stopped at the
first variant. Multi-start flips the answer from "useless" to
"usable with budget." The user's prompt to "再试试其他方案" was the
right methodological move. Future probes should include
multi-start / random restart variants by default before declaring
a technique dead.
