warning: associated function `any_axiom_has_hit_rate` is never used
   --> src\runtime\scheduler_rule.rs:243:19
    |
131 | impl RuleBasedScheduler {
    | ----------------------- associated function in this implementation
...
243 |     pub(crate) fn any_axiom_has_hit_rate(ctx: &SchedulerContext<'_>) -> bool {
    |                   ^^^^^^^^^^^^^^^^^^^^^^
    |
    = note: `#[warn(dead_code)]` (part of `#[warn(unused)]`) on by default

warning: using `.clone()` on a double reference, which returns `&String` instead of cloning the inner type
    --> src\lib.rs:4653:60
     |
4653 |             .filter(|id| self.instances.contains(&R::new(id.clone(), id.clone())))
     |                                                            ^^^^^^^^
     |
     = note: `#[warn(suspicious_double_ref_op)]` on by default

warning: using `.clone()` on a double reference, which returns `&String` instead of cloning the inner type
    --> src\lib.rs:4653:72
     |
4653 |             .filter(|id| self.instances.contains(&R::new(id.clone(), id.clone())))
     |                                                                        ^^^^^^^^

warning: `relatum-v2` (lib) generated 3 warnings
   Compiling relatum-v2 v0.1.0 (E:\projects\Relatum\v2)
    Finished `release` profile [optimized] target(s) in 0.97s
     Running `target\release\examples\phase_c3_prep_chain_predicate.exe`
=== C.3 prep — chain-pattern predicate empirical test ===

[1] POSITIVE: 5-step successor chain (G.1 style)
    edges:  5 (chain[i+1] → chain[i])
    nodes:  6
    is_chain_subgraph → Some(5)
    expected: Some(5) → ✓

[2] NEGATIVE: 3-node out-star (hub → 2 spokes)
    is_chain_subgraph → None
    expected: None → ✓

[3] NEGATIVE: 3-node directed cycle
    is_chain_subgraph → None
    expected: None → ✓

[4] POSITIVE: chain of length 1 (single edge)
    is_chain_subgraph → Some(1)
    expected: Some(1) → ✓

[5] NEGATIVE: branching chain (a→b, b→c, b→d)
    is_chain_subgraph → None
    expected: None → ✓

════════════════════════════════════════════════════════
  Predicate test results: 5/5 pass

  → POSITIVE: is_chain_subgraph predicate is well-defined
    and produces correct results on all test cases.

  Next steps for C.3a (DEFERRED per C.3_prep.md):
    1. Build a chain-rich substrate (engineered or otherwise)
    2. Run motif discovery on it
    3. Apply this predicate to discovered motifs
    4. Verify that motif discovery surfaces chains as patterns

--- end ---
