warning: associated function `any_axiom_has_hit_rate` is never used
   --> src\runtime\scheduler_rule.rs:243:19
    |
131 | impl RuleBasedScheduler {
    | ----------------------- associated function in this implementation
...
243 |     pub(crate) fn any_axiom_has_hit_rate(ctx: &SchedulerContext<'_>) -> bool {
    |                   ^^^^^^^^^^^^^^^^^^^^^^
    |
    = note: `#[warn(dead_code)]` (part of `#[warn(unused)]`) on by default

warning: using `.clone()` on a double reference, which returns `&String` instead of cloning the inner type
    --> src\lib.rs:3882:60
     |
3882 |             .filter(|id| self.instances.contains(&R::new(id.clone(), id.clone())))
     |                                                            ^^^^^^^^
     |
     = note: `#[warn(suspicious_double_ref_op)]` on by default

warning: using `.clone()` on a double reference, which returns `&String` instead of cloning the inner type
    --> src\lib.rs:3882:72
     |
3882 |             .filter(|id| self.instances.contains(&R::new(id.clone(), id.clone())))
     |                                                                        ^^^^^^^^

warning: `relatum-v2` (lib) generated 3 warnings
   Compiling relatum-v2 v0.1.0 (E:\projects\Relatum\v2)
    Finished `release` profile [optimized] target(s) in 1.33s
     Running `target\release\examples\phase_f21_quality_aware_merge.exe`
=== Phase F.2.1 — Quality-aware merge selector ===

=== Cross-precision quality (excluding self) ===
  t_0: 0.3248 FAIL (below floor)
  t_1: 0.6832 PASS
  t_2: 1.0000 PASS
  t_3: 1.0000 PASS

(quality floor = 0.5)

=== Pairwise candidates ===
         a          b      complement     a_qual     b_qual
       t_0        t_1          0.1667     0.3248     0.6832 rejected
       t_0        t_2          0.6667     0.3248     1.0000 rejected
       t_0        t_3          0.5000     0.3248     1.0000 rejected
       t_1        t_2          0.6000     0.6832     1.0000 ELIGIBLE
       t_1        t_3          0.4000     0.6832     1.0000 ELIGIBLE
       t_2        t_3          0.3333     1.0000     1.0000 ELIGIBLE

=== Verdict ===
  POSITIVE — best quality-aware merge candidate: (t_1, t_2) at complementarity 0.6000

  Comparison with prior selectors:
    Alpha-3++++ Jaccard:    (t_0, t_1)   ← subset+noise (wrong)
    Alpha-5 smart:          (t_2, t_3)
    F.2 raw complementarity: (t_0, t_2)   ← caveat: t_0 noisy
    F.3 cross-precision:    (t_2, t_3)
    F.2.1 (this):           (t_1, t_2)   ← quality + complementarity composite

  → distinct from prior selectors; F.2.1 occupies a unique slot in the merge family

--- end ---
