warning: associated function `any_axiom_has_hit_rate` is never used
   --> src\runtime\scheduler_rule.rs:243:19
    |
131 | impl RuleBasedScheduler {
    | ----------------------- associated function in this implementation
...
243 |     pub(crate) fn any_axiom_has_hit_rate(ctx: &SchedulerContext<'_>) -> bool {
    |                   ^^^^^^^^^^^^^^^^^^^^^^
    |
    = note: `#[warn(dead_code)]` (part of `#[warn(unused)]`) on by default

warning: using `.clone()` on a double reference, which returns `&String` instead of cloning the inner type
    --> src\lib.rs:3882:60
     |
3882 |             .filter(|id| self.instances.contains(&R::new(id.clone(), id.clone())))
     |                                                            ^^^^^^^^
     |
     = note: `#[warn(suspicious_double_ref_op)]` on by default

warning: using `.clone()` on a double reference, which returns `&String` instead of cloning the inner type
    --> src\lib.rs:3882:72
     |
3882 |             .filter(|id| self.instances.contains(&R::new(id.clone(), id.clone())))
     |                                                                        ^^^^^^^^

warning: `relatum-v2` (lib) generated 3 warnings
   Compiling relatum-v2 v0.1.0 (E:\projects\Relatum\v2)
warning: unused import: `R`
  --> examples\phase_f11_family_quality.rs:31:5
   |
31 |     R, RSet,
   |     ^
   |
   = note: `#[warn(unused_imports)]` (part of `#[warn(unused)]`) on by default

warning: `relatum-v2` (example "phase_f11_family_quality") generated 1 warning (run `cargo fix --example "phase_f11_family_quality" -p relatum-v2` to apply 1 suggestion)
    Finished `release` profile [optimized] target(s) in 1.05s
     Running `target\release\examples\phase_f11_family_quality.exe`
=== Phase F.1.1 — Per-axiom cross-precision in family discovery ===

substrates: 4 (one per theory)
families discovered: 6

=== Family quality summary ===
family                               n_mem       mean        std        min        max
shape_conclusion_c2-0                    2     0.6415     0.1479     0.4936     0.7894
shape_premise_p0-1_p1-2                  2     0.8947     0.1053     0.7894     1.0000
shape_premise_p0-0_p1-2                  4     0.4936     0.0000     0.4936     0.4936
shape_conclusion_c1-0                    2     0.6415     0.1479     0.4936     0.7894
shape_conclusion_c0-2                    3     0.7598     0.2076     0.4936     1.0000
shape_premise_p0-1                       3     0.9298     0.0993     0.7894     1.0000

=== Classification ===
(thresholds: mean ≥ 0.80 = high; std < 0.05 = uniform)
  [signal]  shape_premise_p0-1_p1-2: mean=0.8947
  [noise]   shape_premise_p0-0_p1-2: mean=0.4936
  [uniform] shape_premise_p0-0_p1-2: std=0.0000
  [signal]  shape_premise_p0-1: mean=0.9298

=== Verdict ===
  2 signal families, 1 noise family, 1 uniform family

  POSITIVE — quality dimension separates noise from signal families.
  Beta-1's structural classification + F.1.1 quality = full 2D classification of axiom families.

--- end ---
