warning: associated function `any_axiom_has_hit_rate` is never used
   --> src\runtime\scheduler_rule.rs:243:19
    |
131 | impl RuleBasedScheduler {
    | ----------------------- associated function in this implementation
...
243 |     pub(crate) fn any_axiom_has_hit_rate(ctx: &SchedulerContext<'_>) -> bool {
    |                   ^^^^^^^^^^^^^^^^^^^^^^
    |
    = note: `#[warn(dead_code)]` (part of `#[warn(unused)]`) on by default

warning: using `.clone()` on a double reference, which returns `&String` instead of cloning the inner type
    --> src\lib.rs:3882:60
     |
3882 |             .filter(|id| self.instances.contains(&R::new(id.clone(), id.clone())))
     |                                                            ^^^^^^^^
     |
     = note: `#[warn(suspicious_double_ref_op)]` on by default

warning: using `.clone()` on a double reference, which returns `&String` instead of cloning the inner type
    --> src\lib.rs:3882:72
     |
3882 |             .filter(|id| self.instances.contains(&R::new(id.clone(), id.clone())))
     |                                                                        ^^^^^^^^

warning: `relatum-v2` (lib) generated 3 warnings
   Compiling relatum-v2 v0.1.0 (E:\projects\Relatum\v2)
warning: unused import: `R`
  --> examples\phase_d5_engineered_disagreement.rs:29:5
   |
29 |     R, RSet,
   |     ^
   |
   = note: `#[warn(unused_imports)]` (part of `#[warn(unused)]`) on by default

warning: `relatum-v2` (example "phase_d5_engineered_disagreement") generated 1 warning (run `cargo fix --example "phase_d5_engineered_disagreement" -p relatum-v2` to apply 1 suggestion)
    Finished `release` profile [optimized] target(s) in 1.24s
     Running `target\release\examples\phase_d5_engineered_disagreement.exe`
=== Phase D.5 — Per-axiom primary-rate vs cross-precision disagreement ===

=== Per-axiom data ===
axiom                                  primary      cross       diff     family
ax_tpl_v2_p0-1_c1-1                     0.8476     1.0000     0.1524 shape_premise_p0-1   
ax_tpl_v3_p0-0_p1-2_c0-1                0.1162     0.4936     0.3774 shape_premise_p0-0_p1-2  *
ax_tpl_v3_p0-1_p0-2_c1-2                0.5044     0.8125     0.3081 —  *
ax_tpl_v3_p0-1_p2-1_c0-2                0.5477     0.7859     0.2382 shape_conclusion_c0-2   
ax_tpl_v3_p0-1_p1-2_c2-0                0.4679     0.7894     0.3214 shape_conclusion_c2-0, shape_premise_p0-1_p1-2  *
ax_tpl_v2_p0-1_c1-0                     0.4113     0.7894     0.3780 shape_conclusion_c1-0, shape_premise_p0-1  *
ax_tpl_v3_p0-0_p1-2_c0-2                0.1095     0.4936     0.3841 shape_conclusion_c0-2, shape_premise_p0-0_p1-2  *
ax_tpl_v3_p0-1_p1-2_c0-2                1.0000     1.0000     0.0000 shape_conclusion_c0-2, shape_premise_p0-1_p1-2   
ax_tpl_v3_p0-0_p1-2_c2-0                0.1095     0.4936     0.3841 shape_conclusion_c2-0, shape_premise_p0-0_p1-2  *
ax_tpl_v3_p0-0_p1-2_c1-0                0.1162     0.4936     0.3774 shape_conclusion_c1-0, shape_premise_p0-0_p1-2  *
ax_tpl_v2_p0-1_c0-0                     0.8958     1.0000     0.1042 shape_premise_p0-1   

=== Correlation ===
  Pearson r(primary, cross) over 11 axioms: 0.9776

=== Disagreements (|primary - cross| ≥ 0.3) ===
  ax_tpl_v3_p0-0_p1-2_c0-1: primary=0.1162, cross=0.4936
  ax_tpl_v3_p0-1_p0-2_c1-2: primary=0.5044, cross=0.8125
  ax_tpl_v3_p0-1_p1-2_c2-0: primary=0.4679, cross=0.7894
  ax_tpl_v2_p0-1_c1-0: primary=0.4113, cross=0.7894
  ax_tpl_v3_p0-0_p1-2_c0-2: primary=0.1095, cross=0.4936
  ax_tpl_v3_p0-0_p1-2_c2-0: primary=0.1095, cross=0.4936
  ax_tpl_v3_p0-0_p1-2_c1-0: primary=0.1162, cross=0.4936

=== Verdict ===
  POSITIVE — 7 axioms exhibit primary/cross disagreement on OQ#1.
  D.3.1's NULL was at the THEORY layer; D.5 finds disagreement at the AXIOM layer.
  Interpretation: primary rate and cross-precision arbitrate per-axiom even when
  theory-level rankings agree. Composite signal is meaningful at fine granularity.

--- end ---
