warning: variable does not need to be mutable
    --> src\runtime\mod.rs:2572:13
     |
2572 |         let mut try_add = |seq_id: &str,
     |             ----^^^^^^^
     |             |
     |             help: remove this `mut`
     |
     = note: `#[warn(unused_mut)]` (part of `#[warn(unused)]`) on by default

warning: variable does not need to be mutable
    --> src\lib.rs:4568:9
     |
4568 |     let mut assign = |v: usize, remap: &mut HashMap<usize, usize>, next: &mut usize| -> usize {
     |         ----^^^^^^
     |         |
     |         help: remove this `mut`

warning: variable does not need to be mutable
    --> src\lib.rs:5070:9
     |
5070 |     let mut update = |byte: u8, h: &mut u64| {
     |         ----^^^^^^
     |         |
     |         help: remove this `mut`

warning: variable does not need to be mutable
    --> src\lib.rs:5074:9
     |
5074 |     let mut hash_u32 = |v: u32, h: &mut u64| {
     |         ----^^^^^^^^
     |         |
     |         help: remove this `mut`

warning: associated function `any_axiom_has_hit_rate` is never used
   --> src\runtime\mod.rs:418:8
    |
310 | impl RuleBasedScheduler {
    | ----------------------- associated function in this implementation
...
418 |     fn any_axiom_has_hit_rate(ctx: &SchedulerContext<'_>) -> bool {
    |        ^^^^^^^^^^^^^^^^^^^^^^
    |
    = note: `#[warn(dead_code)]` (part of `#[warn(unused)]`) on by default

warning: using `.clone()` on a double reference, which returns `&String` instead of cloning the inner type
    --> src\lib.rs:3370:60
     |
3370 |             .filter(|id| self.instances.contains(&R::new(id.clone(), id.clone())))
     |                                                            ^^^^^^^^
     |
     = note: `#[warn(suspicious_double_ref_op)]` on by default

warning: using `.clone()` on a double reference, which returns `&String` instead of cloning the inner type
    --> src\lib.rs:3370:72
     |
3370 |             .filter(|id| self.instances.contains(&R::new(id.clone(), id.clone())))
     |                                                                        ^^^^^^^^

warning: `relatum-v2` (lib) generated 7 warnings (run `cargo fix --lib -p relatum-v2` to apply 4 suggestions)
   Compiling relatum-v2 v0.1.0 (E:\projects\Relatum\v2)
    Finished `release` profile [optimized] target(s) in 0.78s
     Running `target\release\examples\phase_alpha_baseline_timed.exe`
=== Phase Alpha — baseline timed run (HORIZON=2000, 100-tick chunks, no intervention) ===
  chunk  1/20: tick= 100 episodes= 22 axioms=11 theories=3 elapsed=  0.18s (  1.8ms/tick)
  chunk  2/20: tick= 200 episodes= 34 axioms=13 theories=4 elapsed=  0.19s (  1.9ms/tick)
  chunk  3/20: tick= 300 episodes= 46 axioms=13 theories=4 elapsed=  0.56s (  5.6ms/tick)
  chunk  4/20: tick= 400 episodes= 65 axioms=13 theories=4 elapsed=  1.12s ( 11.2ms/tick)
  chunk  5/20: tick= 500 episodes= 80 axioms=13 theories=4 elapsed=  1.72s ( 17.2ms/tick)
  chunk  6/20: tick= 600 episodes= 86 axioms=13 theories=4 elapsed=  1.97s ( 19.7ms/tick)
  chunk  7/20: tick= 700 episodes= 92 axioms=13 theories=4 elapsed=  2.97s ( 29.7ms/tick)
  chunk  8/20: tick= 800 episodes= 98 axioms=13 theories=4 elapsed=  4.48s ( 44.8ms/tick)
  chunk  9/20: tick= 900 episodes=104 axioms=13 theories=4 elapsed=  6.19s ( 61.9ms/tick)
  chunk 10/20: tick=1000 episodes=110 axioms=13 theories=4 elapsed=  8.77s ( 87.7ms/tick)
  chunk 11/20: tick=1100 episodes=126 axioms=13 theories=4 elapsed= 16.69s (166.9ms/tick)
  chunk 12/20: tick=1200 episodes=142 axioms=13 theories=4 elapsed= 22.38s (223.8ms/tick)
error: process didn't exit successfully: `target\release\examples\phase_alpha_baseline_timed.exe` (exit code: 1)
