warning: variable does not need to be mutable
    --> src\runtime\mod.rs:2581:13
     |
2581 |         let mut try_add = |seq_id: &str,
     |             ----^^^^^^^
     |             |
     |             help: remove this `mut`
     |
     = note: `#[warn(unused_mut)]` (part of `#[warn(unused)]`) on by default

warning: variable does not need to be mutable
    --> src\lib.rs:4584:9
     |
4584 |     let mut assign = |v: usize, remap: &mut HashMap<usize, usize>, next: &mut usize| -> usize {
     |         ----^^^^^^
     |         |
     |         help: remove this `mut`

warning: variable does not need to be mutable
    --> src\lib.rs:5120:9
     |
5120 |     let mut update = |byte: u8, h: &mut u64| {
     |         ----^^^^^^
     |         |
     |         help: remove this `mut`

warning: variable does not need to be mutable
    --> src\lib.rs:5124:9
     |
5124 |     let mut hash_u32 = |v: u32, h: &mut u64| {
     |         ----^^^^^^^^
     |         |
     |         help: remove this `mut`

warning: associated function `any_axiom_has_hit_rate` is never used
   --> src\runtime\mod.rs:418:8
    |
310 | impl RuleBasedScheduler {
    | ----------------------- associated function in this implementation
...
418 |     fn any_axiom_has_hit_rate(ctx: &SchedulerContext<'_>) -> bool {
    |        ^^^^^^^^^^^^^^^^^^^^^^
    |
    = note: `#[warn(dead_code)]` (part of `#[warn(unused)]`) on by default

warning: using `.clone()` on a double reference, which returns `&String` instead of cloning the inner type
    --> src\lib.rs:3386:60
     |
3386 |             .filter(|id| self.instances.contains(&R::new(id.clone(), id.clone())))
     |                                                            ^^^^^^^^
     |
     = note: `#[warn(suspicious_double_ref_op)]` on by default

warning: using `.clone()` on a double reference, which returns `&String` instead of cloning the inner type
    --> src\lib.rs:3386:72
     |
3386 |             .filter(|id| self.instances.contains(&R::new(id.clone(), id.clone())))
     |                                                                        ^^^^^^^^

warning: `relatum-v2` (lib) generated 7 warnings (run `cargo fix --lib -p relatum-v2` to apply 4 suggestions)
warning: variable `hN` should have a snake case name
   --> examples\phase_alpha_theory_demote_loop_n.rs:317:9
    |
317 |     let hN = history.last().expect("history non-empty");
    |         ^^ help: convert the identifier to snake case: `h_n`
    |
    = note: `#[warn(non_snake_case)]` (part of `#[warn(nonstandard_style)]`) on by default

warning: `relatum-v2` (example "phase_alpha_theory_demote_loop_n") generated 1 warning
    Finished `release` profile [optimized] target(s) in 0.02s
     Running `target\release\examples\phase_alpha_theory_demote_loop_n.exe`
=== ADR 0066 Phase Alpha-3++ — multi-round iterative theory demotion (3 iterations × 1000 ticks) ===
DEMOTE_THRESHOLD = 0.5

--- Phase 0: initial discovery (1000 ticks) ---
tick=1000 episodes=110 theories=4 axioms=13

=== Tournament: Phase 0 (initial) ===
rank                      theory_id   axs qualifying    agg_hit_rate
   1                            t_2     3          1          1.0000
   2                            t_3     4          3          0.9136
   3                            t_1     6          5          0.5861
   4                            t_0    10          9          0.3757

--- Iteration 1: retract 't_0' (rate 0.3757) — 16 edges removed ---

=== Tournament: After iter 1 (1000 ticks) ===
rank                      theory_id   axs qualifying    agg_hit_rate
   1                            t_2     3          1          0.9992
   2                            t_3     4          3          0.8545
   3                            t_1     6          5          0.6664
  (theory 't_0' did NOT resurface)

--- Iteration 2: lowest theory 't_1' has rate 0.6664 ≥ threshold 0.5 — converged, no further demote ---

=== Tournament: After iter 2 (no demote, ran 1000 ticks) ===
rank                      theory_id   axs qualifying    agg_hit_rate
   1                            t_2     3          1          0.9992
   2                            t_3     4          3          0.8545
   3                            t_1     6          5          0.6664

=== Iteration history ===
 iter       mean        min  qual         demoted     Δ_mean
    0     0.7188     0.3757     4               —          —
    1     0.8401     0.6664     3             t_0    +0.1212
    2     0.8401     0.6664     3               —    +0.0000

=== Verdict ===
  initial: mean=0.7188 min=0.3757 qualifying=4
  final:   mean=0.8401 min=0.6664 qualifying=3
  Δ mean: +0.1212; Δ min: +0.2908
  total theories demoted: 1
  unique demote ids: {"t_0"}
  → system converged (no further demote candidate before max iterations)

--- end ---
