   Compiling relatum-v2 v0.1.0 (E:\projects\Relatum\v2)
warning: variable does not need to be mutable
    --> src\runtime\mod.rs:2581:13
     |
2581 |         let mut try_add = |seq_id: &str,
     |             ----^^^^^^^
     |             |
     |             help: remove this `mut`
     |
     = note: `#[warn(unused_mut)]` (part of `#[warn(unused)]`) on by default

warning: variable does not need to be mutable
    --> src\lib.rs:4584:9
     |
4584 |     let mut assign = |v: usize, remap: &mut HashMap<usize, usize>, next: &mut usize| -> usize {
     |         ----^^^^^^
     |         |
     |         help: remove this `mut`

warning: variable does not need to be mutable
    --> src\lib.rs:5120:9
     |
5120 |     let mut update = |byte: u8, h: &mut u64| {
     |         ----^^^^^^
     |         |
     |         help: remove this `mut`

warning: variable does not need to be mutable
    --> src\lib.rs:5124:9
     |
5124 |     let mut hash_u32 = |v: u32, h: &mut u64| {
     |         ----^^^^^^^^
     |         |
     |         help: remove this `mut`

warning: associated function `any_axiom_has_hit_rate` is never used
   --> src\runtime\mod.rs:418:8
    |
310 | impl RuleBasedScheduler {
    | ----------------------- associated function in this implementation
...
418 |     fn any_axiom_has_hit_rate(ctx: &SchedulerContext<'_>) -> bool {
    |        ^^^^^^^^^^^^^^^^^^^^^^
    |
    = note: `#[warn(dead_code)]` (part of `#[warn(unused)]`) on by default

warning: using `.clone()` on a double reference, which returns `&String` instead of cloning the inner type
    --> src\lib.rs:3386:60
     |
3386 |             .filter(|id| self.instances.contains(&R::new(id.clone(), id.clone())))
     |                                                            ^^^^^^^^
     |
     = note: `#[warn(suspicious_double_ref_op)]` on by default

warning: using `.clone()` on a double reference, which returns `&String` instead of cloning the inner type
    --> src\lib.rs:3386:72
     |
3386 |             .filter(|id| self.instances.contains(&R::new(id.clone(), id.clone())))
     |                                                                        ^^^^^^^^

warning: `relatum-v2` (lib) generated 7 warnings (run `cargo fix --lib -p relatum-v2` to apply 4 suggestions)
    Finished `release` profile [optimized] target(s) in 8.95s
     Running `target\release\examples\phase_d_battery.exe`
=== ADR 0056 Phase F0 — D-battery (HORIZON=300) ===

=== seed: fan_only ===
  tick  patterns  theories established shared.ax  mm.tries mm.hits  episodes lifecycle
     0         5         0           5         0         0       0         0 Running
    50         7         1           5         0         3       0         4 Sleeping
   100         7         1           5         0         3       0         4 Sleeping
   150         7         1           5         0         3       0         4 Sleeping
   200         7         1           5         0         3       0         4 Sleeping
   250         7         1           5         0         3       0         4 Sleeping
   300         7         1           5         0         3       0         4 Sleeping
verdict: CONVERGED (new patterns named: 2)

=== seed: diamond_poset ===
  tick  patterns  theories established shared.ax  mm.tries mm.hits  episodes lifecycle
     0         0         0           0         0         0       0         0 Running
    50         0         1           0         0         0       0         7 Sleeping
   100         0         1           0         0         0       0         7 Sleeping
   150         0         1           0         0         0       0         7 Sleeping
   200         0         1           0         0         0       0         7 Sleeping
   250         0         1           0         0         0       0         7 Sleeping
   300         0         1           0         0         0       0         7 Sleeping
verdict: CONVERGED (new patterns named: 0)

=== seed: bipartite_2_3 ===
  tick  patterns  theories established shared.ax  mm.tries mm.hits  episodes lifecycle
     0         0         0           0         0         0       0         0 Running
    50         2         1           0         0         0       0         5 Sleeping
   100         2         1           0         0         0       0         5 Sleeping
   150         2         1           0         0         0       0         5 Sleeping
   200         2         1           0         0         0       0         5 Sleeping
   250         2         1           0         0         0       0         5 Sleeping
   300         2         1           0         0         0       0         5 Sleeping
verdict: CONVERGED (new patterns named: 2)

=== seed: star_5 ===
  tick  patterns  theories established shared.ax  mm.tries mm.hits  episodes lifecycle
     0         0         0           0         0         0       0         0 Running
    50         1         1           0         0         0       0         5 Sleeping
   100         1         1           0         0         0       0         5 Sleeping
   150         1         1           0         0         0       0         5 Sleeping
   200         1         1           0         0         0       0         5 Sleeping
   250         1         1           0         0         0       0         5 Sleeping
   300         1         1           0         0         0       0         5 Sleeping
verdict: CONVERGED (new patterns named: 1)

=== seed: equivalence_3_classes ===
  tick  patterns  theories established shared.ax  mm.tries mm.hits  episodes lifecycle
     0         0         0           0         0         0       0         0 Running
    50         0         1           0         0         0       0         7 Sleeping
   100         0         1           0         0         0       0         7 Sleeping
   150         0         1           0         0         0       0         7 Sleeping
   200         0         1           0         0         0       0         7 Sleeping
   250         0         1           0         0         0       0         7 Sleeping
   300         0         1           0         0         0       0         7 Sleeping
verdict: CONVERGED (new patterns named: 0)

=== seed: disconnected_islands ===
  tick  patterns  theories established shared.ax  mm.tries mm.hits  episodes lifecycle
     0         0         0           0         0         0       0         0 Running
    50         0         1           0         0         0       0         7 Sleeping
   100         0         1           0         0         0       0         7 Sleeping
   150         0         1           0         0         0       0         7 Sleeping
   200         0         1           0         0         0       0         7 Sleeping
   250         0         1           0         0         0       0         7 Sleeping
   300         0         1           0         0         0       0         7 Sleeping
verdict: CONVERGED (new patterns named: 0)

=== seed: stream_diamond ===
  tick  patterns  theories established shared.ax  mm.tries mm.hits  episodes lifecycle
     0         0         0           0         0         0       0         0 Running
    50         0         3           0         6         0       0        23 Running
   100         0         4           0         7         0       0        35 Running
   150         3         4           0         7         3       0        47 Running
   200         0         4           0         7         5       0        61 Sleeping
   250         0         4           0         7         5       0        61 Sleeping
   300         0         4           0         7         5       0        61 Sleeping
verdict: CONVERGED (new patterns named: 0)

=== battery summary ===
                  seed         verdict   new patterns
              fan_only       CONVERGED              2
         diamond_poset       CONVERGED              0
         bipartite_2_3       CONVERGED              2
                star_5       CONVERGED              1
 equivalence_3_classes       CONVERGED              0
  disconnected_islands       CONVERGED              0
        stream_diamond       CONVERGED              0

--- end ---
