993 |             let mut trial = base.clone();
    = note: `#[warn(unused_mut)]` (part of `#[warn(unused)]`) on by default
993 |             let mut trial = base.clone();
    = note: `#[warn(unused_variables)]` (part of `#[warn(unused)]`) on by default
3168 |                 let op = |a: usize, b: usize| -> usize { table[a * n + b] };
3288 |             let mut target_axioms = String::new();
     = note: consider using `_target_axioms` instead
3285 |             let mut found_target = false;
     = help: maybe it is overwritten before being read?
     = note: `#[warn(unused_assignments)]` (part of `#[warn(unused)]`) on by default
3299 |                 target_axioms = "assoc+comm+id+inv".to_string();
     = help: maybe it is overwritten before being read?
415 |     let all_relations: Vec<(String, usize)> = engine.relation_defs()
    = note: `#[warn(unused_variables)]` (part of `#[warn(unused)]`) on by default
============================================================
  PROPERTY IMPLICATION ON NON-ASSOCIATIVE MAGMA
  (e0 is left identity but NOT right identity)
  32 facts, 10 rounds
============================================================
  Property assignments:
    has_property_1(e0, has_comm_witness)
    has_property_1(e0, idempotent)
    has_property_1(e0, left_id)
    has_property_1(e1, has_comm_witness)
    has_property_1(e2, has_comm_witness)
  Discovered implications:
    implies_observed(idempotent, has_comm_witness)
    implies_observed(idempotent, left_id)
    implies_observed(left_id, has_comm_witness)
    implies_observed(left_id, idempotent)
  Discovered equivalences:
    equivalent_observed(idempotent, left_id)
    equivalent_observed(left_id, idempotent)
  === KEY COMPARISON ===
  Z₃ (group):     equivalent_observed(left_id, right_id) = true
  This magma:     equivalent_observed(left_id, right_id) = false
  left_id instances:  [e0]
  right_id instances: []
  → No right identity exists in this magma.
  → implies_observed(left_id, right_id) = false (vacuous if right_id empty)
  The system distinguishes group from non-group
  by the structural relationship between left_id and right_id.
test test_property_implication_loop ... ok
test result: ok. 1 passed; 0 failed; 0 ignored; 0 measured; 19 filtered out; finished in 0.00s
