993 |             let mut trial = base.clone();
    = note: `#[warn(unused_mut)]` (part of `#[warn(unused)]`) on by default
993 |             let mut trial = base.clone();
    = note: `#[warn(unused_variables)]` (part of `#[warn(unused)]`) on by default
3168 |                 let op = |a: usize, b: usize| -> usize { table[a * n + b] };
3288 |             let mut target_axioms = String::new();
     = note: consider using `_target_axioms` instead
3285 |             let mut found_target = false;
     = help: maybe it is overwritten before being read?
     = note: `#[warn(unused_assignments)]` (part of `#[warn(unused)]`) on by default
3299 |                 target_axioms = "assoc+comm+id+inv".to_string();
     = help: maybe it is overwritten before being read?
415 |     let all_relations: Vec<(String, usize)> = engine.relation_defs()
    = note: `#[warn(unused_variables)]` (part of `#[warn(unused)]`) on by default
3700 |     let alg_strict = id_only_has("implies_observed(left_id, idempotent)")
╔════════════════════════════════════════════════════════════╗
║  PROPERTY SPACE ANALYSIS (3 domains)                     ║
╚════════════════════════════════════════════════════════════╝
  ┌─ Algebra (assoc+id, n=3) ─────────────────────────────────
  │ Properties: 6, Pairs: 15
  │
  │ AND: 15/15 degenerate (100%), 0 informative
  │   to_p=5, to_q=1, to_known=0, empty=9, universal=0
  │
  │ OR:  15/15 degenerate (100%), 0 informative
  │   to_p=6, to_q=5, to_known=0, empty=0, universal=4
  │
  │ Structure: hierarchical union-closed 
  └───────────────────────────────────────
  ┌─ Order (chain, n=4) ─────────────────────────────────
  │ Properties: 6, Pairs: 15
  │
  │ AND: 14/15 degenerate (93%), 1 informative
  │   to_p=3, to_q=1, to_known=2, empty=8, universal=0
  │
  │ OR:  15/15 degenerate (100%), 0 informative
  │   to_p=4, to_q=5, to_known=1, empty=0, universal=5
  │
  │ Structure: hierarchical union-closed 
  └───────────────────────────────────────
  ┌─ Set theory (powerset, n=8) ─────────────────────────────────
  │ Properties: 5, Pairs: 10
  │
  │ AND: 10/10 degenerate (100%), 0 informative
  │   to_p=8, to_q=1, to_known=0, empty=1, universal=0
  │
  │ OR:  10/10 degenerate (100%), 0 informative
  │   to_p=4, to_q=5, to_known=0, empty=0, universal=1
  │
  │ Structure: hierarchical union-closed 
  └───────────────────────────────────────
  ┌─ Cross-domain comparison ───────────────────────────────
  │                                 Algebra      Order        Set
  │ AND degenerate %                   100%        93%       100%
  │ OR degenerate %                    100%       100%       100%
  │ AND informative                       0          1          0
  │ OR informative                        0          0          0
  │ Hierarchical                       true       true       true
  │ Union-closed                       true       true       true
  └───────────────────────────────────────────────────────
  Meta-level observations (3 data points — low confidence):
    ★ Union-closed in ALL 3 domains.
      Tentative: property disjunction adds no new concepts
      when the property space is derived from a single structure.
    ★ Hierarchical in ALL 3 domains.
      Tentative: derived property spaces tend to form subset chains.
    ★ OR informative = 0 in ALL 3 domains.
      Tentative: disjunction is structurally less productive
      than conjunction+negation for concept discovery.
test test_property_space_analysis ... ok
test result: ok. 1 passed; 0 failed; 0 ignored; 0 measured; 34 filtered out; finished in 0.13s
