3028 |                 let op = |a: usize, b: usize| -> usize { table[a * n + b] };
     = note: `#[warn(unused_variables)]` (part of `#[warn(unused)]`) on by default
3148 |             let mut target_axioms = String::new();
     = note: consider using `_target_axioms` instead
3145 |             let mut found_target = false;
     = help: maybe it is overwritten before being read?
     = note: `#[warn(unused_assignments)]` (part of `#[warn(unused)]`) on by default
3159 |                 target_axioms = "assoc+comm+id+inv".to_string();
     = help: maybe it is overwritten before being read?
415 |     let all_relations: Vec<(String, usize)> = engine.relation_defs()
    = note: `#[warn(unused_variables)]` (part of `#[warn(unused)]`) on by default
============================================================
  PEANO CHAIN: Internal Proof of Maximal Element
  51 facts, 16 rounds
============================================================
  Chain constructed:
    chain(a, z)
    chain(b, s(z))
    chain(c, s(z))
    chain(d, s(z))
  Chain end: ["chain_end(d)"]
  has_maximal(): true
  Proof artifact: chain(a,0) → chain(?,1) → ... → chain_end(d)
  The engine constructed the proof internally.
  Same rules work on ANY finite poset given as input.
test test_peano_chain_maximality ... ok
test result: ok. 1 passed; 0 failed; 0 ignored; 0 measured; 12 filtered out; finished in 0.01s
