993 |             let mut trial = base.clone();
    = note: `#[warn(unused_mut)]` (part of `#[warn(unused)]`) on by default
993 |             let mut trial = base.clone();
    = note: `#[warn(unused_variables)]` (part of `#[warn(unused)]`) on by default
3168 |                 let op = |a: usize, b: usize| -> usize { table[a * n + b] };
3288 |             let mut target_axioms = String::new();
     = note: consider using `_target_axioms` instead
3285 |             let mut found_target = false;
     = help: maybe it is overwritten before being read?
     = note: `#[warn(unused_assignments)]` (part of `#[warn(unused)]`) on by default
3299 |                 target_axioms = "assoc+comm+id+inv".to_string();
     = help: maybe it is overwritten before being read?
415 |     let all_relations: Vec<(String, usize)> = engine.relation_defs()
    = note: `#[warn(unused_variables)]` (part of `#[warn(unused)]`) on by default
============================================================
  PHASE 6: ORDER THEORY PROPERTY IMPLICATIONS
  Properties: is_maximal, is_minimal, is_isolated, is_extremal
============================================================
  Total posets: 241 (238 with ordering)
  Implications (A → B) frequency across 241 posets:
    ★ is_maximal      → is_extremal     241/241 (100%)
    ★ is_minimal      → is_extremal     241/241 (100%)
      is_isolated     → is_maximal      69/241 (29%)
      is_isolated     → is_minimal      69/241 (29%)
      is_isolated     → is_extremal     69/241 (29%)
      is_maximal      → is_isolated     3/241 (1%)
      is_extremal     → is_minimal      3/241 (1%)
      is_extremal     → is_isolated     3/241 (1%)
      is_extremal     → is_maximal      3/241 (1%)
      is_maximal      → is_minimal      3/241 (1%)
      is_minimal      → is_isolated     3/241 (1%)
      is_minimal      → is_maximal      3/241 (1%)
  Equivalences (A ↔ B) frequency:
      is_extremal     ↔ is_minimal      3/241 (1%)
      is_isolated     ↔ is_minimal      3/241 (1%)
      is_maximal      ↔ is_minimal      3/241 (1%)
      is_maximal      ↔ is_extremal     3/241 (1%)
      is_maximal      ↔ is_isolated     3/241 (1%)
      is_extremal     ↔ is_isolated     3/241 (1%)
  Key findings:
    is_isolated → is_maximal: 69/241 (29%)
    is_isolated → is_minimal: 69/241 (29%)
test test_order_property_implications ... ok
test result: ok. 1 passed; 0 failed; 0 ignored; 0 measured; 21 filtered out; finished in 0.41s
