993 |             let mut trial = base.clone();
    = note: `#[warn(unused_mut)]` (part of `#[warn(unused)]`) on by default
993 |             let mut trial = base.clone();
    = note: `#[warn(unused_variables)]` (part of `#[warn(unused)]`) on by default
3168 |                 let op = |a: usize, b: usize| -> usize { table[a * n + b] };
3288 |             let mut target_axioms = String::new();
     = note: consider using `_target_axioms` instead
3285 |             let mut found_target = false;
     = help: maybe it is overwritten before being read?
     = note: `#[warn(unused_assignments)]` (part of `#[warn(unused)]`) on by default
3299 |                 target_axioms = "assoc+comm+id+inv".to_string();
     = help: maybe it is overwritten before being read?
415 |     let all_relations: Vec<(String, usize)> = engine.relation_defs()
    = note: `#[warn(unused_variables)]` (part of `#[warn(unused)]`) on by default
3700 |     let alg_strict = id_only_has("implies_observed(left_id, idempotent)")
============================================================
  NEGATE + AUTO COMBO SEARCH
============================================================
  Algebra (assoc+id):
    left_id            ext = ["e2"]
    right_id           ext = ["e2"]
    idempotent         ext = ["e0", "e1", "e2"]
    not_left_id        ext = ["e0", "e1"]
    not_right_id       ext = ["e0", "e1"]
    not_idempotent     ext = []
    Candidates with score > 0: 0
    Auto-constructed: []
  Order theory (chain a<b<c<d):
    is_maximal         ext = ["d"]
    is_minimal         ext = ["a"]
    is_extremal        ext = ["a", "d"]
    is_isolated        ext = []
    not_maximal        ext = ["a", "b", "c"]
    not_minimal        ext = ["c", "b", "d"]
    Candidates with score > 0: 3
      not_maximal ∧ is_extremal → score=0.2812 (positive)
      is_extremal ∧ not_minimal → score=0.2812 (positive)
      not_maximal ∧ not_minimal → score=0.1667 (positive)
  Summary:
    Before negation: 0 informative combos across all domains
    After negation:  0 (algebra), 3 (order)
    Negation creates orthogonal properties → informative intersections
test test_negate_and_combo ... ok
test result: ok. 1 passed; 0 failed; 0 ignored; 0 measured; 31 filtered out; finished in 0.03s
