3028 |                 let op = |a: usize, b: usize| -> usize { table[a * n + b] };
     = note: `#[warn(unused_variables)]` (part of `#[warn(unused)]`) on by default
3148 |             let mut target_axioms = String::new();
     = note: consider using `_target_axioms` instead
3145 |             let mut found_target = false;
     = help: maybe it is overwritten before being read?
     = note: `#[warn(unused_assignments)]` (part of `#[warn(unused)]`) on by default
3159 |                 target_axioms = "assoc+comm+id+inv".to_string();
     = help: maybe it is overwritten before being read?
415 |     let all_relations: Vec<(String, usize)> = engine.relation_defs()
    = note: `#[warn(unused_variables)]` (part of `#[warn(unused)]`) on by default
============================================================
  PROOF BY CONTRADICTION: AC + Closed Universe
============================================================
  Base: 9 facts, no contradiction ✓
  Assume ¬maximal(c): contradiction = true
  Assume ¬maximal(b): contradiction = true
    (expected: true — Skolem AC always creates NEW element)
    (limitation: can't reuse existing successor c)
  Result: ¬maximal(c) leads to contradiction.
  The engine derived this automatically from ONE assumption,
  using AC (Skolem successor) + closed universe (pigeonhole).
  No manual case analysis needed.
test test_proof_by_contradiction ... ok
test result: ok. 1 passed; 0 failed; 0 ignored; 0 measured; 11 filtered out; finished in 0.00s
