993 |             let mut trial = base.clone();
    = note: `#[warn(unused_mut)]` (part of `#[warn(unused)]`) on by default
993 |             let mut trial = base.clone();
    = note: `#[warn(unused_variables)]` (part of `#[warn(unused)]`) on by default
3168 |                 let op = |a: usize, b: usize| -> usize { table[a * n + b] };
3288 |             let mut target_axioms = String::new();
     = note: consider using `_target_axioms` instead
3285 |             let mut found_target = false;
     = help: maybe it is overwritten before being read?
     = note: `#[warn(unused_assignments)]` (part of `#[warn(unused)]`) on by default
3299 |                 target_axioms = "assoc+comm+id+inv".to_string();
     = help: maybe it is overwritten before being read?
415 |     let all_relations: Vec<(String, usize)> = engine.relation_defs()
    = note: `#[warn(unused_variables)]` (part of `#[warn(unused)]`) on by default
3700 |     let alg_strict = id_only_has("implies_observed(left_id, idempotent)")
============================================================
  EXTENSION SIMILARITY (Jaccard)
============================================================
  Z₃ group:
    similarity(left_id, idempotent, 1.0000)
    similarity(right_id, idempotent, 1.0000)
    similarity(right_id, left_id, 1.0000)
    similarity(right_id, two_sided_id, 1.0000)
    similarity(two_sided_id, idempotent, 1.0000)
    similarity(two_sided_id, left_id, 1.0000)
  property_similarity(left_id, right_id) = Some(1.0)
  Magma:
    similarity(idempotent, right_id, 0.0000)
    similarity(left_id, idempotent, 1.0000)
    similarity(left_id, right_id, 0.0000)
    similarity(two_sided_id, idempotent, 0.0000)
    similarity(two_sided_id, left_id, 0.0000)
  property_similarity(left_id, right_id) = Some(0.0)
  property_similarity(left_id, idempotent) = Some(1.0)
  property_similarity(two_sided_id, right_id) = None
  assoc+id class:
  ext(left_id) = ["e2"]
  ext(idempotent) = ["e2", "e0", "e1"]
  property_similarity(left_id, idempotent) = Some(0.3333333333333333)
  Summary:
    Same ext → similarity 1.0 ✓
    Disjoint (one empty) → similarity 0.0 ✓
    Both empty → similarity None ✓
    Partial overlap → similarity 0.33 ✓
test test_extension_similarity ... ok
test result: ok. 1 passed; 0 failed; 0 ignored; 0 measured; 28 filtered out; finished in 0.03s
