993 |             let mut trial = base.clone();
    = note: `#[warn(unused_mut)]` (part of `#[warn(unused)]`) on by default
993 |             let mut trial = base.clone();
    = note: `#[warn(unused_variables)]` (part of `#[warn(unused)]`) on by default
3168 |                 let op = |a: usize, b: usize| -> usize { table[a * n + b] };
3288 |             let mut target_axioms = String::new();
     = note: consider using `_target_axioms` instead
3285 |             let mut found_target = false;
     = help: maybe it is overwritten before being read?
     = note: `#[warn(unused_assignments)]` (part of `#[warn(unused)]`) on by default
3299 |                 target_axioms = "assoc+comm+id+inv".to_string();
     = help: maybe it is overwritten before being read?
415 |     let all_relations: Vec<(String, usize)> = engine.relation_defs()
    = note: `#[warn(unused_variables)]` (part of `#[warn(unused)]`) on by default
============================================================
  PROPERTIES AS FIRST-CLASS OBJECTS
  11 facts, 2 rounds
============================================================
  has_property_1(a, contains_empty)
  has_property_1(a, superset_of_empty)
  has_property_1(b, superset_of_empty)
  is_property(contains_empty)
  is_property(mutual_subset)
  is_property(superset_of_empty)
  member(empty, a)
  set(a)
  set(empty)
  subset(empty, a)
  subset(empty, b)
  Detection (formula → has_property):
    has_property_1(a, superset_of_empty): true
    has_property_1(b, superset_of_empty): true
    has_property_1(a, contains_empty): true
  Application (has_property → formula):
    hypothetical has_property_1(b, contains_empty)
    → member(empty, b): true
  Quantification over properties:
    has_property_1(a, ?p) matches both superset_of_empty and contains_empty
    a has 2 properties: ["contains_empty", "superset_of_empty"]
test test_property_first_class ... ok
test result: ok. 1 passed; 0 failed; 0 ignored; 0 measured; 16 filtered out; finished in 0.00s
