993 |             let mut trial = base.clone();
    = note: `#[warn(unused_mut)]` (part of `#[warn(unused)]`) on by default
993 |             let mut trial = base.clone();
    = note: `#[warn(unused_variables)]` (part of `#[warn(unused)]`) on by default
3168 |                 let op = |a: usize, b: usize| -> usize { table[a * n + b] };
3288 |             let mut target_axioms = String::new();
     = note: consider using `_target_axioms` instead
3285 |             let mut found_target = false;
     = help: maybe it is overwritten before being read?
     = note: `#[warn(unused_assignments)]` (part of `#[warn(unused)]`) on by default
3299 |                 target_axioms = "assoc+comm+id+inv".to_string();
     = help: maybe it is overwritten before being read?
415 |     let all_relations: Vec<(String, usize)> = engine.relation_defs()
    = note: `#[warn(unused_variables)]` (part of `#[warn(unused)]`) on by default
3700 |     let alg_strict = id_only_has("implies_observed(left_id, idempotent)")
============================================================
  COMPOSE_OR + UNIFIED AUTO SEARCH (AND + OR)
============================================================
  Order theory (chain a<b<c<d):
    is_maximal         ext = ["d"]
    is_minimal         ext = ["a"]
    is_extremal        ext = ["a", "d"]
    not_maximal        ext = ["c", "a", "b"]
    not_minimal        ext = ["d", "c", "b"]
    Candidates (AND+OR) with score > 0: 1 (AND=1, OR=0)
      not_minimal and not_maximal → score=0.1667 (positive)
    or(maximal, minimal): 0.0000 (degenerate_to_is_extremal) — should be degenerate_to_is_extremal
    Auto-constructed: ["and_not_minimal_not_maximal"]
  Summary:
    AND: 1 informative, OR: 0 informative
    or(maximal, minimal) correctly filtered as degenerate to extremal
test test_compose_or_and_search ... ok
test result: ok. 1 passed; 0 failed; 0 ignored; 0 measured; 32 filtered out; finished in 0.01s
