3028 |                 let op = |a: usize, b: usize| -> usize { table[a * n + b] };
     = note: `#[warn(unused_variables)]` (part of `#[warn(unused)]`) on by default
3148 |             let mut target_axioms = String::new();
     = note: consider using `_target_axioms` instead
3145 |             let mut found_target = false;
     = help: maybe it is overwritten before being read?
     = note: `#[warn(unused_assignments)]` (part of `#[warn(unused)]`) on by default
3159 |                 target_axioms = "assoc+comm+id+inv".to_string();
     = help: maybe it is overwritten before being read?
415 |     let all_relations: Vec<(String, usize)> = engine.relation_defs()
    = note: `#[warn(unused_variables)]` (part of `#[warn(unused)]`) on by default
============================================================
  ZORN'S LEMMA: Constructive AC → Maximal Element
  40 facts, 21 rounds
============================================================
  Chain constructed:
    element(a)
    element(b)
    element(sk(a))
    element(sk(sk(a)))
    element(sk(sk(sk(a))))
    element(sk(sk(sk(sk(a)))))
    element(sk(sk(sk(sk(sk(a))))))
    element(sk(sk(sk(sk(sk(sk(a)))))))
    element(sk(sk(sk(sk(sk(sk(sk(a))))))))
  Maximal elements: ["maximal(b)", "maximal(sk(sk(sk(sk(sk(sk(sk(a))))))))"]
  Zorn verified: 2 maximal element(s) found at depth boundary
  Iterative stratification: stratum 0 (lt transitivity) ↔
    stratum 1 (maximal) ↔ stratum 2 (AC successor creation)
test test_zorn_constructive ... ok
test result: ok. 1 passed; 0 failed; 0 ignored; 0 measured; 10 filtered out; finished in 0.03s
