=== ZFC-5 SCORE: rarity x specificity ===
Facts: 2000
Formula: score = 1/ln(rel_count+1) * specificity

Top 50:
0.1403 rare=0.140 spec=1.000  member(pair(empty, pair(empty, empty)), pair(pair(empty, pair(empty, empty)), pair(empty, pair(empty, empty))))
0.1403 rare=0.140 spec=1.000  member(pair(empty, pair(empty, empty)), pair(pair(empty, pair(empty, empty)), pair(empty, power(empty))))
0.1403 rare=0.140 spec=1.000  member(pair(empty, pair(empty, empty)), pair(pair(empty, pair(empty, empty)), pair(empty, union(empty))))
0.1403 rare=0.140 spec=1.000  member(pair(empty, pair(empty, empty)), pair(pair(empty, pair(empty, empty)), pair(pair(empty, empty), empty)))
0.1403 rare=0.140 spec=1.000  member(pair(empty, pair(empty, empty)), pair(pair(empty, pair(empty, empty)), pair(pair(empty, empty), pair(empty, empty))))
0.1403 rare=0.140 spec=1.000  member(pair(empty, pair(empty, empty)), pair(pair(empty, pair(empty, empty)), pair(pair(empty, empty), power(empty))))
0.1403 rare=0.140 spec=1.000  member(pair(empty, pair(empty, empty)), pair(pair(empty, pair(empty, empty)), pair(pair(empty, empty), union(empty))))
0.1403 rare=0.140 spec=1.000  member(pair(empty, pair(empty, empty)), pair(pair(empty, pair(empty, empty)), pair(power(empty), empty)))
0.1403 rare=0.140 spec=1.000  member(pair(empty, pair(empty, empty)), pair(pair(empty, pair(empty, empty)), pair(power(empty), pair(empty, empty))))
0.1403 rare=0.140 spec=1.000  member(pair(empty, pair(empty, empty)), pair(pair(empty, pair(empty, empty)), pair(power(empty), power(empty))))
0.1403 rare=0.140 spec=1.000  member(pair(empty, pair(empty, empty)), pair(pair(empty, pair(empty, empty)), pair(power(empty), union(empty))))
0.1403 rare=0.140 spec=1.000  member(pair(empty, pair(empty, empty)), pair(pair(empty, pair(empty, empty)), pair(union(empty), empty)))
0.1403 rare=0.140 spec=1.000  member(pair(empty, pair(empty, empty)), pair(pair(empty, pair(empty, empty)), pair(union(empty), pair(empty, empty))))
0.1403 rare=0.140 spec=1.000  member(pair(empty, pair(empty, empty)), pair(pair(empty, pair(empty, empty)), pair(union(empty), power(empty))))
0.1403 rare=0.140 spec=1.000  member(pair(empty, pair(empty, empty)), pair(pair(empty, pair(empty, empty)), pair(union(empty), union(empty))))
0.1403 rare=0.140 spec=1.000  member(pair(empty, pair(empty, empty)), pair(pair(empty, pair(empty, empty)), power(pair(empty, empty))))
0.1403 rare=0.140 spec=1.000  member(pair(empty, pair(empty, empty)), pair(pair(empty, pair(empty, empty)), union(pair(empty, empty))))
0.1403 rare=0.140 spec=1.000  member(pair(empty, pair(empty, empty)), pair(pair(empty, power(empty)), pair(empty, pair(empty, empty))))
0.1403 rare=0.140 spec=1.000  member(pair(empty, pair(empty, empty)), pair(pair(empty, union(empty)), pair(empty, pair(empty, empty))))
0.1403 rare=0.140 spec=1.000  member(pair(empty, pair(empty, empty)), pair(pair(pair(empty, empty), empty), pair(empty, pair(empty, empty))))
0.1403 rare=0.140 spec=1.000  member(pair(empty, pair(empty, empty)), pair(pair(pair(empty, empty), pair(empty, empty)), pair(empty, pair(empty, empty))))
0.1403 rare=0.140 spec=1.000  member(pair(empty, pair(empty, empty)), pair(pair(pair(empty, empty), power(empty)), pair(empty, pair(empty, empty))))
0.1403 rare=0.140 spec=1.000  member(pair(empty, pair(empty, empty)), pair(pair(pair(empty, empty), union(empty)), pair(empty, pair(empty, empty))))
0.1403 rare=0.140 spec=1.000  member(pair(empty, pair(empty, empty)), pair(pair(power(empty), empty), pair(empty, pair(empty, empty))))
0.1403 rare=0.140 spec=1.000  member(pair(empty, pair(empty, empty)), pair(pair(power(empty), pair(empty, empty)), pair(empty, pair(empty, empty))))
0.1403 rare=0.140 spec=1.000  member(pair(empty, pair(empty, empty)), pair(pair(power(empty), power(empty)), pair(empty, pair(empty, empty))))
0.1403 rare=0.140 spec=1.000  member(pair(empty, pair(empty, empty)), pair(pair(power(empty), union(empty)), pair(empty, pair(empty, empty))))
0.1403 rare=0.140 spec=1.000  member(pair(empty, pair(empty, empty)), pair(pair(union(empty), empty), pair(empty, pair(empty, empty))))
0.1403 rare=0.140 spec=1.000  member(pair(empty, pair(empty, empty)), pair(pair(union(empty), pair(empty, empty)), pair(empty, pair(empty, empty))))
0.1403 rare=0.140 spec=1.000  member(pair(empty, pair(empty, empty)), pair(pair(union(empty), power(empty)), pair(empty, pair(empty, empty))))
0.1403 rare=0.140 spec=1.000  member(pair(empty, pair(empty, empty)), pair(pair(union(empty), union(empty)), pair(empty, pair(empty, empty))))
0.1403 rare=0.140 spec=1.000  member(pair(empty, pair(empty, empty)), pair(power(pair(empty, empty)), pair(empty, pair(empty, empty))))
0.1403 rare=0.140 spec=1.000  member(pair(empty, pair(empty, empty)), pair(union(pair(empty, empty)), pair(empty, pair(empty, empty))))
0.1403 rare=0.140 spec=1.000  member(pair(empty, power(empty)), pair(pair(empty, power(empty)), pair(pair(empty, empty), pair(empty, empty))))
0.1403 rare=0.140 spec=1.000  member(pair(empty, power(empty)), pair(pair(empty, power(empty)), pair(pair(empty, empty), power(empty))))
0.1403 rare=0.140 spec=1.000  member(pair(empty, power(empty)), pair(pair(empty, power(empty)), pair(pair(empty, empty), union(empty))))
0.1403 rare=0.140 spec=1.000  member(pair(empty, power(empty)), pair(pair(empty, power(empty)), pair(power(empty), pair(empty, empty))))
0.1403 rare=0.140 spec=1.000  member(pair(empty, power(empty)), pair(pair(empty, power(empty)), pair(union(empty), pair(empty, empty))))
0.1403 rare=0.140 spec=1.000  member(pair(empty, power(empty)), pair(pair(pair(empty, empty), pair(empty, empty)), pair(empty, power(empty))))
0.1403 rare=0.140 spec=1.000  member(pair(empty, power(empty)), pair(pair(pair(empty, empty), power(empty)), pair(empty, power(empty))))
0.1403 rare=0.140 spec=1.000  member(pair(empty, power(empty)), pair(pair(pair(empty, empty), union(empty)), pair(empty, power(empty))))
0.1403 rare=0.140 spec=1.000  member(pair(empty, power(empty)), pair(pair(power(empty), pair(empty, empty)), pair(empty, power(empty))))
0.1403 rare=0.140 spec=1.000  member(pair(empty, power(empty)), pair(pair(union(empty), pair(empty, empty)), pair(empty, power(empty))))
0.1403 rare=0.140 spec=1.000  member(pair(empty, union(empty)), pair(pair(empty, union(empty)), pair(pair(empty, empty), pair(empty, empty))))
0.1403 rare=0.140 spec=1.000  member(pair(empty, union(empty)), pair(pair(empty, union(empty)), pair(pair(empty, empty), power(empty))))
0.1403 rare=0.140 spec=1.000  member(pair(empty, union(empty)), pair(pair(empty, union(empty)), pair(pair(empty, empty), union(empty))))
0.1403 rare=0.140 spec=1.000  member(pair(empty, union(empty)), pair(pair(empty, union(empty)), pair(power(empty), pair(empty, empty))))
0.1403 rare=0.140 spec=1.000  member(pair(empty, union(empty)), pair(pair(empty, union(empty)), pair(union(empty), pair(empty, empty))))
0.1403 rare=0.140 spec=1.000  member(pair(empty, union(empty)), pair(pair(pair(empty, empty), pair(empty, empty)), pair(empty, union(empty))))
0.1403 rare=0.140 spec=1.000  member(pair(empty, union(empty)), pair(pair(pair(empty, empty), power(empty)), pair(empty, union(empty))))
