  ω-RULE: Natural Number Induction
  32 facts, 18 rounds, saturated=true
  even(_0)
  even(succ(_0))
  even(succ(succ(_0)))
  even(succ(succ(succ(_0))))
  even(succ(succ(succ(succ(_0)))))
  even(succ(succ(succ(succ(succ(_0))))))
  even(succ(succ(succ(succ(succ(succ(_0)))))))
  even(succ(succ(succ(succ(succ(succ(succ(_0))))))))
  even(succ(succ(succ(succ(succ(succ(succ(zero))))))))
  even(succ(succ(succ(succ(succ(succ(zero)))))))
  even(succ(succ(succ(succ(succ(zero))))))
  even(succ(succ(succ(succ(zero)))))
  even(succ(succ(succ(zero))))
  even(succ(succ(zero)))
  even(succ(zero))
  even(zero)
  nat(_0)
  nat(succ(_0))
  nat(succ(succ(_0)))
  nat(succ(succ(succ(_0))))
  nat(succ(succ(succ(succ(_0)))))
  nat(succ(succ(succ(succ(succ(_0))))))
  nat(succ(succ(succ(succ(succ(succ(_0)))))))
  nat(succ(succ(succ(succ(succ(succ(succ(_0))))))))
  nat(succ(succ(succ(succ(succ(succ(succ(zero))))))))
  nat(succ(succ(succ(succ(succ(succ(zero)))))))
  nat(succ(succ(succ(succ(succ(zero))))))
  nat(succ(succ(succ(succ(zero)))))
  nat(succ(succ(succ(zero))))
  nat(succ(succ(zero)))
  nat(succ(zero))
  nat(zero)
  Warnings:
    ω-rule: promoted nat/1 to pattern fact nat(_0)
  nat(_0): true (ω-rule promotion)
  even(_0): true (downstream from nat(_0))
