993 |             let mut trial = base.clone();
    = note: `#[warn(unused_mut)]` (part of `#[warn(unused)]`) on by default
993 |             let mut trial = base.clone();
    = note: `#[warn(unused_variables)]` (part of `#[warn(unused)]`) on by default
3168 |                 let op = |a: usize, b: usize| -> usize { table[a * n + b] };
3288 |             let mut target_axioms = String::new();
     = note: consider using `_target_axioms` instead
3285 |             let mut found_target = false;
     = help: maybe it is overwritten before being read?
     = note: `#[warn(unused_assignments)]` (part of `#[warn(unused)]`) on by default
3299 |                 target_axioms = "assoc+comm+id+inv".to_string();
     = help: maybe it is overwritten before being read?
415 |     let all_relations: Vec<(String, usize)> = engine.relation_defs()
    = note: `#[warn(unused_variables)]` (part of `#[warn(unused)]`) on by default
╔══════════════════════╦═══════════╦═══════════╦═══════════╗
║ axiom class          ║ left↔right║ left↔idem ║ right↔idem║
╠══════════════════════╬═══════════╬═══════════╬═══════════╣
║ assoc                ║ ✗         ║ ✗         ║ ✗         ║
║ assoc+comm           ║ ✗         ║ ✗         ║ ✗         ║
║ assoc+comm+id        ║ ↔         ║ ✗         ║ ✗         ║
║ assoc+comm+id+inv    ║ ↔         ║ ↔         ║ ↔         ║
║ assoc+id             ║ ↔         ║ ✗         ║ ✗         ║
║ comm                 ║ ✗         ║ ✗         ║ ✗         ║
║ comm+id              ║ ↔         ║ ↔         ║ ↔         ║
║ comm+id+inv          ║ ↔         ║ ↔         ║ ↔         ║
║ id                   ║ ↔         ║ ✗         ║ ✗         ║
║ id+inv               ║ ↔         ║ ↔         ║ ↔         ║
╚══════════════════════╩═══════════╩═══════════╩═══════════╝
  Extensions:
    assoc: left_id=[], right_id=[]
    assoc+comm: left_id=[], right_id=[]
    assoc+comm+id: left_id=["e0"], right_id=["e0"]
    assoc+comm+id+inv: left_id=["e1"], right_id=["e1"]
    assoc+id: left_id=["e2"], right_id=["e2"]
    comm: left_id=[], right_id=[]
    comm+id: left_id=["e0"], right_id=["e0"]
    comm+id+inv: left_id=["e0"], right_id=["e0"]
    id: left_id=["e0"], right_id=["e0"]
    id+inv: left_id=["e0"], right_id=["e0"]
test test_full_property_table ... ok
test result: ok. 1 passed; 0 failed; 0 ignored; 0 measured; 20 filtered out; finished in 0.03s
