  ω-RULE: ZFC Set Bootstrap
  46 facts, 18 rounds
  member(empty, power(_0))
  member(empty, power(empty))
  member(empty, power(power(_0)))
  member(empty, power(power(empty)))
  member(empty, power(power(power(_0))))
  member(empty, power(power(power(empty))))
  member(empty, power(power(power(power(_0)))))
  member(empty, power(power(power(power(empty)))))
  member(empty, power(power(power(power(power(_0))))))
  member(empty, power(power(power(power(power(empty))))))
  member(empty, power(power(power(power(power(power(_0)))))))
  member(empty, power(power(power(power(power(power(empty)))))))
  member(empty, power(power(power(power(power(power(power(_0))))))))
  member(empty, power(power(power(power(power(power(power(empty))))))))
  set(_0)
  set(empty)
  set(power(_0))
  set(power(empty))
  set(power(power(_0)))
  set(power(power(empty)))
  set(power(power(power(_0))))
  set(power(power(power(empty))))
  set(power(power(power(power(_0)))))
  set(power(power(power(power(empty)))))
  set(power(power(power(power(power(_0))))))
  set(power(power(power(power(power(empty))))))
  set(power(power(power(power(power(power(_0)))))))
  set(power(power(power(power(power(power(empty)))))))
  set(power(power(power(power(power(power(power(_0))))))))
  set(power(power(power(power(power(power(power(empty))))))))
  subset(empty, _0)
  subset(empty, empty)
  subset(empty, power(_0))
  subset(empty, power(empty))
  subset(empty, power(power(_0)))
  subset(empty, power(power(empty)))
  subset(empty, power(power(power(_0))))
  subset(empty, power(power(power(empty))))
  subset(empty, power(power(power(power(_0)))))
  subset(empty, power(power(power(power(empty)))))
  subset(empty, power(power(power(power(power(_0))))))
  subset(empty, power(power(power(power(power(empty))))))
  subset(empty, power(power(power(power(power(power(_0)))))))
  subset(empty, power(power(power(power(power(power(empty)))))))
  subset(empty, power(power(power(power(power(power(power(_0))))))))
  subset(empty, power(power(power(power(power(power(power(empty))))))))
  Warnings:
    ω-rule: promoted set/1 to pattern fact set(_0)
  set(_0): true (ω-rule)
  subset(empty, _0): true (auto-derived)
  member(empty, power(_0)): true (chain)
