=== ZFC-5 PATTERN FACTS ===
Facts: 1000 (998 ground, 2 pattern), Rounds: 3, Saturated: false

eq (14):
  eq(empty, empty)
  eq(pair(empty, empty), pair(empty, empty))
  eq(pair(pair(empty, empty), pair(empty, empty)), pair(pair(empty, empty), pair(empty, empty)))
  eq(pair(pair(empty, empty), union(empty)), pair(pair(empty, empty), union(empty)))
  eq(pair(power(empty), empty), pair(power(empty), empty))
  eq(pair(power(empty), power(empty)), pair(power(empty), power(empty)))
  eq(pair(union(empty), pair(empty, empty)), pair(union(empty), pair(empty, empty)))
  eq(pair(union(empty), union(empty)), pair(union(empty), union(empty)))
  eq(power(empty), power(empty))
  eq(power(pair(empty, empty)), power(pair(empty, empty)))
  eq(power(power(empty)), power(power(empty)))
  eq(union(empty), union(empty))
  eq(union(pair(empty, empty)), union(pair(empty, empty)))
  eq(union(power(empty)), union(power(empty)))
member (596):
  member(empty, pair(empty, empty))
  member(empty, pair(empty, pair(empty, empty)))
  member(empty, pair(empty, pair(empty, power(empty))))
  member(empty, pair(empty, pair(empty, union(empty))))
  member(empty, pair(empty, pair(pair(empty, empty), empty)))
  member(empty, pair(empty, pair(pair(empty, empty), power(empty))))
  member(empty, pair(empty, pair(pair(empty, empty), union(empty))))
  member(empty, pair(empty, pair(power(empty), power(empty))))
  member(empty, pair(empty, pair(union(empty), pair(empty, empty))))
  member(empty, pair(empty, pair(union(empty), union(empty))))
  member(empty, pair(empty, power(empty)))
  member(empty, pair(empty, power(power(empty))))
  member(empty, pair(empty, power(union(empty))))
  member(empty, pair(empty, union(empty)))
  member(empty, pair(empty, union(union(empty))))
  member(empty, pair(pair(empty, empty), empty))
  member(empty, pair(pair(empty, union(empty)), empty))
  member(empty, pair(pair(pair(empty, empty), empty), empty))
  member(empty, pair(pair(power(empty), power(empty)), empty))
  member(empty, pair(pair(union(empty), empty), empty))
  member(empty, pair(pair(union(empty), pair(empty, empty)), empty))
  member(empty, pair(pair(union(empty), power(empty)), empty))
  member(empty, pair(pair(union(empty), union(empty)), empty))
  member(empty, pair(power(empty), empty))
  member(empty, pair(power(power(empty)), empty))
  member(empty, pair(power(union(empty)), empty))
  member(empty, pair(union(empty), empty))
  member(empty, pair(union(power(empty)), empty))
  member(empty, pair(union(union(empty)), empty))
  member(empty, power(_0))
  member(empty, power(empty))
  member(empty, power(power(empty)))
  member(empty, union(pair(pair(empty, empty), pair(empty, empty))))
  member(empty, union(pair(union(empty), pair(empty, empty))))
  member(pair(empty, empty), pair(empty, pair(empty, empty)))
  member(pair(empty, empty), pair(pair(empty, empty), empty))
  member(pair(empty, empty), pair(pair(empty, empty), pair(empty, empty)))
  member(pair(empty, empty), pair(pair(empty, empty), pair(empty, pair(empty, empty))))
  member(pair(empty, empty), pair(pair(empty, empty), pair(empty, power(empty))))
  member(pair(empty, empty), pair(pair(empty, empty), pair(empty, union(empty))))
  member(pair(empty, empty), pair(pair(empty, empty), pair(pair(empty, empty), pair(empty, empty))))
  member(pair(empty, empty), pair(pair(empty, empty), pair(power(empty), pair(empty, empty))))
  member(pair(empty, empty), pair(pair(empty, empty), pair(power(empty), power(empty))))
  member(pair(empty, empty), pair(pair(empty, empty), pair(union(empty), empty)))
  member(pair(empty, empty), pair(pair(empty, empty), power(empty)))
  member(pair(empty, empty), pair(pair(empty, empty), power(pair(empty, empty))))
  member(pair(empty, empty), pair(pair(empty, empty), union(empty)))
  member(pair(empty, empty), pair(pair(pair(empty, empty), pair(empty, empty)), pair(empty, empty)))
  member(pair(empty, empty), pair(pair(pair(empty, empty), power(empty)), pair(empty, empty)))
  member(pair(empty, empty), pair(pair(pair(empty, empty), union(empty)), pair(empty, empty)))
  member(pair(empty, empty), pair(pair(power(empty), empty), pair(empty, empty)))
  member(pair(empty, empty), pair(pair(power(empty), pair(empty, empty)), pair(empty, empty)))
  member(pair(empty, empty), pair(pair(power(empty), union(empty)), pair(empty, empty)))
  member(pair(empty, empty), pair(pair(union(empty), empty), pair(empty, empty)))
  member(pair(empty, empty), pair(pair(union(empty), pair(empty, empty)), pair(empty, empty)))
  member(pair(empty, empty), pair(pair(union(empty), power(empty)), pair(empty, empty)))
  member(pair(empty, empty), pair(power(empty), pair(empty, empty)))
  member(pair(empty, empty), pair(power(pair(empty, empty)), pair(empty, empty)))
  member(pair(empty, empty), pair(union(empty), pair(empty, empty)))
  member(pair(empty, empty), pair(union(pair(empty, empty)), pair(empty, empty)))
  member(pair(empty, empty), power(pair(empty, empty)))
  member(pair(empty, pair(empty, empty)), pair(pair(empty, pair(empty, empty)), empty))
  member(pair(empty, pair(empty, empty)), pair(pair(empty, pair(empty, empty)), pair(empty, empty)))
  member(pair(empty, pair(empty, empty)), pair(pair(empty, pair(empty, empty)), pair(pair(empty, empty), empty)))
  member(pair(empty, pair(empty, empty)), pair(pair(empty, pair(empty, empty)), pair(pair(empty, empty), union(empty))))
  member(pair(empty, pair(empty, empty)), pair(pair(empty, pair(empty, empty)), pair(power(empty), empty)))
  member(pair(empty, pair(empty, empty)), pair(pair(empty, pair(empty, empty)), pair(power(empty), power(empty))))
  member(pair(empty, pair(empty, empty)), pair(pair(empty, pair(empty, empty)), pair(power(empty), union(empty))))
  member(pair(empty, pair(empty, empty)), pair(pair(empty, pair(empty, empty)), pair(union(empty), pair(empty, empty))))
  member(pair(empty, pair(empty, empty)), pair(pair(empty, pair(empty, empty)), pair(union(empty), union(empty))))
  member(pair(empty, pair(empty, empty)), pair(pair(empty, pair(empty, empty)), power(power(empty))))
  member(pair(empty, pair(empty, empty)), pair(pair(empty, pair(empty, empty)), union(pair(empty, empty))))
  member(pair(empty, pair(empty, empty)), pair(pair(pair(empty, empty), union(empty)), pair(empty, pair(empty, empty))))
  member(pair(empty, pair(empty, empty)), pair(pair(power(empty), empty), pair(empty, pair(empty, empty))))
  member(pair(empty, pair(empty, empty)), pair(pair(power(empty), pair(empty, empty)), pair(empty, pair(empty, empty))))
  member(pair(empty, pair(empty, empty)), pair(pair(union(empty), pair(empty, empty)), pair(empty, pair(empty, empty))))
  member(pair(empty, pair(empty, empty)), pair(pair(union(empty), power(empty)), pair(empty, pair(empty, empty))))
  member(pair(empty, pair(empty, empty)), pair(pair(union(empty), union(empty)), pair(empty, pair(empty, empty))))
  member(pair(empty, pair(empty, empty)), pair(power(empty), pair(empty, pair(empty, empty))))
  member(pair(empty, pair(empty, empty)), pair(union(union(empty)), pair(empty, pair(empty, empty))))
  member(pair(empty, power(empty)), pair(pair(empty, power(empty)), empty))
  member(pair(empty, power(empty)), pair(pair(empty, power(empty)), pair(empty, empty)))
  member(pair(empty, power(empty)), pair(pair(empty, power(empty)), pair(empty, pair(empty, empty))))
  member(pair(empty, power(empty)), pair(pair(empty, power(empty)), pair(empty, power(empty))))
  member(pair(empty, power(empty)), pair(pair(empty, power(empty)), pair(empty, union(empty))))
  member(pair(empty, power(empty)), pair(pair(empty, power(empty)), pair(pair(empty, empty), union(empty))))
  member(pair(empty, power(empty)), pair(pair(empty, power(empty)), pair(power(empty), empty)))
  member(pair(empty, power(empty)), pair(pair(empty, power(empty)), pair(union(empty), union(empty))))
  member(pair(empty, power(empty)), pair(pair(empty, power(empty)), power(empty)))
  member(pair(empty, power(empty)), pair(pair(empty, power(empty)), power(pair(empty, empty))))
  member(pair(empty, power(empty)), pair(pair(empty, power(empty)), power(power(empty))))
  member(pair(empty, power(empty)), pair(pair(empty, power(empty)), union(power(empty))))
  member(pair(empty, power(empty)), pair(pair(empty, power(empty)), union(union(empty))))
  member(pair(empty, power(empty)), pair(pair(pair(empty, empty), empty), pair(empty, power(empty))))
  member(pair(empty, power(empty)), pair(pair(pair(empty, empty), power(empty)), pair(empty, power(empty))))
  member(pair(empty, power(empty)), pair(pair(pair(empty, empty), union(empty)), pair(empty, power(empty))))
  member(pair(empty, power(empty)), pair(pair(power(empty), union(empty)), pair(empty, power(empty))))
  member(pair(empty, power(empty)), pair(pair(union(empty), pair(empty, empty)), pair(empty, power(empty))))
  member(pair(empty, power(empty)), pair(power(empty), pair(empty, power(empty))))
  member(pair(empty, power(empty)), pair(power(power(empty)), pair(empty, power(empty))))
  member(pair(empty, power(empty)), pair(union(empty), pair(empty, power(empty))))
  member(pair(empty, power(empty)), pair(union(power(empty)), pair(empty, power(empty))))
  member(pair(empty, union(empty)), pair(pair(empty, pair(empty, empty)), pair(empty, union(empty))))
  member(pair(empty, union(empty)), pair(pair(empty, power(empty)), pair(empty, union(empty))))
  member(pair(empty, union(empty)), pair(pair(empty, union(empty)), pair(empty, empty)))
  member(pair(empty, union(empty)), pair(pair(empty, union(empty)), pair(pair(empty, empty), empty)))
  member(pair(empty, union(empty)), pair(pair(empty, union(empty)), pair(pair(empty, empty), pair(empty, empty))))
  member(pair(empty, union(empty)), pair(pair(empty, union(empty)), pair(pair(empty, empty), power(empty))))
  member(pair(empty, union(empty)), pair(pair(empty, union(empty)), pair(union(empty), pair(empty, empty))))
  member(pair(empty, union(empty)), pair(pair(empty, union(empty)), pair(union(empty), power(empty))))
  member(pair(empty, union(empty)), pair(pair(empty, union(empty)), power(empty)))
  member(pair(empty, union(empty)), pair(pair(empty, union(empty)), power(power(empty))))
  member(pair(empty, union(empty)), pair(pair(empty, union(empty)), union(empty)))
  member(pair(empty, union(empty)), pair(pair(empty, union(empty)), union(pair(empty, empty))))
  member(pair(empty, union(empty)), pair(pair(pair(empty, empty), power(empty)), pair(empty, union(empty))))
  member(pair(empty, union(empty)), pair(pair(power(empty), empty), pair(empty, union(empty))))
  member(pair(empty, union(empty)), pair(pair(power(empty), pair(empty, empty)), pair(empty, union(empty))))
  member(pair(empty, union(empty)), pair(pair(power(empty), power(empty)), pair(empty, union(empty))))
  member(pair(empty, union(empty)), pair(pair(union(empty), pair(empty, empty)), pair(empty, union(empty))))
  member(pair(empty, union(empty)), pair(power(pair(empty, empty)), pair(empty, union(empty))))
  member(pair(empty, union(empty)), pair(power(power(empty)), pair(empty, union(empty))))
  member(pair(empty, union(empty)), pair(power(union(empty)), pair(empty, union(empty))))
  member(pair(empty, union(empty)), pair(union(union(empty)), pair(empty, union(empty))))
  member(pair(pair(empty, empty), empty), pair(pair(empty, power(empty)), pair(pair(empty, empty), empty)))
  member(pair(pair(empty, empty), empty), pair(pair(empty, union(empty)), pair(pair(empty, empty), empty)))
  member(pair(pair(empty, empty), empty), pair(pair(pair(empty, empty), empty), pair(empty, empty)))
  member(pair(pair(empty, empty), empty), pair(pair(pair(empty, empty), empty), pair(pair(empty, empty), empty)))
  member(pair(pair(empty, empty), empty), pair(pair(pair(empty, empty), empty), pair(pair(empty, empty), pair(empty, empty))))
  member(pair(pair(empty, empty), empty), pair(pair(pair(empty, empty), empty), pair(pair(empty, empty), union(empty))))
  member(pair(pair(empty, empty), empty), pair(pair(pair(empty, empty), empty), pair(power(empty), power(empty))))
  member(pair(pair(empty, empty), empty), pair(pair(pair(empty, empty), empty), pair(power(empty), union(empty))))
  member(pair(pair(empty, empty), empty), pair(pair(pair(empty, empty), empty), pair(union(empty), power(empty))))
  member(pair(pair(empty, empty), empty), pair(pair(pair(empty, empty), empty), power(empty)))
  member(pair(pair(empty, empty), empty), pair(pair(pair(empty, empty), empty), union(power(empty))))
  member(pair(pair(empty, empty), empty), pair(pair(pair(empty, empty), pair(empty, empty)), pair(pair(empty, empty), empty)))
  member(pair(pair(empty, empty), empty), pair(pair(pair(empty, empty), union(empty)), pair(pair(empty, empty), empty)))
  member(pair(pair(empty, empty), empty), pair(pair(power(empty), empty), pair(pair(empty, empty), empty)))
  member(pair(pair(empty, empty), empty), pair(pair(power(empty), pair(empty, empty)), pair(pair(empty, empty), empty)))
  member(pair(pair(empty, empty), empty), pair(pair(power(empty), power(empty)), pair(pair(empty, empty), empty)))
  member(pair(pair(empty, empty), empty), pair(pair(union(empty), union(empty)), pair(pair(empty, empty), empty)))
  member(pair(pair(empty, empty), empty), pair(power(pair(empty, empty)), pair(pair(empty, empty), empty)))
  member(pair(pair(empty, empty), empty), pair(power(power(empty)), pair(pair(empty, empty), empty)))
  member(pair(pair(empty, empty), empty), pair(power(union(empty)), pair(pair(empty, empty), empty)))
  member(pair(pair(empty, empty), empty), pair(union(empty), pair(pair(empty, empty), empty)))
  member(pair(pair(empty, empty), empty), pair(union(union(empty)), pair(pair(empty, empty), empty)))
  member(pair(pair(empty, empty), pair(empty, empty)), pair(empty, pair(pair(empty, empty), pair(empty, empty))))
  member(pair(pair(empty, empty), pair(empty, empty)), pair(pair(pair(empty, empty), empty), pair(pair(empty, empty), pair(empty, empty))))
  member(pair(pair(empty, empty), pair(empty, empty)), pair(pair(pair(empty, empty), pair(empty, empty)), empty))
  member(pair(pair(empty, empty), pair(empty, empty)), pair(pair(pair(empty, empty), pair(empty, empty)), pair(empty, empty)))
  member(pair(pair(empty, empty), pair(empty, empty)), pair(pair(pair(empty, empty), pair(empty, empty)), pair(pair(empty, empty), power(empty))))
  member(pair(pair(empty, empty), pair(empty, empty)), pair(pair(pair(empty, empty), pair(empty, empty)), pair(power(empty), empty)))
  member(pair(pair(empty, empty), pair(empty, empty)), pair(pair(pair(empty, empty), pair(empty, empty)), pair(union(empty), union(empty))))
  member(pair(pair(empty, empty), pair(empty, empty)), pair(pair(pair(empty, empty), pair(empty, empty)), power(pair(empty, empty))))
  member(pair(pair(empty, empty), pair(empty, empty)), pair(pair(pair(empty, empty), pair(empty, empty)), power(power(empty))))
  member(pair(pair(empty, empty), pair(empty, empty)), pair(pair(power(empty), pair(empty, empty)), pair(pair(empty, empty), pair(empty, empty))))
  member(pair(pair(empty, empty), pair(empty, empty)), pair(pair(power(empty), power(empty)), pair(pair(empty, empty), pair(empty, empty))))
  member(pair(pair(empty, empty), pair(empty, empty)), pair(pair(union(empty), empty), pair(pair(empty, empty), pair(empty, empty))))
  member(pair(pair(empty, empty), pair(empty, empty)), pair(pair(union(empty), pair(empty, empty)), pair(pair(empty, empty), pair(empty, empty))))
  member(pair(pair(empty, empty), pair(empty, empty)), pair(pair(union(empty), union(empty)), pair(pair(empty, empty), pair(empty, empty))))
  member(pair(pair(empty, empty), pair(empty, empty)), pair(power(empty), pair(pair(empty, empty), pair(empty, empty))))
  member(pair(pair(empty, empty), pair(empty, empty)), pair(power(pair(empty, empty)), pair(pair(empty, empty), pair(empty, empty))))
  member(pair(pair(empty, empty), pair(empty, empty)), pair(union(empty), pair(pair(empty, empty), pair(empty, empty))))
  member(pair(pair(empty, empty), pair(empty, empty)), pair(union(power(empty)), pair(pair(empty, empty), pair(empty, empty))))
  member(pair(pair(empty, empty), pair(empty, empty)), pair(union(union(empty)), pair(pair(empty, empty), pair(empty, empty))))
  member(pair(pair(empty, empty), power(empty)), pair(empty, pair(pair(empty, empty), power(empty))))
  member(pair(pair(empty, empty), power(empty)), pair(pair(empty, empty), pair(pair(empty, empty), power(empty))))
  member(pair(pair(empty, empty), power(empty)), pair(pair(pair(empty, empty), empty), pair(pair(empty, empty), power(empty))))
  member(pair(pair(empty, empty), power(empty)), pair(pair(pair(empty, empty), power(empty)), pair(empty, pair(empty, empty))))
  member(pair(pair(empty, empty), power(empty)), pair(pair(pair(empty, empty), power(empty)), pair(empty, power(empty))))
  member(pair(pair(empty, empty), power(empty)), pair(pair(pair(empty, empty), power(empty)), pair(empty, union(empty))))
  member(pair(pair(empty, empty), power(empty)), pair(pair(pair(empty, empty), power(empty)), pair(pair(empty, empty), union(empty))))
  member(pair(pair(empty, empty), power(empty)), pair(pair(pair(empty, empty), power(empty)), pair(power(empty), pair(empty, empty))))
  member(pair(pair(empty, empty), power(empty)), pair(pair(pair(empty, empty), power(empty)), pair(power(empty), power(empty))))
  member(pair(pair(empty, empty), power(empty)), pair(pair(pair(empty, empty), power(empty)), pair(power(empty), union(empty))))
  member(pair(pair(empty, empty), power(empty)), pair(pair(pair(empty, empty), power(empty)), power(empty)))
  member(pair(pair(empty, empty), power(empty)), pair(pair(pair(empty, empty), power(empty)), power(union(empty))))
  member(pair(pair(empty, empty), power(empty)), pair(pair(pair(empty, empty), power(empty)), union(empty)))
  member(pair(pair(empty, empty), power(empty)), pair(pair(pair(empty, empty), power(empty)), union(union(empty))))
  member(pair(pair(empty, empty), power(empty)), pair(pair(power(empty), union(empty)), pair(pair(empty, empty), power(empty))))
  member(pair(pair(empty, empty), power(empty)), pair(pair(union(empty), empty), pair(pair(empty, empty), power(empty))))
  member(pair(pair(empty, empty), power(empty)), pair(pair(union(empty), pair(empty, empty)), pair(pair(empty, empty), power(empty))))
  member(pair(pair(empty, empty), power(empty)), pair(pair(union(empty), power(empty)), pair(pair(empty, empty), power(empty))))
  member(pair(pair(empty, empty), power(empty)), pair(pair(union(empty), union(empty)), pair(pair(empty, empty), power(empty))))
  member(pair(pair(empty, empty), power(empty)), pair(power(power(empty)), pair(pair(empty, empty), power(empty))))
  member(pair(pair(empty, empty), power(empty)), pair(power(union(empty)), pair(pair(empty, empty), power(empty))))
  member(pair(pair(empty, empty), power(empty)), pair(union(pair(empty, empty)), pair(pair(empty, empty), power(empty))))
  member(pair(pair(empty, empty), power(empty)), pair(union(union(empty)), pair(pair(empty, empty), power(empty))))
  member(pair(pair(empty, empty), union(empty)), pair(pair(empty, union(empty)), pair(pair(empty, empty), union(empty))))
  member(pair(pair(empty, empty), union(empty)), pair(pair(pair(empty, empty), union(empty)), empty))
  member(pair(pair(empty, empty), union(empty)), pair(pair(pair(empty, empty), union(empty)), pair(empty, empty)))
  member(pair(pair(empty, empty), union(empty)), pair(pair(pair(empty, empty), union(empty)), pair(power(empty), empty)))
  member(pair(pair(empty, empty), union(empty)), pair(pair(pair(empty, empty), union(empty)), pair(power(empty), pair(empty, empty))))
  member(pair(pair(empty, empty), union(empty)), pair(pair(pair(empty, empty), union(empty)), pair(power(empty), power(empty))))
  member(pair(pair(empty, empty), union(empty)), pair(pair(pair(empty, empty), union(empty)), power(power(empty))))
  member(pair(pair(empty, empty), union(empty)), pair(pair(pair(empty, empty), union(empty)), power(union(empty))))
  member(pair(pair(empty, empty), union(empty)), pair(pair(pair(empty, empty), union(empty)), union(power(empty))))
  member(pair(pair(empty, empty), union(empty)), pair(pair(power(empty), union(empty)), pair(pair(empty, empty), union(empty))))
  member(pair(pair(empty, empty), union(empty)), pair(pair(union(empty), pair(empty, empty)), pair(pair(empty, empty), union(empty))))
  member(pair(pair(empty, empty), union(empty)), pair(pair(union(empty), union(empty)), pair(pair(empty, empty), union(empty))))
  member(pair(pair(empty, empty), union(empty)), pair(power(empty), pair(pair(empty, empty), union(empty))))
  member(pair(pair(empty, empty), union(empty)), pair(power(power(empty)), pair(pair(empty, empty), union(empty))))
  member(pair(pair(empty, empty), union(empty)), pair(union(pair(empty, empty)), pair(pair(empty, empty), union(empty))))
  member(pair(power(empty), empty), pair(pair(empty, power(empty)), pair(power(empty), empty)))
  member(pair(power(empty), empty), pair(pair(pair(empty, empty), power(empty)), pair(power(empty), empty)))
  member(pair(power(empty), empty), pair(pair(pair(empty, empty), union(empty)), pair(power(empty), empty)))
  member(pair(power(empty), empty), pair(pair(power(empty), empty), empty))
  member(pair(power(empty), empty), pair(pair(power(empty), empty), pair(empty, power(empty))))
  member(pair(power(empty), empty), pair(pair(power(empty), empty), pair(empty, union(empty))))
  member(pair(power(empty), empty), pair(pair(power(empty), empty), pair(pair(empty, empty), empty)))
  member(pair(power(empty), empty), pair(pair(power(empty), empty), pair(pair(empty, empty), pair(empty, empty))))
  member(pair(power(empty), empty), pair(pair(power(empty), empty), pair(power(empty), pair(empty, empty))))
  member(pair(power(empty), empty), pair(pair(power(empty), empty), pair(power(empty), power(empty))))
  member(pair(power(empty), empty), pair(pair(power(empty), empty), pair(union(empty), empty)))
  member(pair(power(empty), empty), pair(pair(power(empty), empty), pair(union(empty), pair(empty, empty))))
  member(pair(power(empty), empty), pair(pair(power(empty), empty), pair(union(empty), power(empty))))
  member(pair(power(empty), empty), pair(pair(power(empty), empty), pair(union(empty), union(empty))))
  member(pair(power(empty), empty), pair(pair(power(empty), empty), power(empty)))
  member(pair(power(empty), empty), pair(pair(power(empty), empty), power(pair(empty, empty))))
  member(pair(power(empty), empty), pair(pair(power(empty), empty), union(pair(empty, empty))))
  member(pair(power(empty), empty), pair(pair(power(empty), power(empty)), pair(power(empty), empty)))
  member(pair(power(empty), empty), pair(pair(power(empty), union(empty)), pair(power(empty), empty)))
  member(pair(power(empty), empty), pair(pair(union(empty), power(empty)), pair(power(empty), empty)))
  member(pair(power(empty), empty), pair(power(pair(empty, empty)), pair(power(empty), empty)))
  member(pair(power(empty), empty), pair(power(union(empty)), pair(power(empty), empty)))
  member(pair(power(empty), empty), pair(union(empty), pair(power(empty), empty)))
  member(pair(power(empty), empty), pair(union(union(empty)), pair(power(empty), empty)))
  member(pair(power(empty), pair(empty, empty)), pair(pair(empty, power(empty)), pair(power(empty), pair(empty, empty))))
  member(pair(power(empty), pair(empty, empty)), pair(pair(pair(empty, empty), pair(empty, empty)), pair(power(empty), pair(empty, empty))))
  member(pair(power(empty), pair(empty, empty)), pair(pair(power(empty), pair(empty, empty)), pair(empty, empty)))
  member(pair(power(empty), pair(empty, empty)), pair(pair(power(empty), pair(empty, empty)), pair(empty, pair(empty, empty))))
  member(pair(power(empty), pair(empty, empty)), pair(pair(power(empty), pair(empty, empty)), pair(pair(empty, empty), pair(empty, empty))))
  member(pair(power(empty), pair(empty, empty)), pair(pair(power(empty), pair(empty, empty)), pair(pair(empty, empty), union(empty))))
  member(pair(power(empty), pair(empty, empty)), pair(pair(power(empty), pair(empty, empty)), pair(power(empty), pair(empty, empty))))
  member(pair(power(empty), pair(empty, empty)), pair(pair(power(empty), pair(empty, empty)), pair(union(empty), power(empty))))
  member(pair(power(empty), pair(empty, empty)), pair(pair(power(empty), pair(empty, empty)), pair(union(empty), union(empty))))
  member(pair(power(empty), pair(empty, empty)), pair(pair(power(empty), pair(empty, empty)), power(empty)))
  member(pair(power(empty), pair(empty, empty)), pair(pair(power(empty), pair(empty, empty)), power(union(empty))))
  member(pair(power(empty), pair(empty, empty)), pair(pair(power(empty), pair(empty, empty)), union(pair(empty, empty))))
  member(pair(power(empty), pair(empty, empty)), pair(pair(power(empty), pair(empty, empty)), union(power(empty))))
  member(pair(power(empty), pair(empty, empty)), pair(pair(power(empty), pair(empty, empty)), union(union(empty))))
  member(pair(power(empty), pair(empty, empty)), pair(pair(union(empty), union(empty)), pair(power(empty), pair(empty, empty))))
  member(pair(power(empty), pair(empty, empty)), pair(power(empty), pair(power(empty), pair(empty, empty))))
  member(pair(power(empty), pair(empty, empty)), pair(power(pair(empty, empty)), pair(power(empty), pair(empty, empty))))
  member(pair(power(empty), pair(empty, empty)), pair(union(empty), pair(power(empty), pair(empty, empty))))
  member(pair(power(empty), pair(empty, empty)), pair(union(pair(empty, empty)), pair(power(empty), pair(empty, empty))))
  member(pair(power(empty), pair(empty, empty)), pair(union(union(empty)), pair(power(empty), pair(empty, empty))))
  member(pair(power(empty), power(empty)), pair(pair(empty, empty), pair(power(empty), power(empty))))
  member(pair(power(empty), power(empty)), pair(pair(empty, pair(empty, empty)), pair(power(empty), power(empty))))
  member(pair(power(empty), power(empty)), pair(pair(empty, power(empty)), pair(power(empty), power(empty))))
  member(pair(power(empty), power(empty)), pair(pair(pair(empty, empty), empty), pair(power(empty), power(empty))))
  member(pair(power(empty), power(empty)), pair(pair(pair(empty, empty), pair(empty, empty)), pair(power(empty), power(empty))))
  member(pair(power(empty), power(empty)), pair(pair(pair(empty, empty), power(empty)), pair(power(empty), power(empty))))
  member(pair(power(empty), power(empty)), pair(pair(pair(empty, empty), union(empty)), pair(power(empty), power(empty))))
  member(pair(power(empty), power(empty)), pair(pair(power(empty), empty), pair(power(empty), power(empty))))
  member(pair(power(empty), power(empty)), pair(pair(power(empty), power(empty)), pair(empty, pair(empty, empty))))
  member(pair(power(empty), power(empty)), pair(pair(power(empty), power(empty)), pair(pair(empty, empty), empty)))
  member(pair(power(empty), power(empty)), pair(pair(power(empty), power(empty)), pair(pair(empty, empty), power(empty))))
  member(pair(power(empty), power(empty)), pair(pair(power(empty), power(empty)), pair(pair(empty, empty), union(empty))))
  member(pair(power(empty), power(empty)), pair(pair(power(empty), power(empty)), pair(power(empty), empty)))
  member(pair(power(empty), power(empty)), pair(pair(power(empty), power(empty)), pair(union(empty), empty)))
  member(pair(power(empty), power(empty)), pair(pair(power(empty), power(empty)), pair(union(empty), pair(empty, empty))))
  member(pair(power(empty), power(empty)), pair(pair(power(empty), power(empty)), pair(union(empty), union(empty))))
  member(pair(power(empty), power(empty)), pair(pair(power(empty), power(empty)), power(empty)))
  member(pair(power(empty), power(empty)), pair(pair(power(empty), power(empty)), power(power(empty))))
  member(pair(power(empty), power(empty)), pair(pair(power(empty), power(empty)), union(empty)))
  member(pair(power(empty), power(empty)), pair(pair(power(empty), power(empty)), union(power(empty))))
  member(pair(power(empty), power(empty)), pair(pair(power(empty), power(empty)), union(union(empty))))
  member(pair(power(empty), power(empty)), pair(pair(power(empty), union(empty)), pair(power(empty), power(empty))))
  member(pair(power(empty), power(empty)), pair(pair(union(empty), pair(empty, empty)), pair(power(empty), power(empty))))
  member(pair(power(empty), power(empty)), pair(pair(union(empty), power(empty)), pair(power(empty), power(empty))))
  member(pair(power(empty), power(empty)), pair(pair(union(empty), union(empty)), pair(power(empty), power(empty))))
  member(pair(power(empty), power(empty)), pair(power(power(empty)), pair(power(empty), power(empty))))
  member(pair(power(empty), power(empty)), pair(power(union(empty)), pair(power(empty), power(empty))))
  member(pair(power(empty), power(empty)), pair(union(empty), pair(power(empty), power(empty))))
  member(pair(power(empty), power(empty)), pair(union(pair(empty, empty)), pair(power(empty), power(empty))))
  member(pair(power(empty), power(empty)), pair(union(union(empty)), pair(power(empty), power(empty))))
  member(pair(power(empty), union(empty)), pair(pair(empty, empty), pair(power(empty), union(empty))))
  member(pair(power(empty), union(empty)), pair(pair(pair(empty, empty), pair(empty, empty)), pair(power(empty), union(empty))))
  member(pair(power(empty), union(empty)), pair(pair(power(empty), pair(empty, empty)), pair(power(empty), union(empty))))
  member(pair(power(empty), union(empty)), pair(pair(power(empty), power(empty)), pair(power(empty), union(empty))))
  member(pair(power(empty), union(empty)), pair(pair(power(empty), union(empty)), pair(empty, empty)))
  member(pair(power(empty), union(empty)), pair(pair(power(empty), union(empty)), pair(empty, pair(empty, empty))))
  member(pair(power(empty), union(empty)), pair(pair(power(empty), union(empty)), pair(empty, power(empty))))
  member(pair(power(empty), union(empty)), pair(pair(power(empty), union(empty)), pair(empty, union(empty))))
  member(pair(power(empty), union(empty)), pair(pair(power(empty), union(empty)), pair(pair(empty, empty), empty)))
  member(pair(power(empty), union(empty)), pair(pair(power(empty), union(empty)), pair(pair(empty, empty), pair(empty, empty))))
  member(pair(power(empty), union(empty)), pair(pair(power(empty), union(empty)), pair(pair(empty, empty), power(empty))))
  member(pair(power(empty), union(empty)), pair(pair(power(empty), union(empty)), pair(pair(empty, empty), union(empty))))
  member(pair(power(empty), union(empty)), pair(pair(power(empty), union(empty)), pair(power(empty), pair(empty, empty))))
  member(pair(power(empty), union(empty)), pair(pair(power(empty), union(empty)), pair(power(empty), power(empty))))
  member(pair(power(empty), union(empty)), pair(pair(power(empty), union(empty)), pair(power(empty), union(empty))))
  member(pair(power(empty), union(empty)), pair(pair(power(empty), union(empty)), pair(union(empty), pair(empty, empty))))
  member(pair(power(empty), union(empty)), pair(pair(power(empty), union(empty)), pair(union(empty), power(empty))))
  member(pair(power(empty), union(empty)), pair(pair(power(empty), union(empty)), pair(union(empty), union(empty))))
  member(pair(power(empty), union(empty)), pair(pair(power(empty), union(empty)), power(empty)))
  member(pair(power(empty), union(empty)), pair(pair(power(empty), union(empty)), union(empty)))
  member(pair(power(empty), union(empty)), pair(pair(power(empty), union(empty)), union(pair(empty, empty))))
  member(pair(power(empty), union(empty)), pair(pair(power(empty), union(empty)), union(union(empty))))
  member(pair(power(empty), union(empty)), pair(pair(union(empty), empty), pair(power(empty), union(empty))))
  member(pair(power(empty), union(empty)), pair(pair(union(empty), power(empty)), pair(power(empty), union(empty))))
  member(pair(power(empty), union(empty)), pair(power(pair(empty, empty)), pair(power(empty), union(empty))))
  member(pair(power(empty), union(empty)), pair(union(union(empty)), pair(power(empty), union(empty))))
  member(pair(union(empty), empty), pair(pair(empty, pair(empty, empty)), pair(union(empty), empty)))
  member(pair(union(empty), empty), pair(pair(empty, power(empty)), pair(union(empty), empty)))
  member(pair(union(empty), empty), pair(pair(pair(empty, empty), empty), pair(union(empty), empty)))
  member(pair(union(empty), empty), pair(pair(pair(empty, empty), pair(empty, empty)), pair(union(empty), empty)))
  member(pair(union(empty), empty), pair(pair(pair(empty, empty), union(empty)), pair(union(empty), empty)))
  member(pair(union(empty), empty), pair(pair(power(empty), power(empty)), pair(union(empty), empty)))
  member(pair(union(empty), empty), pair(pair(union(empty), empty), pair(empty, power(empty))))
  member(pair(union(empty), empty), pair(pair(union(empty), empty), pair(pair(empty, empty), power(empty))))
  member(pair(union(empty), empty), pair(pair(union(empty), empty), pair(pair(empty, empty), union(empty))))
  member(pair(union(empty), empty), pair(pair(union(empty), empty), pair(power(empty), empty)))
  member(pair(union(empty), empty), pair(pair(union(empty), empty), pair(power(empty), pair(empty, empty))))
  member(pair(union(empty), empty), pair(pair(union(empty), empty), pair(power(empty), power(empty))))
  member(pair(union(empty), empty), pair(pair(union(empty), empty), pair(union(empty), pair(empty, empty))))
  member(pair(union(empty), empty), pair(pair(union(empty), empty), pair(union(empty), union(empty))))
  member(pair(union(empty), empty), pair(pair(union(empty), empty), power(power(empty))))
  member(pair(union(empty), empty), pair(pair(union(empty), empty), union(empty)))
  member(pair(union(empty), empty), pair(pair(union(empty), empty), union(pair(empty, empty))))
  member(pair(union(empty), empty), pair(pair(union(empty), empty), union(union(empty))))
  member(pair(union(empty), empty), pair(pair(union(empty), union(empty)), pair(union(empty), empty)))
  member(pair(union(empty), empty), pair(power(empty), pair(union(empty), empty)))
  member(pair(union(empty), empty), pair(power(pair(empty, empty)), pair(union(empty), empty)))
  member(pair(union(empty), empty), pair(power(power(empty)), pair(union(empty), empty)))
  member(pair(union(empty), empty), pair(power(union(empty)), pair(union(empty), empty)))
  member(pair(union(empty), pair(empty, empty)), pair(pair(pair(empty, empty), pair(empty, empty)), pair(union(empty), pair(empty, empty))))
  member(pair(union(empty), pair(empty, empty)), pair(pair(power(empty), pair(empty, empty)), pair(union(empty), pair(empty, empty))))
  member(pair(union(empty), pair(empty, empty)), pair(pair(power(empty), union(empty)), pair(union(empty), pair(empty, empty))))
  member(pair(union(empty), pair(empty, empty)), pair(pair(union(empty), empty), pair(union(empty), pair(empty, empty))))
  member(pair(union(empty), pair(empty, empty)), pair(pair(union(empty), pair(empty, empty)), empty))
  member(pair(union(empty), pair(empty, empty)), pair(pair(union(empty), pair(empty, empty)), pair(empty, power(empty))))
  member(pair(union(empty), pair(empty, empty)), pair(pair(union(empty), pair(empty, empty)), pair(empty, union(empty))))
  member(pair(union(empty), pair(empty, empty)), pair(pair(union(empty), pair(empty, empty)), pair(pair(empty, empty), empty)))
  member(pair(union(empty), pair(empty, empty)), pair(pair(union(empty), pair(empty, empty)), pair(pair(empty, empty), union(empty))))
  member(pair(union(empty), pair(empty, empty)), pair(pair(union(empty), pair(empty, empty)), pair(power(empty), empty)))
  member(pair(union(empty), pair(empty, empty)), pair(pair(union(empty), pair(empty, empty)), pair(power(empty), pair(empty, empty))))
  member(pair(union(empty), pair(empty, empty)), pair(pair(union(empty), pair(empty, empty)), pair(union(empty), empty)))
  member(pair(union(empty), pair(empty, empty)), pair(pair(union(empty), pair(empty, empty)), pair(union(empty), pair(empty, empty))))
  member(pair(union(empty), pair(empty, empty)), pair(pair(union(empty), pair(empty, empty)), pair(union(empty), union(empty))))
  member(pair(union(empty), pair(empty, empty)), pair(pair(union(empty), pair(empty, empty)), power(pair(empty, empty))))
  member(pair(union(empty), pair(empty, empty)), pair(pair(union(empty), pair(empty, empty)), power(power(empty))))
  member(pair(union(empty), pair(empty, empty)), pair(pair(union(empty), pair(empty, empty)), union(pair(empty, empty))))
  member(pair(union(empty), pair(empty, empty)), pair(pair(union(empty), pair(empty, empty)), union(power(empty))))
  member(pair(union(empty), pair(empty, empty)), pair(power(empty), pair(union(empty), pair(empty, empty))))
  member(pair(union(empty), pair(empty, empty)), pair(power(pair(empty, empty)), pair(union(empty), pair(empty, empty))))
  member(pair(union(empty), pair(empty, empty)), pair(power(power(empty)), pair(union(empty), pair(empty, empty))))
  member(pair(union(empty), pair(empty, empty)), pair(union(empty), pair(union(empty), pair(empty, empty))))
  member(pair(union(empty), pair(empty, empty)), pair(union(pair(empty, empty)), pair(union(empty), pair(empty, empty))))
  member(pair(union(empty), power(empty)), pair(pair(empty, empty), pair(union(empty), power(empty))))
  member(pair(union(empty), power(empty)), pair(pair(empty, union(empty)), pair(union(empty), power(empty))))
  member(pair(union(empty), power(empty)), pair(pair(power(empty), empty), pair(union(empty), power(empty))))
  member(pair(union(empty), power(empty)), pair(pair(power(empty), union(empty)), pair(union(empty), power(empty))))
  member(pair(union(empty), power(empty)), pair(pair(union(empty), pair(empty, empty)), pair(union(empty), power(empty))))
  member(pair(union(empty), power(empty)), pair(pair(union(empty), power(empty)), empty))
  member(pair(union(empty), power(empty)), pair(pair(union(empty), power(empty)), pair(empty, empty)))
  member(pair(union(empty), power(empty)), pair(pair(union(empty), power(empty)), pair(empty, pair(empty, empty))))
  member(pair(union(empty), power(empty)), pair(pair(union(empty), power(empty)), pair(empty, union(empty))))
  member(pair(union(empty), power(empty)), pair(pair(union(empty), power(empty)), pair(pair(empty, empty), pair(empty, empty))))
  member(pair(union(empty), power(empty)), pair(pair(union(empty), power(empty)), pair(pair(empty, empty), union(empty))))
  member(pair(union(empty), power(empty)), pair(pair(union(empty), power(empty)), pair(power(empty), power(empty))))
  member(pair(union(empty), power(empty)), pair(pair(union(empty), power(empty)), pair(union(empty), empty)))
  member(pair(union(empty), power(empty)), pair(pair(union(empty), power(empty)), pair(union(empty), pair(empty, empty))))
  member(pair(union(empty), power(empty)), pair(pair(union(empty), power(empty)), pair(union(empty), power(empty))))
  member(pair(union(empty), power(empty)), pair(pair(union(empty), power(empty)), power(pair(empty, empty))))
  member(pair(union(empty), power(empty)), pair(pair(union(empty), power(empty)), power(union(empty))))
  member(pair(union(empty), power(empty)), pair(power(pair(empty, empty)), pair(union(empty), power(empty))))
  member(pair(union(empty), power(empty)), pair(power(power(empty)), pair(union(empty), power(empty))))
  member(pair(union(empty), power(empty)), pair(power(union(empty)), pair(union(empty), power(empty))))
  member(pair(union(empty), union(empty)), pair(pair(empty, empty), pair(union(empty), union(empty))))
  member(pair(union(empty), union(empty)), pair(pair(empty, power(empty)), pair(union(empty), union(empty))))
  member(pair(union(empty), union(empty)), pair(pair(pair(empty, empty), union(empty)), pair(union(empty), union(empty))))
  member(pair(union(empty), union(empty)), pair(pair(power(empty), pair(empty, empty)), pair(union(empty), union(empty))))
  member(pair(union(empty), union(empty)), pair(pair(power(empty), power(empty)), pair(union(empty), union(empty))))
  member(pair(union(empty), union(empty)), pair(pair(power(empty), union(empty)), pair(union(empty), union(empty))))
  member(pair(union(empty), union(empty)), pair(pair(union(empty), empty), pair(union(empty), union(empty))))
  member(pair(union(empty), union(empty)), pair(pair(union(empty), pair(empty, empty)), pair(union(empty), union(empty))))
  member(pair(union(empty), union(empty)), pair(pair(union(empty), union(empty)), pair(empty, power(empty))))
  member(pair(union(empty), union(empty)), pair(pair(union(empty), union(empty)), pair(pair(empty, empty), empty)))
  member(pair(union(empty), union(empty)), pair(pair(union(empty), union(empty)), pair(pair(empty, empty), union(empty))))
  member(pair(union(empty), union(empty)), pair(pair(union(empty), union(empty)), pair(power(empty), empty)))
  member(pair(union(empty), union(empty)), pair(pair(union(empty), union(empty)), pair(power(empty), power(empty))))
  member(pair(union(empty), union(empty)), pair(pair(union(empty), union(empty)), power(empty)))
  member(pair(union(empty), union(empty)), pair(pair(union(empty), union(empty)), power(pair(empty, empty))))
  member(pair(union(empty), union(empty)), pair(pair(union(empty), union(empty)), power(power(empty))))
  member(pair(union(empty), union(empty)), pair(pair(union(empty), union(empty)), power(union(empty))))
  member(pair(union(empty), union(empty)), pair(pair(union(empty), union(empty)), union(pair(empty, empty))))
  member(pair(union(empty), union(empty)), pair(pair(union(empty), union(empty)), union(power(empty))))
  member(pair(union(empty), union(empty)), pair(pair(union(empty), union(empty)), union(union(empty))))
  member(pair(union(empty), union(empty)), pair(power(union(empty)), pair(union(empty), union(empty))))
  member(pair(union(empty), union(empty)), pair(union(pair(empty, empty)), pair(union(empty), union(empty))))
  member(pair(union(empty), union(empty)), pair(union(union(empty)), pair(union(empty), union(empty))))
  member(power(empty), pair(empty, power(empty)))
  member(power(empty), pair(pair(empty, empty), power(empty)))
  member(power(empty), pair(pair(empty, pair(empty, empty)), power(empty)))
  member(power(empty), pair(pair(empty, union(empty)), power(empty)))
  member(power(empty), pair(pair(pair(empty, empty), empty), power(empty)))
  member(power(empty), pair(pair(pair(empty, empty), power(empty)), power(empty)))
  member(power(empty), pair(pair(pair(empty, empty), union(empty)), power(empty)))
  member(power(empty), pair(pair(union(empty), empty), power(empty)))
  member(power(empty), pair(pair(union(empty), pair(empty, empty)), power(empty)))
  member(power(empty), pair(power(empty), empty))
  member(power(empty), pair(power(empty), pair(empty, empty)))
  member(power(empty), pair(power(empty), pair(empty, pair(empty, empty))))
  member(power(empty), pair(power(empty), pair(pair(empty, empty), pair(empty, empty))))
  member(power(empty), pair(power(empty), pair(power(empty), empty)))
  member(power(empty), pair(power(empty), pair(power(empty), pair(empty, empty))))
  member(power(empty), pair(power(empty), pair(power(empty), union(empty))))
  member(power(empty), pair(power(empty), pair(union(empty), union(empty))))
  member(power(empty), pair(power(empty), power(empty)))
  member(power(empty), pair(power(empty), power(pair(empty, empty))))
  member(power(empty), pair(power(empty), power(power(empty))))
  member(power(empty), pair(power(empty), power(union(empty))))
  member(power(empty), pair(power(empty), union(empty)))
  member(power(empty), pair(power(empty), union(power(empty))))
  member(power(empty), pair(power(power(empty)), power(empty)))
  member(power(empty), pair(union(empty), power(empty)))
  member(power(empty), pair(union(union(empty)), power(empty)))
  member(power(empty), power(power(empty)))
  member(power(pair(empty, empty)), pair(empty, power(pair(empty, empty))))
  member(power(pair(empty, empty)), pair(pair(empty, empty), power(pair(empty, empty))))
  member(power(pair(empty, empty)), pair(pair(empty, power(empty)), power(pair(empty, empty))))
  member(power(pair(empty, empty)), pair(pair(pair(empty, empty), empty), power(pair(empty, empty))))
  member(power(pair(empty, empty)), pair(pair(pair(empty, empty), power(empty)), power(pair(empty, empty))))
  member(power(pair(empty, empty)), pair(pair(pair(empty, empty), union(empty)), power(pair(empty, empty))))
  member(power(pair(empty, empty)), pair(pair(power(empty), empty), power(pair(empty, empty))))
  member(power(pair(empty, empty)), pair(pair(power(empty), pair(empty, empty)), power(pair(empty, empty))))
  member(power(pair(empty, empty)), pair(pair(union(empty), empty), power(pair(empty, empty))))
  member(power(pair(empty, empty)), pair(pair(union(empty), pair(empty, empty)), power(pair(empty, empty))))
  member(power(pair(empty, empty)), pair(pair(union(empty), power(empty)), power(pair(empty, empty))))
  member(power(pair(empty, empty)), pair(power(pair(empty, empty)), empty))
  member(power(pair(empty, empty)), pair(power(pair(empty, empty)), pair(empty, empty)))
  member(power(pair(empty, empty)), pair(power(pair(empty, empty)), pair(empty, pair(empty, empty))))
  member(power(pair(empty, empty)), pair(power(pair(empty, empty)), pair(empty, union(empty))))
  member(power(pair(empty, empty)), pair(power(pair(empty, empty)), pair(pair(empty, empty), pair(empty, empty))))
  member(power(pair(empty, empty)), pair(power(pair(empty, empty)), pair(pair(empty, empty), power(empty))))
  member(power(pair(empty, empty)), pair(power(pair(empty, empty)), pair(power(empty), empty)))
  member(power(pair(empty, empty)), pair(power(pair(empty, empty)), pair(power(empty), power(empty))))
  member(power(pair(empty, empty)), pair(power(pair(empty, empty)), pair(power(empty), union(empty))))
  member(power(pair(empty, empty)), pair(power(pair(empty, empty)), pair(union(empty), pair(empty, empty))))
  member(power(pair(empty, empty)), pair(power(pair(empty, empty)), pair(union(empty), power(empty))))
  member(power(pair(empty, empty)), pair(power(pair(empty, empty)), pair(union(empty), union(empty))))
  member(power(pair(empty, empty)), pair(power(pair(empty, empty)), power(empty)))
  member(power(pair(empty, empty)), pair(power(pair(empty, empty)), power(union(empty))))
  member(power(pair(empty, empty)), pair(power(pair(empty, empty)), union(power(empty))))
  member(power(pair(empty, empty)), pair(power(pair(empty, empty)), union(union(empty))))
  member(power(pair(empty, empty)), pair(union(empty), power(pair(empty, empty))))
  member(power(pair(empty, empty)), pair(union(pair(empty, empty)), power(pair(empty, empty))))
  member(power(pair(empty, empty)), pair(union(union(empty)), power(pair(empty, empty))))
  member(power(power(empty)), pair(pair(empty, pair(empty, empty)), power(power(empty))))
  member(power(power(empty)), pair(pair(empty, union(empty)), power(power(empty))))
  member(power(power(empty)), pair(pair(pair(empty, empty), pair(empty, empty)), power(power(empty))))
  member(power(power(empty)), pair(pair(pair(empty, empty), power(empty)), power(power(empty))))
  member(power(power(empty)), pair(pair(power(empty), power(empty)), power(power(empty))))
  member(power(power(empty)), pair(pair(union(empty), empty), power(power(empty))))
  member(power(power(empty)), pair(pair(union(empty), pair(empty, empty)), power(power(empty))))
  member(power(power(empty)), pair(pair(union(empty), union(empty)), power(power(empty))))
  member(power(power(empty)), pair(power(pair(empty, empty)), power(power(empty))))
  member(power(power(empty)), pair(power(power(empty)), pair(empty, pair(empty, empty))))
  member(power(power(empty)), pair(power(power(empty)), pair(empty, union(empty))))
  member(power(power(empty)), pair(power(power(empty)), pair(pair(empty, empty), pair(empty, empty))))
  member(power(power(empty)), pair(power(power(empty)), pair(pair(empty, empty), union(empty))))
  member(power(power(empty)), pair(power(power(empty)), pair(power(empty), pair(empty, empty))))
  member(power(power(empty)), pair(power(power(empty)), pair(power(empty), union(empty))))
  member(power(power(empty)), pair(power(power(empty)), pair(union(empty), pair(empty, empty))))
  member(power(power(empty)), pair(power(power(empty)), power(empty)))
  member(power(power(empty)), pair(power(power(empty)), power(power(empty))))
  member(power(power(empty)), pair(union(empty), power(power(empty))))
  member(power(power(empty)), pair(union(power(empty)), power(power(empty))))
  member(power(union(empty)), pair(pair(empty, pair(empty, empty)), power(union(empty))))
  member(power(union(empty)), pair(pair(empty, power(empty)), power(union(empty))))
  member(power(union(empty)), pair(pair(pair(empty, empty), empty), power(union(empty))))
  member(power(union(empty)), pair(pair(pair(empty, empty), power(empty)), power(union(empty))))
  member(power(union(empty)), pair(pair(pair(empty, empty), union(empty)), power(union(empty))))
  member(power(union(empty)), pair(power(pair(empty, empty)), power(union(empty))))
  member(power(union(empty)), pair(power(power(empty)), power(union(empty))))
  member(power(union(empty)), pair(power(union(empty)), empty))
  member(power(union(empty)), pair(power(union(empty)), pair(empty, empty)))
  member(power(union(empty)), pair(power(union(empty)), pair(empty, pair(empty, empty))))
  member(power(union(empty)), pair(power(union(empty)), pair(empty, union(empty))))
  member(power(union(empty)), pair(power(union(empty)), pair(pair(empty, empty), empty)))
  member(power(union(empty)), pair(power(union(empty)), pair(pair(empty, empty), pair(empty, empty))))
  member(power(union(empty)), pair(power(union(empty)), pair(pair(empty, empty), union(empty))))
  member(power(union(empty)), pair(power(union(empty)), pair(power(empty), pair(empty, empty))))
  member(power(union(empty)), pair(power(union(empty)), pair(power(empty), power(empty))))
  member(power(union(empty)), pair(power(union(empty)), pair(power(empty), union(empty))))
  member(power(union(empty)), pair(power(union(empty)), pair(union(empty), pair(empty, empty))))
  member(power(union(empty)), pair(power(union(empty)), power(power(empty))))
  member(power(union(empty)), pair(power(union(empty)), union(empty)))
  member(power(union(empty)), pair(power(union(empty)), union(pair(empty, empty))))
  member(power(union(empty)), pair(union(empty), power(union(empty))))
  member(power(union(empty)), pair(union(power(empty)), power(union(empty))))
  member(union(empty), pair(empty, union(empty)))
  member(union(empty), pair(pair(empty, empty), union(empty)))
  member(union(empty), pair(pair(empty, power(empty)), union(empty)))
  member(union(empty), pair(pair(empty, union(empty)), union(empty)))
  member(union(empty), pair(pair(pair(empty, empty), empty), union(empty)))
  member(union(empty), pair(pair(pair(empty, empty), union(empty)), union(empty)))
  member(union(empty), pair(pair(power(empty), empty), union(empty)))
  member(union(empty), pair(pair(power(empty), pair(empty, empty)), union(empty)))
  member(union(empty), pair(pair(power(empty), union(empty)), union(empty)))
  member(union(empty), pair(pair(union(empty), power(empty)), union(empty)))
  member(union(empty), pair(pair(union(empty), union(empty)), union(empty)))
  member(union(empty), pair(power(empty), union(empty)))
  member(union(empty), pair(power(power(empty)), union(empty)))
  member(union(empty), pair(union(empty), empty))
  member(union(empty), pair(union(empty), pair(empty, empty)))
  member(union(empty), pair(union(empty), pair(pair(empty, empty), pair(empty, empty))))
  member(union(empty), pair(union(empty), pair(pair(empty, empty), power(empty))))
  member(union(empty), pair(union(empty), pair(pair(empty, empty), union(empty))))
  member(union(empty), pair(union(empty), pair(power(empty), empty)))
  member(union(empty), pair(union(empty), pair(power(empty), power(empty))))
  member(union(empty), pair(union(empty), pair(power(empty), union(empty))))
  member(union(empty), pair(union(empty), pair(union(empty), empty)))
  member(union(empty), pair(union(empty), pair(union(empty), union(empty))))
  member(union(empty), pair(union(empty), power(empty)))
  member(union(empty), pair(union(empty), power(power(empty))))
  member(union(empty), pair(union(empty), union(empty)))
  member(union(empty), pair(union(empty), union(pair(empty, empty))))
  member(union(empty), pair(union(pair(empty, empty)), union(empty)))
  member(union(empty), pair(union(power(empty)), union(empty)))
  member(union(empty), pair(union(union(empty)), union(empty)))
  member(union(empty), power(union(empty)))
  member(union(pair(empty, empty)), pair(pair(empty, empty), union(pair(empty, empty))))
  member(union(pair(empty, empty)), pair(pair(empty, pair(empty, empty)), union(pair(empty, empty))))
  member(union(pair(empty, empty)), pair(pair(empty, power(empty)), union(pair(empty, empty))))
  member(union(pair(empty, empty)), pair(pair(pair(empty, empty), empty), union(pair(empty, empty))))
  member(union(pair(empty, empty)), pair(pair(power(empty), empty), union(pair(empty, empty))))
  member(union(pair(empty, empty)), pair(pair(power(empty), power(empty)), union(pair(empty, empty))))
  member(union(pair(empty, empty)), pair(pair(power(empty), union(empty)), union(pair(empty, empty))))
  member(union(pair(empty, empty)), pair(pair(union(empty), union(empty)), union(pair(empty, empty))))
  member(union(pair(empty, empty)), pair(power(empty), union(pair(empty, empty))))
  member(union(pair(empty, empty)), pair(power(power(empty)), union(pair(empty, empty))))
  member(union(pair(empty, empty)), pair(power(union(empty)), union(pair(empty, empty))))
  member(union(pair(empty, empty)), pair(union(empty), union(pair(empty, empty))))
  member(union(pair(empty, empty)), pair(union(pair(empty, empty)), empty))
  member(union(pair(empty, empty)), pair(union(pair(empty, empty)), pair(empty, power(empty))))
  member(union(pair(empty, empty)), pair(union(pair(empty, empty)), pair(pair(empty, empty), empty)))
  member(union(pair(empty, empty)), pair(union(pair(empty, empty)), pair(pair(empty, empty), pair(empty, empty))))
  member(union(pair(empty, empty)), pair(union(pair(empty, empty)), pair(pair(empty, empty), power(empty))))
  member(union(pair(empty, empty)), pair(union(pair(empty, empty)), pair(power(empty), empty)))
  member(union(pair(empty, empty)), pair(union(pair(empty, empty)), pair(union(empty), pair(empty, empty))))
  member(union(pair(empty, empty)), pair(union(pair(empty, empty)), pair(union(empty), power(empty))))
  member(union(pair(empty, empty)), pair(union(pair(empty, empty)), power(pair(empty, empty))))
  member(union(pair(empty, empty)), pair(union(pair(empty, empty)), power(power(empty))))
  member(union(pair(empty, empty)), pair(union(pair(empty, empty)), power(union(empty))))
  member(union(pair(empty, empty)), pair(union(pair(empty, empty)), union(empty)))
  member(union(pair(empty, empty)), pair(union(pair(empty, empty)), union(pair(empty, empty))))
  member(union(pair(empty, empty)), pair(union(pair(empty, empty)), union(union(empty))))
  member(union(pair(empty, empty)), pair(union(power(empty)), union(pair(empty, empty))))
  member(union(pair(empty, empty)), pair(union(union(empty)), union(pair(empty, empty))))
  member(union(power(empty)), pair(empty, union(power(empty))))
  member(union(power(empty)), pair(pair(empty, power(empty)), union(power(empty))))
  member(union(power(empty)), pair(pair(pair(empty, empty), empty), union(power(empty))))
  member(union(power(empty)), pair(pair(pair(empty, empty), power(empty)), union(power(empty))))
  member(union(power(empty)), pair(pair(power(empty), power(empty)), union(power(empty))))
  member(union(power(empty)), pair(pair(union(empty), pair(empty, empty)), union(power(empty))))
  member(union(power(empty)), pair(pair(union(empty), power(empty)), union(power(empty))))
  member(union(power(empty)), pair(pair(union(empty), union(empty)), union(power(empty))))
  member(union(power(empty)), pair(power(pair(empty, empty)), union(power(empty))))
  member(union(power(empty)), pair(power(power(empty)), union(power(empty))))
  member(union(power(empty)), pair(power(union(empty)), union(power(empty))))
  member(union(power(empty)), pair(union(power(empty)), empty))
  member(union(power(empty)), pair(union(power(empty)), pair(empty, empty)))
  member(union(power(empty)), pair(union(power(empty)), pair(pair(empty, empty), empty)))
  member(union(power(empty)), pair(union(power(empty)), pair(pair(empty, empty), pair(empty, empty))))
  member(union(power(empty)), pair(union(power(empty)), pair(pair(empty, empty), union(empty))))
  member(union(power(empty)), pair(union(power(empty)), pair(power(empty), empty)))
  member(union(power(empty)), pair(union(power(empty)), pair(power(empty), pair(empty, empty))))
  member(union(power(empty)), pair(union(power(empty)), pair(union(empty), empty)))
  member(union(power(empty)), pair(union(power(empty)), pair(union(empty), power(empty))))
  member(union(power(empty)), pair(union(power(empty)), pair(union(empty), union(empty))))
  member(union(power(empty)), pair(union(power(empty)), power(pair(empty, empty))))
  member(union(power(empty)), pair(union(power(empty)), union(pair(empty, empty))))
  member(union(power(empty)), pair(union(union(empty)), union(power(empty))))
  member(union(union(empty)), pair(pair(empty, union(empty)), union(union(empty))))
  member(union(union(empty)), pair(pair(pair(empty, empty), power(empty)), union(union(empty))))
  member(union(union(empty)), pair(pair(power(empty), empty), union(union(empty))))
  member(union(union(empty)), pair(pair(power(empty), pair(empty, empty)), union(union(empty))))
  member(union(union(empty)), pair(pair(power(empty), power(empty)), union(union(empty))))
  member(union(union(empty)), pair(pair(power(empty), union(empty)), union(union(empty))))
  member(union(union(empty)), pair(pair(union(empty), power(empty)), union(union(empty))))
  member(union(union(empty)), pair(power(pair(empty, empty)), union(union(empty))))
  member(union(union(empty)), pair(power(power(empty)), union(union(empty))))
  member(union(union(empty)), pair(union(pair(empty, empty)), union(union(empty))))
  member(union(union(empty)), pair(union(power(empty)), union(union(empty))))
  member(union(union(empty)), pair(union(union(empty)), pair(empty, empty)))
  member(union(union(empty)), pair(union(union(empty)), pair(empty, power(empty))))
  member(union(union(empty)), pair(union(union(empty)), pair(empty, union(empty))))
  member(union(union(empty)), pair(union(union(empty)), pair(pair(empty, empty), empty)))
  member(union(union(empty)), pair(union(union(empty)), pair(pair(empty, empty), power(empty))))
  member(union(union(empty)), pair(union(union(empty)), pair(pair(empty, empty), union(empty))))
  member(union(union(empty)), pair(union(union(empty)), pair(power(empty), empty)))
  member(union(union(empty)), pair(union(union(empty)), power(empty)))
  member(union(union(empty)), pair(union(union(empty)), power(power(empty))))
  member(union(union(empty)), pair(union(union(empty)), power(union(empty))))
  member(union(union(empty)), pair(union(union(empty)), union(union(empty))))
set (362):
  set(empty)
  set(pair(empty, empty))
  set(pair(empty, pair(empty, empty)))
  set(pair(empty, pair(empty, power(empty))))
  set(pair(empty, pair(empty, union(empty))))
  set(pair(empty, pair(pair(empty, empty), pair(empty, empty))))
  set(pair(empty, pair(pair(empty, empty), power(empty))))
  set(pair(empty, pair(pair(empty, empty), union(empty))))
  set(pair(empty, pair(power(empty), empty)))
  set(pair(empty, pair(power(empty), power(empty))))
  set(pair(empty, pair(union(empty), power(empty))))
  set(pair(empty, pair(union(empty), union(empty))))
  set(pair(empty, power(empty)))
  set(pair(empty, power(pair(empty, empty))))
  set(pair(empty, power(union(empty))))
  set(pair(empty, union(empty)))
  set(pair(empty, union(pair(empty, empty))))
  set(pair(pair(empty, empty), empty))
  set(pair(pair(empty, empty), pair(empty, empty)))
  set(pair(pair(empty, empty), pair(empty, union(empty))))
  set(pair(pair(empty, empty), pair(pair(empty, empty), empty)))
  set(pair(pair(empty, empty), pair(pair(empty, empty), union(empty))))
  set(pair(pair(empty, empty), pair(power(empty), pair(empty, empty))))
  set(pair(pair(empty, empty), pair(power(empty), power(empty))))
  set(pair(pair(empty, empty), pair(union(empty), power(empty))))
  set(pair(pair(empty, empty), power(empty)))
  set(pair(pair(empty, empty), union(empty)))
  set(pair(pair(empty, empty), union(union(empty))))
  set(pair(pair(empty, pair(empty, empty)), pair(empty, power(empty))))
  set(pair(pair(empty, pair(empty, empty)), pair(pair(empty, empty), pair(empty, empty))))
  set(pair(pair(empty, pair(empty, empty)), pair(power(empty), empty)))
  set(pair(pair(empty, pair(empty, empty)), pair(power(empty), pair(empty, empty))))
  set(pair(pair(empty, pair(empty, empty)), pair(power(empty), power(empty))))
  set(pair(pair(empty, pair(empty, empty)), pair(power(empty), union(empty))))
  set(pair(pair(empty, pair(empty, empty)), pair(union(empty), empty)))
  set(pair(pair(empty, pair(empty, empty)), pair(union(empty), pair(empty, empty))))
  set(pair(pair(empty, pair(empty, empty)), pair(union(empty), power(empty))))
  set(pair(pair(empty, pair(empty, empty)), power(pair(empty, empty))))
  set(pair(pair(empty, pair(empty, empty)), power(union(empty))))
  set(pair(pair(empty, pair(empty, empty)), union(pair(empty, empty))))
  set(pair(pair(empty, power(empty)), empty))
  set(pair(pair(empty, power(empty)), pair(empty, union(empty))))
  set(pair(pair(empty, power(empty)), pair(pair(empty, empty), empty)))
  set(pair(pair(empty, power(empty)), pair(pair(empty, empty), power(empty))))
  set(pair(pair(empty, power(empty)), pair(power(empty), union(empty))))
  set(pair(pair(empty, power(empty)), pair(union(empty), empty)))
  set(pair(pair(empty, power(empty)), pair(union(empty), pair(empty, empty))))
  set(pair(pair(empty, power(empty)), pair(union(empty), power(empty))))
  set(pair(pair(empty, power(empty)), pair(union(empty), union(empty))))
  set(pair(pair(empty, power(empty)), power(union(empty))))
  set(pair(pair(empty, power(empty)), union(empty)))
  set(pair(pair(empty, power(empty)), union(power(empty))))
  set(pair(pair(empty, union(empty)), pair(empty, empty)))
  set(pair(pair(empty, union(empty)), pair(empty, pair(empty, empty))))
  set(pair(pair(empty, union(empty)), pair(empty, power(empty))))
  set(pair(pair(empty, union(empty)), pair(empty, union(empty))))
  set(pair(pair(empty, union(empty)), pair(pair(empty, empty), empty)))
  set(pair(pair(empty, union(empty)), pair(pair(empty, empty), power(empty))))
  set(pair(pair(empty, union(empty)), pair(power(empty), union(empty))))
  set(pair(pair(empty, union(empty)), pair(union(empty), empty)))
  set(pair(pair(empty, union(empty)), pair(union(empty), power(empty))))
  set(pair(pair(empty, union(empty)), pair(union(empty), union(empty))))
  set(pair(pair(empty, union(empty)), union(empty)))
  set(pair(pair(empty, union(empty)), union(power(empty))))
  set(pair(pair(pair(empty, empty), empty), pair(empty, power(empty))))
  set(pair(pair(pair(empty, empty), empty), pair(empty, union(empty))))
  set(pair(pair(pair(empty, empty), empty), pair(pair(empty, empty), pair(empty, empty))))
  set(pair(pair(pair(empty, empty), empty), pair(pair(empty, empty), power(empty))))
  set(pair(pair(pair(empty, empty), empty), pair(pair(empty, empty), union(empty))))
  set(pair(pair(pair(empty, empty), empty), pair(power(empty), union(empty))))
  set(pair(pair(pair(empty, empty), empty), pair(union(empty), union(empty))))
  set(pair(pair(pair(empty, empty), empty), power(power(empty))))
  set(pair(pair(pair(empty, empty), empty), union(empty)))
  set(pair(pair(pair(empty, empty), pair(empty, empty)), pair(empty, power(empty))))
  set(pair(pair(pair(empty, empty), pair(empty, empty)), pair(pair(empty, empty), union(empty))))
  set(pair(pair(pair(empty, empty), pair(empty, empty)), pair(power(empty), power(empty))))
  set(pair(pair(pair(empty, empty), pair(empty, empty)), pair(power(empty), union(empty))))
  set(pair(pair(pair(empty, empty), pair(empty, empty)), pair(union(empty), pair(empty, empty))))
  set(pair(pair(pair(empty, empty), pair(empty, empty)), pair(union(empty), union(empty))))
  set(pair(pair(pair(empty, empty), pair(empty, empty)), power(empty)))
  set(pair(pair(pair(empty, empty), pair(empty, empty)), power(union(empty))))
  set(pair(pair(pair(empty, empty), pair(empty, empty)), union(empty)))
  set(pair(pair(pair(empty, empty), pair(empty, empty)), union(pair(empty, empty))))
  set(pair(pair(pair(empty, empty), pair(empty, empty)), union(power(empty))))
  set(pair(pair(pair(empty, empty), pair(empty, empty)), union(union(empty))))
  set(pair(pair(pair(empty, empty), power(empty)), empty))
  set(pair(pair(pair(empty, empty), power(empty)), pair(empty, pair(empty, empty))))
  set(pair(pair(pair(empty, empty), power(empty)), pair(empty, power(empty))))
  set(pair(pair(pair(empty, empty), power(empty)), pair(empty, union(empty))))
  set(pair(pair(pair(empty, empty), power(empty)), pair(pair(empty, empty), pair(empty, empty))))
  set(pair(pair(pair(empty, empty), power(empty)), pair(pair(empty, empty), union(empty))))
  set(pair(pair(pair(empty, empty), power(empty)), pair(power(empty), empty)))
  set(pair(pair(pair(empty, empty), power(empty)), pair(power(empty), power(empty))))
  set(pair(pair(pair(empty, empty), power(empty)), pair(power(empty), union(empty))))
  set(pair(pair(pair(empty, empty), power(empty)), pair(union(empty), empty)))
  set(pair(pair(pair(empty, empty), power(empty)), pair(union(empty), pair(empty, empty))))
  set(pair(pair(pair(empty, empty), power(empty)), pair(union(empty), power(empty))))
  set(pair(pair(pair(empty, empty), power(empty)), pair(union(empty), union(empty))))
  set(pair(pair(pair(empty, empty), power(empty)), power(empty)))
  set(pair(pair(pair(empty, empty), power(empty)), power(pair(empty, empty))))
  set(pair(pair(pair(empty, empty), power(empty)), power(union(empty))))
  set(pair(pair(pair(empty, empty), union(empty)), empty))
  set(pair(pair(pair(empty, empty), union(empty)), pair(empty, empty)))
  set(pair(pair(pair(empty, empty), union(empty)), pair(pair(empty, empty), pair(empty, empty))))
  set(pair(pair(pair(empty, empty), union(empty)), pair(pair(empty, empty), power(empty))))
  set(pair(pair(pair(empty, empty), union(empty)), pair(power(empty), power(empty))))
  set(pair(pair(pair(empty, empty), union(empty)), pair(union(empty), empty)))
  set(pair(pair(pair(empty, empty), union(empty)), pair(union(empty), pair(empty, empty))))
  set(pair(pair(pair(empty, empty), union(empty)), pair(union(empty), power(empty))))
  set(pair(pair(pair(empty, empty), union(empty)), union(pair(empty, empty))))
  set(pair(pair(pair(empty, empty), union(empty)), union(power(empty))))
  set(pair(pair(pair(empty, empty), union(empty)), union(union(empty))))
  set(pair(pair(power(empty), empty), pair(empty, empty)))
  set(pair(pair(power(empty), empty), pair(empty, power(empty))))
  set(pair(pair(power(empty), empty), pair(empty, union(empty))))
  set(pair(pair(power(empty), empty), pair(pair(empty, empty), empty)))
  set(pair(pair(power(empty), empty), pair(pair(empty, empty), pair(empty, empty))))
  set(pair(pair(power(empty), empty), pair(pair(empty, empty), power(empty))))
  set(pair(pair(power(empty), empty), pair(power(empty), empty)))
  set(pair(pair(power(empty), empty), pair(power(empty), pair(empty, empty))))
  set(pair(pair(power(empty), empty), pair(power(empty), power(empty))))
  set(pair(pair(power(empty), empty), pair(union(empty), pair(empty, empty))))
  set(pair(pair(power(empty), empty), pair(union(empty), power(empty))))
  set(pair(pair(power(empty), empty), power(empty)))
  set(pair(pair(power(empty), empty), power(pair(empty, empty))))
  set(pair(pair(power(empty), empty), power(union(empty))))
  set(pair(pair(power(empty), empty), union(pair(empty, empty))))
  set(pair(pair(power(empty), empty), union(union(empty))))
  set(pair(pair(power(empty), pair(empty, empty)), empty))
  set(pair(pair(power(empty), pair(empty, empty)), pair(empty, empty)))
  set(pair(pair(power(empty), pair(empty, empty)), pair(empty, pair(empty, empty))))
  set(pair(pair(power(empty), pair(empty, empty)), pair(empty, power(empty))))
  set(pair(pair(power(empty), pair(empty, empty)), pair(empty, union(empty))))
  set(pair(pair(power(empty), pair(empty, empty)), pair(pair(empty, empty), pair(empty, empty))))
  set(pair(pair(power(empty), pair(empty, empty)), pair(pair(empty, empty), power(empty))))
  set(pair(pair(power(empty), pair(empty, empty)), pair(pair(empty, empty), union(empty))))
  set(pair(pair(power(empty), pair(empty, empty)), pair(power(empty), union(empty))))
  set(pair(pair(power(empty), pair(empty, empty)), pair(union(empty), pair(empty, empty))))
  set(pair(pair(power(empty), pair(empty, empty)), pair(union(empty), union(empty))))
  set(pair(pair(power(empty), pair(empty, empty)), power(empty)))
  set(pair(pair(power(empty), pair(empty, empty)), power(power(empty))))
  set(pair(pair(power(empty), pair(empty, empty)), union(empty)))
  set(pair(pair(power(empty), pair(empty, empty)), union(union(empty))))
  set(pair(pair(power(empty), power(empty)), empty))
  set(pair(pair(power(empty), power(empty)), pair(empty, empty)))
  set(pair(pair(power(empty), power(empty)), pair(empty, pair(empty, empty))))
  set(pair(pair(power(empty), power(empty)), pair(empty, power(empty))))
  set(pair(pair(power(empty), power(empty)), pair(pair(empty, empty), empty)))
  set(pair(pair(power(empty), power(empty)), pair(pair(empty, empty), power(empty))))
  set(pair(pair(power(empty), power(empty)), pair(pair(empty, empty), union(empty))))
  set(pair(pair(power(empty), power(empty)), pair(power(empty), power(empty))))
  set(pair(pair(power(empty), power(empty)), pair(union(empty), power(empty))))
  set(pair(pair(power(empty), power(empty)), pair(union(empty), union(empty))))
  set(pair(pair(power(empty), power(empty)), power(power(empty))))
  set(pair(pair(power(empty), power(empty)), union(empty)))
  set(pair(pair(power(empty), power(empty)), union(pair(empty, empty))))
  set(pair(pair(power(empty), union(empty)), empty))
  set(pair(pair(power(empty), union(empty)), pair(empty, power(empty))))
  set(pair(pair(power(empty), union(empty)), pair(empty, union(empty))))
  set(pair(pair(power(empty), union(empty)), pair(pair(empty, empty), empty)))
  set(pair(pair(power(empty), union(empty)), pair(power(empty), union(empty))))
  set(pair(pair(power(empty), union(empty)), pair(union(empty), union(empty))))
  set(pair(pair(power(empty), union(empty)), power(empty)))
  set(pair(pair(power(empty), union(empty)), power(pair(empty, empty))))
  set(pair(pair(power(empty), union(empty)), power(power(empty))))
  set(pair(pair(power(empty), union(empty)), power(union(empty))))
  set(pair(pair(power(empty), union(empty)), union(union(empty))))
  set(pair(pair(union(empty), empty), pair(empty, empty)))
  set(pair(pair(union(empty), empty), pair(empty, pair(empty, empty))))
  set(pair(pair(union(empty), empty), pair(empty, power(empty))))
  set(pair(pair(union(empty), empty), pair(pair(empty, empty), empty)))
  set(pair(pair(union(empty), empty), pair(pair(empty, empty), power(empty))))
  set(pair(pair(union(empty), empty), pair(power(empty), empty)))
  set(pair(pair(union(empty), empty), pair(power(empty), power(empty))))
  set(pair(pair(union(empty), empty), pair(power(empty), union(empty))))
  set(pair(pair(union(empty), empty), pair(union(empty), empty)))
  set(pair(pair(union(empty), empty), pair(union(empty), pair(empty, empty))))
  set(pair(pair(union(empty), empty), pair(union(empty), power(empty))))
  set(pair(pair(union(empty), empty), pair(union(empty), union(empty))))
  set(pair(pair(union(empty), empty), union(empty)))
  set(pair(pair(union(empty), empty), union(pair(empty, empty))))
  set(pair(pair(union(empty), empty), union(union(empty))))
  set(pair(pair(union(empty), pair(empty, empty)), pair(empty, pair(empty, empty))))
  set(pair(pair(union(empty), pair(empty, empty)), pair(pair(empty, empty), empty)))
  set(pair(pair(union(empty), pair(empty, empty)), pair(pair(empty, empty), power(empty))))
  set(pair(pair(union(empty), pair(empty, empty)), pair(pair(empty, empty), union(empty))))
  set(pair(pair(union(empty), pair(empty, empty)), pair(power(empty), empty)))
  set(pair(pair(union(empty), pair(empty, empty)), pair(power(empty), union(empty))))
  set(pair(pair(union(empty), pair(empty, empty)), pair(union(empty), empty)))
  set(pair(pair(union(empty), pair(empty, empty)), pair(union(empty), pair(empty, empty))))
  set(pair(pair(union(empty), pair(empty, empty)), power(power(empty))))
  set(pair(pair(union(empty), pair(empty, empty)), union(empty)))
  set(pair(pair(union(empty), pair(empty, empty)), union(pair(empty, empty))))
  set(pair(pair(union(empty), pair(empty, empty)), union(power(empty))))
  set(pair(pair(union(empty), power(empty)), pair(pair(empty, empty), empty)))
  set(pair(pair(union(empty), power(empty)), pair(pair(empty, empty), pair(empty, empty))))
  set(pair(pair(union(empty), power(empty)), pair(pair(empty, empty), power(empty))))
  set(pair(pair(union(empty), power(empty)), pair(pair(empty, empty), union(empty))))
  set(pair(pair(union(empty), power(empty)), pair(power(empty), pair(empty, empty))))
  set(pair(pair(union(empty), power(empty)), pair(power(empty), power(empty))))
  set(pair(pair(union(empty), power(empty)), pair(power(empty), union(empty))))
  set(pair(pair(union(empty), power(empty)), pair(union(empty), pair(empty, empty))))
  set(pair(pair(union(empty), power(empty)), power(empty)))
  set(pair(pair(union(empty), power(empty)), power(pair(empty, empty))))
  set(pair(pair(union(empty), power(empty)), power(power(empty))))
  set(pair(pair(union(empty), power(empty)), power(union(empty))))
  set(pair(pair(union(empty), power(empty)), union(power(empty))))
  set(pair(pair(union(empty), union(empty)), pair(empty, empty)))
  set(pair(pair(union(empty), union(empty)), pair(empty, union(empty))))
  set(pair(pair(union(empty), union(empty)), pair(pair(empty, empty), pair(empty, empty))))
  set(pair(pair(union(empty), union(empty)), pair(pair(empty, empty), power(empty))))
  set(pair(pair(union(empty), union(empty)), pair(power(empty), pair(empty, empty))))
  set(pair(pair(union(empty), union(empty)), pair(union(empty), empty)))
  set(pair(pair(union(empty), union(empty)), pair(union(empty), power(empty))))
  set(pair(pair(union(empty), union(empty)), pair(union(empty), union(empty))))
  set(pair(pair(union(empty), union(empty)), power(power(empty))))
  set(pair(pair(union(empty), union(empty)), power(union(empty))))
  set(pair(pair(union(empty), union(empty)), union(union(empty))))
  set(pair(power(empty), empty))
  set(pair(power(empty), pair(empty, empty)))
  set(pair(power(empty), pair(empty, pair(empty, empty))))
  set(pair(power(empty), pair(empty, power(empty))))
  set(pair(power(empty), pair(empty, union(empty))))
  set(pair(power(empty), pair(pair(empty, empty), empty)))
  set(pair(power(empty), pair(pair(empty, empty), pair(empty, empty))))
  set(pair(power(empty), pair(power(empty), empty)))
  set(pair(power(empty), pair(power(empty), pair(empty, empty))))
  set(pair(power(empty), pair(power(empty), power(empty))))
  set(pair(power(empty), pair(union(empty), pair(empty, empty))))
  set(pair(power(empty), power(empty)))
  set(pair(power(empty), power(power(empty))))
  set(pair(power(empty), power(union(empty))))
  set(pair(power(empty), union(empty)))
  set(pair(power(empty), union(pair(empty, empty))))
  set(pair(power(empty), union(union(empty))))
  set(pair(power(pair(empty, empty)), pair(empty, pair(empty, empty))))
  set(pair(power(pair(empty, empty)), pair(empty, union(empty))))
  set(pair(power(pair(empty, empty)), pair(pair(empty, empty), pair(empty, empty))))
  set(pair(power(pair(empty, empty)), pair(union(empty), pair(empty, empty))))
  set(pair(power(pair(empty, empty)), pair(union(empty), union(empty))))
  set(pair(power(pair(empty, empty)), power(pair(empty, empty))))
  set(pair(power(pair(empty, empty)), power(power(empty))))
  set(pair(power(pair(empty, empty)), power(union(empty))))
  set(pair(power(pair(empty, empty)), union(pair(empty, empty))))
  set(pair(power(pair(empty, empty)), union(power(empty))))
  set(pair(power(power(empty)), empty))
  set(pair(power(power(empty)), pair(empty, pair(empty, empty))))
  set(pair(power(power(empty)), pair(empty, power(empty))))
  set(pair(power(power(empty)), pair(empty, union(empty))))
  set(pair(power(power(empty)), pair(pair(empty, empty), union(empty))))
  set(pair(power(power(empty)), pair(power(empty), pair(empty, empty))))
  set(pair(power(power(empty)), pair(union(empty), empty)))
  set(pair(power(power(empty)), pair(union(empty), pair(empty, empty))))
  set(pair(power(power(empty)), pair(union(empty), power(empty))))
  set(pair(power(power(empty)), power(empty)))
  set(pair(power(power(empty)), power(union(empty))))
  set(pair(power(power(empty)), union(empty)))
  set(pair(power(power(empty)), union(power(empty))))
  set(pair(power(union(empty)), empty))
  set(pair(power(union(empty)), pair(empty, empty)))
  set(pair(power(union(empty)), pair(empty, pair(empty, empty))))
  set(pair(power(union(empty)), pair(empty, power(empty))))
  set(pair(power(union(empty)), pair(pair(empty, empty), empty)))
  set(pair(power(union(empty)), pair(pair(empty, empty), union(empty))))
  set(pair(power(union(empty)), pair(power(empty), empty)))
  set(pair(power(union(empty)), pair(power(empty), pair(empty, empty))))
  set(pair(power(union(empty)), pair(union(empty), pair(empty, empty))))
  set(pair(power(union(empty)), power(power(empty))))
  set(pair(power(union(empty)), union(pair(empty, empty))))
  set(pair(power(union(empty)), union(power(empty))))
  set(pair(power(union(empty)), union(union(empty))))
  set(pair(union(empty), empty))
  set(pair(union(empty), pair(empty, empty)))
  set(pair(union(empty), pair(empty, pair(empty, empty))))
  set(pair(union(empty), pair(empty, power(empty))))
  set(pair(union(empty), pair(empty, union(empty))))
  set(pair(union(empty), pair(pair(empty, empty), pair(empty, empty))))
  set(pair(union(empty), pair(power(empty), empty)))
  set(pair(union(empty), pair(power(empty), pair(empty, empty))))
  set(pair(union(empty), pair(union(empty), empty)))
  set(pair(union(empty), power(empty)))
  set(pair(union(empty), power(power(empty))))
  set(pair(union(empty), union(empty)))
  set(pair(union(empty), union(pair(empty, empty))))
  set(pair(union(empty), union(power(empty))))
  set(pair(union(empty), union(union(empty))))
  set(pair(union(pair(empty, empty)), empty))
  set(pair(union(pair(empty, empty)), pair(empty, power(empty))))
  set(pair(union(pair(empty, empty)), pair(pair(empty, empty), empty)))
  set(pair(union(pair(empty, empty)), pair(pair(empty, empty), pair(empty, empty))))
  set(pair(union(pair(empty, empty)), pair(pair(empty, empty), power(empty))))
  set(pair(union(pair(empty, empty)), pair(pair(empty, empty), union(empty))))
  set(pair(union(pair(empty, empty)), pair(power(empty), empty)))
  set(pair(union(pair(empty, empty)), pair(power(empty), power(empty))))
  set(pair(union(pair(empty, empty)), pair(union(empty), union(empty))))
  set(pair(union(pair(empty, empty)), power(empty)))
  set(pair(union(pair(empty, empty)), power(power(empty))))
  set(pair(union(pair(empty, empty)), union(empty)))
  set(pair(union(pair(empty, empty)), union(pair(empty, empty))))
  set(pair(union(pair(empty, empty)), union(power(empty))))
  set(pair(union(pair(empty, empty)), union(union(empty))))
  set(pair(union(power(empty)), empty))
  set(pair(union(power(empty)), pair(empty, empty)))
  set(pair(union(power(empty)), pair(empty, union(empty))))
  set(pair(union(power(empty)), pair(pair(empty, empty), empty)))
  set(pair(union(power(empty)), pair(pair(empty, empty), power(empty))))
  set(pair(union(power(empty)), pair(pair(empty, empty), union(empty))))
  set(pair(union(power(empty)), pair(power(empty), empty)))
  set(pair(union(power(empty)), pair(power(empty), pair(empty, empty))))
  set(pair(union(power(empty)), pair(power(empty), union(empty))))
  set(pair(union(power(empty)), pair(union(empty), pair(empty, empty))))
  set(pair(union(power(empty)), pair(union(empty), union(empty))))
  set(pair(union(power(empty)), power(empty)))
  set(pair(union(power(empty)), power(pair(empty, empty))))
  set(pair(union(power(empty)), union(pair(empty, empty))))
  set(pair(union(power(empty)), union(power(empty))))
  set(pair(union(union(empty)), pair(empty, union(empty))))
  set(pair(union(union(empty)), pair(pair(empty, empty), empty)))
  set(pair(union(union(empty)), pair(pair(empty, empty), pair(empty, empty))))
  set(pair(union(union(empty)), pair(pair(empty, empty), power(empty))))
  set(pair(union(union(empty)), pair(pair(empty, empty), union(empty))))
  set(pair(union(union(empty)), pair(power(empty), empty)))
  set(pair(union(union(empty)), pair(power(empty), pair(empty, empty))))
  set(pair(union(union(empty)), pair(power(empty), union(empty))))
  set(pair(union(union(empty)), pair(union(empty), empty)))
  set(pair(union(union(empty)), pair(union(empty), union(empty))))
  set(pair(union(union(empty)), power(empty)))
  set(pair(union(union(empty)), power(pair(empty, empty))))
  set(pair(union(union(empty)), power(power(empty))))
  set(pair(union(union(empty)), power(union(empty))))
  set(pair(union(union(empty)), union(pair(empty, empty))))
  set(pair(union(union(empty)), union(power(empty))))
  set(power(empty))
  set(power(pair(empty, empty)))
  set(power(pair(empty, power(empty))))
  set(power(pair(pair(empty, empty), pair(empty, empty))))
  set(power(pair(pair(empty, empty), power(empty))))
  set(power(pair(power(empty), empty)))
  set(power(pair(power(empty), pair(empty, empty))))
  set(power(pair(power(empty), power(empty))))
  set(power(pair(power(empty), union(empty))))
  set(power(pair(union(empty), power(empty))))
  set(power(power(empty)))
  set(power(union(empty)))
  set(power(union(power(empty))))
  set(power(union(union(empty))))
  set(union(empty))
  set(union(pair(empty, empty)))
  set(union(pair(empty, pair(empty, empty))))
  set(union(pair(empty, power(empty))))
  set(union(pair(empty, union(empty))))
  set(union(pair(pair(empty, empty), union(empty))))
  set(union(pair(power(empty), pair(empty, empty))))
  set(union(pair(power(empty), power(empty))))
  set(union(pair(power(empty), union(empty))))
  set(union(pair(union(empty), union(empty))))
  set(union(power(empty)))
  set(union(power(pair(empty, empty))))
  set(union(power(union(empty))))
  set(union(union(empty)))
  set(union(union(pair(empty, empty))))
  set(union(union(power(empty))))
subset (28):
  subset(empty, _0)
  subset(empty, empty)
  subset(empty, pair(empty, empty))
  subset(empty, pair(empty, power(empty)))
  subset(empty, pair(empty, union(empty)))
  subset(empty, pair(pair(empty, empty), pair(empty, empty)))
  subset(empty, pair(pair(empty, empty), power(empty)))
  subset(empty, pair(pair(empty, empty), union(empty)))
  subset(empty, pair(power(empty), power(empty)))
  subset(empty, pair(power(empty), union(empty)))
  subset(empty, pair(union(empty), empty))
  subset(empty, pair(union(empty), pair(empty, empty)))
  subset(empty, power(empty))
  subset(empty, power(union(empty)))
  subset(empty, union(empty))
  subset(pair(empty, empty), pair(empty, empty))
  subset(pair(empty, pair(empty, empty)), pair(empty, pair(empty, empty)))
  subset(pair(pair(empty, empty), union(empty)), pair(pair(empty, empty), union(empty)))
  subset(pair(power(empty), empty), pair(power(empty), empty))
  subset(pair(power(empty), union(empty)), pair(power(empty), union(empty)))
  subset(pair(union(empty), power(empty)), pair(union(empty), power(empty)))
  subset(pair(union(empty), union(empty)), pair(union(empty), union(empty)))
  subset(power(empty), power(empty))
  subset(power(pair(empty, empty)), power(pair(empty, empty)))
  subset(power(union(empty)), power(union(empty)))
  subset(union(empty), union(empty))
  subset(union(pair(empty, empty)), union(pair(empty, empty)))
  subset(union(power(empty)), union(power(empty)))
