993 |             let mut trial = base.clone();
    = note: `#[warn(unused_mut)]` (part of `#[warn(unused)]`) on by default
993 |             let mut trial = base.clone();
    = note: `#[warn(unused_variables)]` (part of `#[warn(unused)]`) on by default
3168 |                 let op = |a: usize, b: usize| -> usize { table[a * n + b] };
3288 |             let mut target_axioms = String::new();
     = note: consider using `_target_axioms` instead
3285 |             let mut found_target = false;
     = help: maybe it is overwritten before being read?
     = note: `#[warn(unused_assignments)]` (part of `#[warn(unused)]`) on by default
3299 |                 target_axioms = "assoc+comm+id+inv".to_string();
     = help: maybe it is overwritten before being read?
415 |     let all_relations: Vec<(String, usize)> = engine.relation_defs()
    = note: `#[warn(unused_variables)]` (part of `#[warn(unused)]`) on by default
3542 |     let alg_strict = id_only_has("implies_observed(left_id, idempotent)")
============================================================
  PHASE 6: ZFC WITH PAIRING
  3000 facts, 4 rounds
============================================================
  Property extensions:
    is_set                 |ext|=18
    superset_of_empty      |ext|=3
    has_member_empty       |ext|=7
    self_subset            |ext|=3
    is_pair_constructed    |ext|=12
  Implications:
  Equivalences:
  Key question: do equivalences survive pairing?
    is_set ↔ superset_of_empty: false
    is_set ↔ self_subset: false
    has_member_empty → is_set: false
    is_pair_constructed → is_set: false
  RESOURCE BOUNDARY:
    is_set |ext|=18 vs superset_of_empty |ext|=3
    Pairing generates sets faster than empty_subset adds subsets.
    The equivalence is definitionally true but inductively
    unconfirmable when derivation rates diverge under a fact cap.
    This is NOT a mathematical breakdown — it's a resource boundary.
test test_zfc_property_with_pairing ... ok
test result: ok. 1 passed; 0 failed; 0 ignored; 0 measured; 24 filtered out; finished in 7.36s
