3028 |                 let op = |a: usize, b: usize| -> usize { table[a * n + b] };
     = note: `#[warn(unused_variables)]` (part of `#[warn(unused)]`) on by default
3148 |             let mut target_axioms = String::new();
     = note: consider using `_target_axioms` instead
3145 |             let mut found_target = false;
     = help: maybe it is overwritten before being read?
     = note: `#[warn(unused_assignments)]` (part of `#[warn(unused)]`) on by default
3159 |                 target_axioms = "assoc+comm+id+inv".to_string();
     = help: maybe it is overwritten before being read?
415 |     let all_relations: Vec<(String, usize)> = engine.relation_defs()
    = note: `#[warn(unused_variables)]` (part of `#[warn(unused)]`) on by default
============================================================
  AUTONOMOUS POSET DISCOVERY
  (same pipeline as algebraic discovery, different data)
============================================================
  Initial relations: [("distinct", 2), ("eq", 2), ("lt", 2)]
  Initial rules: 3
  --- Round 0 ---
  Promoted concepts: 0
  Verification rules: []
  No beam result
  Chain identities: 0
  Total facts: 43, relations: 4
test test_poset_autonomous_discovery ... ok
test result: ok. 1 passed; 0 failed; 0 ignored; 0 measured; 14 filtered out; finished in 0.00s
