993 |             let mut trial = base.clone();
    = note: `#[warn(unused_mut)]` (part of `#[warn(unused)]`) on by default
993 |             let mut trial = base.clone();
    = note: `#[warn(unused_variables)]` (part of `#[warn(unused)]`) on by default
3168 |                 let op = |a: usize, b: usize| -> usize { table[a * n + b] };
3288 |             let mut target_axioms = String::new();
     = note: consider using `_target_axioms` instead
3285 |             let mut found_target = false;
     = help: maybe it is overwritten before being read?
     = note: `#[warn(unused_assignments)]` (part of `#[warn(unused)]`) on by default
3299 |                 target_axioms = "assoc+comm+id+inv".to_string();
     = help: maybe it is overwritten before being read?
415 |     let all_relations: Vec<(String, usize)> = engine.relation_defs()
    = note: `#[warn(unused_variables)]` (part of `#[warn(unused)]`) on by default
3700 |     let alg_strict = id_only_has("implies_observed(left_id, idempotent)")
============================================================
  AUTO COMBINATION SEARCH (Top-K across 3 domains)
============================================================
  Algebra (assoc+id):
    Properties: left_id, right_id, idempotent
    Candidates with score > 0: 0
    No informative combinations (all degenerate)
  Order theory (chain a<b<c<d):
    Properties: is_maximal, is_minimal, is_isolated, is_extremal
    Candidates with score > 0: 0
    No informative combinations
  Set theory (powerset chain):
    Properties: is_set, superset_of_empty, has_member_empty, self_subset
    Candidates with score > 0: 0
    No informative combinations
  Summary:
    Algebra:     0 informative combos
    Order:       0 informative combos
    Set theory:  0 informative combos
  Interpretation:
    Few/no informative combos = structure is already well-captured
    by individual properties (degenerate/saturated).
    Informative combos reveal genuinely new property intersections.
test test_auto_combo_search ... ok
test result: ok. 1 passed; 0 failed; 0 ignored; 0 measured; 30 filtered out; finished in 0.12s
