993 |             let mut trial = base.clone();
    = note: `#[warn(unused_mut)]` (part of `#[warn(unused)]`) on by default
993 |             let mut trial = base.clone();
    = note: `#[warn(unused_variables)]` (part of `#[warn(unused)]`) on by default
3168 |                 let op = |a: usize, b: usize| -> usize { table[a * n + b] };
3288 |             let mut target_axioms = String::new();
     = note: consider using `_target_axioms` instead
3285 |             let mut found_target = false;
     = help: maybe it is overwritten before being read?
     = note: `#[warn(unused_assignments)]` (part of `#[warn(unused)]`) on by default
3299 |                 target_axioms = "assoc+comm+id+inv".to_string();
     = help: maybe it is overwritten before being read?
415 |     let all_relations: Vec<(String, usize)> = engine.relation_defs()
    = note: `#[warn(unused_variables)]` (part of `#[warn(unused)]`) on by default
3700 |     let alg_strict = id_only_has("implies_observed(left_id, idempotent)")
============================================================
  COMBINATION SCORING
============================================================
  Scenario 1: Z₃ left_id ∧ right_id
    ext(left) = ext(right) = {e0}
    score=0.0000, diagnosis=degenerate_to_p
  Scenario 2: magma left_id ∧ right_id
    ext(left)={e0}, ext(right)={}
    score=0.0000, diagnosis=empty_extension
  Scenario 3: assoc+id left_id ∧ idempotent
    ext(left)=["e2"], ext(idem)=["e0", "e1", "e2"]
    score=0.0000, diagnosis=degenerate_to_p
  Scenario 4: manual ext(pp)={a,b,c}, ext(qq)={b,c,d}
    ext(pp∧qq) = {b,c}
    score=0.1667, diagnosis=positive
    Expected ≈ 0.167 (independence=0.33 × rarity=1.0 × constraint=0.5)
  Summary:
    Degenerate (same ext) → score=0, degenerate_to_p ✓
    Empty (one ext empty) → score=0, empty_extension ✓
    Subset (ext⊂ext) → score=0, degenerate_to_p ✓
    Informative → score=0.167, positive ✓
test test_combo_score ... ok
test result: ok. 1 passed; 0 failed; 0 ignored; 0 measured; 29 filtered out; finished in 0.03s
