╔════════════════════════════════════════════════════════════╗
║  PROPERTY SPACE ANALYSIS (3 domains)                     ║
╚════════════════════════════════════════════════════════════╝

  ┌─ Algebra (assoc+id, n=3) ─────────────────────────────────
  │ Properties: 6, Pairs: 15
  │
  │ AND: 15/15 degenerate (100%), 0 informative
  │   to_p=5, to_q=1, to_known=0, empty=9, universal=0
  │
  │ OR:  15/15 degenerate (100%), 0 informative
  │   to_p=4, to_q=7, to_known=0, empty=0, universal=4
  │
  │ Structure: hierarchical union-closed 
  └───────────────────────────────────────

  ┌─ Order (chain, n=4) ─────────────────────────────────
  │ Properties: 6, Pairs: 15
  │
  │ AND: 14/15 degenerate (93%), 1 informative
  │   to_p=2, to_q=2, to_known=2, empty=8, universal=0
  │
  │ OR:  15/15 degenerate (100%), 0 informative
  │   to_p=4, to_q=5, to_known=1, empty=0, universal=5
  │
  │ Structure: hierarchical union-closed 
  └───────────────────────────────────────

  ┌─ Set theory (powerset, n=8) ─────────────────────────────────
  │ Properties: 5, Pairs: 10
  │
  │ AND: 10/10 degenerate (100%), 0 informative
  │   to_p=5, to_q=4, to_known=0, empty=1, universal=0
  │
  │ OR:  10/10 degenerate (100%), 0 informative
  │   to_p=7, to_q=2, to_known=0, empty=0, universal=1
  │
  │ Structure: hierarchical union-closed 
  └───────────────────────────────────────

  ┌─ Cross-domain comparison ───────────────────────────────
  │                                 Algebra      Order        Set
  │ AND degenerate %                   100%        93%       100%
  │ OR degenerate %                    100%       100%       100%
  │ AND informative                       0          1          0
  │ OR informative                        0          0          0
  │ Hierarchical                       true       true       true
  │ Union-closed                       true       true       true
  └───────────────────────────────────────────────────────

  Meta-level observations (3 data points — low confidence):
    ★ Union-closed in ALL 3 domains.
      Tentative: property disjunction adds no new concepts
      when the property space is derived from a single structure.
    ★ Hierarchical in ALL 3 domains.
      Tentative: derived property spaces tend to form subset chains.
    ★ OR informative = 0 in ALL 3 domains.
      Tentative: disjunction is structurally less productive
      than conjunction+negation for concept discovery.
test test_property_space_analysis ... ok

test result: ok. 1 passed; 0 failed; 0 ignored; 0 measured; 34 filtered out; finished in 0.13s
