     |
3028 |                 let op = |a: usize, b: usize| -> usize { table[a * n + b] };
     |                     ^^ help: if this is intentional, prefix it with an underscore: `_op`
     |
     = note: `#[warn(unused_variables)]` (part of `#[warn(unused)]`) on by default
     |
3148 |             let mut target_axioms = String::new();
     |                 ^^^^^^^^^^^^^^^^^
     |
     = note: consider using `_target_axioms` instead
     |
3145 |             let mut found_target = false;
     |                                    ^^^^^
     |
     = help: maybe it is overwritten before being read?
     = note: `#[warn(unused_assignments)]` (part of `#[warn(unused)]`) on by default
     |
3159 |                 target_axioms = "assoc+comm+id+inv".to_string();
     |                 ^^^^^^^^^^^^^
     |
     = help: maybe it is overwritten before being read?
    |
415 |     let all_relations: Vec<(String, usize)> = engine.relation_defs()
    |         ^^^^^^^^^^^^^ help: if this is intentional, prefix it with an underscore: `_all_relations`
    |
    = note: `#[warn(unused_variables)]` (part of `#[warn(unused)]`) on by default
============================================================
  ω-RULE: ZFC Set Bootstrap
  46 facts, 18 rounds
============================================================
  member(empty, power(_0))
  member(empty, power(empty))
  member(empty, power(power(_0)))
  member(empty, power(power(empty)))
  member(empty, power(power(power(_0))))
  member(empty, power(power(power(empty))))
  member(empty, power(power(power(power(_0)))))
  member(empty, power(power(power(power(empty)))))
  member(empty, power(power(power(power(power(_0))))))
  member(empty, power(power(power(power(power(empty))))))
  member(empty, power(power(power(power(power(power(_0)))))))
  member(empty, power(power(power(power(power(power(empty)))))))
  member(empty, power(power(power(power(power(power(power(_0))))))))
  member(empty, power(power(power(power(power(power(power(empty))))))))
  set(_0)
  set(empty)
  set(power(_0))
  set(power(empty))
  set(power(power(_0)))
  set(power(power(empty)))
  set(power(power(power(_0))))
  set(power(power(power(empty))))
  set(power(power(power(power(_0)))))
  set(power(power(power(power(empty)))))
  set(power(power(power(power(power(_0))))))
  set(power(power(power(power(power(empty))))))
  set(power(power(power(power(power(power(_0)))))))
  set(power(power(power(power(power(power(empty)))))))
  set(power(power(power(power(power(power(power(_0))))))))
  set(power(power(power(power(power(power(power(empty))))))))
  subset(empty, _0)
  subset(empty, empty)
  subset(empty, power(_0))
  subset(empty, power(empty))
  subset(empty, power(power(_0)))
  subset(empty, power(power(empty)))
  subset(empty, power(power(power(_0))))
  subset(empty, power(power(power(empty))))
  subset(empty, power(power(power(power(_0)))))
  subset(empty, power(power(power(power(empty)))))
  subset(empty, power(power(power(power(power(_0))))))
  subset(empty, power(power(power(power(power(empty))))))
  subset(empty, power(power(power(power(power(power(_0)))))))
  subset(empty, power(power(power(power(power(power(empty)))))))
  subset(empty, power(power(power(power(power(power(power(_0))))))))
  subset(empty, power(power(power(power(power(power(power(empty))))))))
  Warnings:
    ω-rule: promoted set/1 to pattern fact set(_0)
  set(_0): true (ω-rule)
  subset(empty, _0): true (auto-derived)
  member(empty, power(_0)): true (chain)
test test_omega_rule_set_bootstrap ... ok
test result: ok. 1 passed; 0 failed; 0 ignored; 0 measured; 9 filtered out; finished in 0.01s
