=== ZFC-5 FULL PATTERN ===
Facts: 3000 (2623 ground, 377 pattern), Rounds: 4

P1 ✓ member(empty, power(empty))
P1 ✓ subset(empty, empty)
P1 ✓ subset(empty, power(empty))
P2 ✓ member(empty, pair(empty, empty))
P2 ✓ subset(empty, pair(empty, empty))
P2 ✓ member(empty, power(pair(empty, empty)))
P2 ✓ member(pair(empty, empty), power(pair(empty, empty)))

Pattern facts:
  member(_0, pair(_0, _1))
  member(_0, pair(_1, _0))
  member(_0, union(pair(_1, pair(_0, _2))))
  member(_0, union(pair(_1, pair(_2, _0))))
  member(_0, union(pair(_1, union(pair(_2, pair(_0, _3))))))
  member(_0, union(pair(_1, union(pair(_2, pair(_3, _0))))))
  member(_0, union(pair(_1, union(pair(_2, union(pair(_3, pair(_0, _4))))))))
  member(_0, union(pair(_1, union(pair(_2, union(pair(_3, pair(_4, _0))))))))
  member(_0, union(pair(_1, union(pair(_2, union(pair(pair(_0, _3), _4)))))))
  member(_0, union(pair(_1, union(pair(_2, union(pair(pair(_3, _0), _4)))))))
  member(_0, union(pair(_1, union(pair(pair(_0, _2), _3)))))
  member(_0, union(pair(_1, union(pair(pair(_2, _0), _3)))))
  member(_0, union(pair(_1, union(pair(union(pair(_2, pair(_0, _3))), _4)))))
  member(_0, union(pair(_1, union(pair(union(pair(_2, pair(_3, _0))), _4)))))
  member(_0, union(pair(_1, union(pair(union(pair(pair(_0, _2), _3)), _4)))))
  member(_0, union(pair(_1, union(pair(union(pair(pair(_2, _0), _3)), _4)))))
  member(_0, union(pair(_1, union(union(pair(_2, pair(_3, pair(_0, _4))))))))
  member(_0, union(pair(_1, union(union(pair(_2, pair(_3, pair(_4, _0))))))))
  member(_0, union(pair(_1, union(union(pair(_2, pair(pair(_0, _3), _4)))))))
  member(_0, union(pair(_1, union(union(pair(_2, pair(pair(_3, _0), _4)))))))
  member(_0, union(pair(_1, union(union(pair(pair(_2, pair(_0, _3)), _4))))))
  member(_0, union(pair(_1, union(union(pair(pair(_2, pair(_3, _0)), _4))))))
  member(_0, union(pair(_1, union(union(pair(pair(pair(_0, _2), _3), _4))))))
  member(_0, union(pair(_1, union(union(pair(pair(pair(_2, _0), _3), _4))))))
  member(_0, union(pair(pair(_0, _1), _2)))
  member(_0, union(pair(pair(_1, _0), _2)))
  member(_0, union(pair(union(pair(_1, pair(_0, _2))), _3)))
  member(_0, union(pair(union(pair(_1, pair(_2, _0))), _3)))
  member(_0, union(pair(union(pair(_1, union(pair(_2, pair(_0, _3))))), _4)))
  member(_0, union(pair(union(pair(_1, union(pair(_2, pair(_3, _0))))), _4)))
  member(_0, union(pair(union(pair(_1, union(pair(pair(_0, _2), _3)))), _4)))
  member(_0, union(pair(union(pair(_1, union(pair(pair(_2, _0), _3)))), _4)))
  member(_0, union(pair(union(pair(pair(_0, _1), _2)), _3)))
  member(_0, union(pair(union(pair(pair(_1, _0), _2)), _3)))
  member(_0, union(pair(union(pair(union(pair(_1, pair(_0, _2))), _3)), _4)))
  member(_0, union(pair(union(pair(union(pair(_1, pair(_2, _0))), _3)), _4)))
  member(_0, union(pair(union(pair(union(pair(pair(_0, _1), _2)), _3)), _4)))
  member(_0, union(pair(union(pair(union(pair(pair(_1, _0), _2)), _3)), _4)))
  member(_0, union(pair(union(union(pair(_1, pair(_2, pair(_0, _3))))), _4)))
  member(_0, union(pair(union(union(pair(_1, pair(_2, pair(_3, _0))))), _4)))
  member(_0, union(pair(union(union(pair(_1, pair(pair(_0, _2), _3)))), _4)))
  member(_0, union(pair(union(union(pair(_1, pair(pair(_2, _0), _3)))), _4)))
  member(_0, union(pair(union(union(pair(pair(_1, pair(_0, _2)), _3))), _4)))
  member(_0, union(pair(union(union(pair(pair(_1, pair(_2, _0)), _3))), _4)))
  member(_0, union(pair(union(union(pair(pair(pair(_0, _1), _2), _3))), _4)))
  member(_0, union(pair(union(union(pair(pair(pair(_1, _0), _2), _3))), _4)))
  member(_0, union(union(pair(_1, pair(_2, pair(_0, _3))))))
  member(_0, union(union(pair(_1, pair(_2, pair(_3, _0))))))
  member(_0, union(union(pair(_1, pair(_2, union(pair(_3, pair(_0, _4))))))))
  member(_0, union(union(pair(_1, pair(_2, union(pair(_3, pair(_4, _0))))))))
  member(_0, union(union(pair(_1, pair(_2, union(pair(pair(_0, _3), _4)))))))
  member(_0, union(union(pair(_1, pair(_2, union(pair(pair(_3, _0), _4)))))))
  member(_0, union(union(pair(_1, pair(pair(_0, _2), _3)))))
  member(_0, union(union(pair(_1, pair(pair(_2, _0), _3)))))
  member(_0, union(union(pair(_1, pair(union(pair(_2, pair(_0, _3))), _4)))))
  member(_0, union(union(pair(_1, pair(union(pair(_2, pair(_3, _0))), _4)))))
  member(_0, union(union(pair(_1, pair(union(pair(pair(_0, _2), _3)), _4)))))
  member(_0, union(union(pair(_1, pair(union(pair(pair(_2, _0), _3)), _4)))))
  member(_0, union(union(pair(_1, union(pair(_2, pair(_3, pair(_0, _4))))))))
  member(_0, union(union(pair(_1, union(pair(_2, pair(_3, pair(_4, _0))))))))
  member(_0, union(union(pair(_1, union(pair(_2, pair(pair(_0, _3), _4)))))))
  member(_0, union(union(pair(_1, union(pair(_2, pair(pair(_3, _0), _4)))))))
  member(_0, union(union(pair(_1, union(pair(pair(_2, pair(_0, _3)), _4))))))
  member(_0, union(union(pair(_1, union(pair(pair(_2, pair(_3, _0)), _4))))))
  member(_0, union(union(pair(_1, union(pair(pair(pair(_0, _2), _3), _4))))))
  member(_0, union(union(pair(_1, union(pair(pair(pair(_2, _0), _3), _4))))))
  member(_0, union(union(pair(pair(_1, pair(_0, _2)), _3))))
  member(_0, union(union(pair(pair(_1, pair(_2, _0)), _3))))
  member(_0, union(union(pair(pair(_1, union(pair(_2, pair(_0, _3)))), _4))))
  member(_0, union(union(pair(pair(_1, union(pair(_2, pair(_3, _0)))), _4))))
  member(_0, union(union(pair(pair(_1, union(pair(pair(_0, _2), _3))), _4))))
  member(_0, union(union(pair(pair(_1, union(pair(pair(_2, _0), _3))), _4))))
  member(_0, union(union(pair(pair(pair(_0, _1), _2), _3))))
  member(_0, union(union(pair(pair(pair(_1, _0), _2), _3))))
  member(_0, union(union(pair(pair(union(pair(_1, pair(_0, _2))), _3), _4))))
  member(_0, union(union(pair(pair(union(pair(_1, pair(_2, _0))), _3), _4))))
  member(_0, union(union(pair(pair(union(pair(pair(_0, _1), _2)), _3), _4))))
  member(_0, union(union(pair(pair(union(pair(pair(_1, _0), _2)), _3), _4))))
  member(_0, union(union(pair(union(pair(_1, pair(_2, pair(_0, _3)))), _4))))
  member(_0, union(union(pair(union(pair(_1, pair(_2, pair(_3, _0)))), _4))))
  member(_0, union(union(pair(union(pair(_1, pair(pair(_0, _2), _3))), _4))))
  member(_0, union(union(pair(union(pair(_1, pair(pair(_2, _0), _3))), _4))))
  member(_0, union(union(pair(union(pair(pair(_1, pair(_0, _2)), _3)), _4))))
  member(_0, union(union(pair(union(pair(pair(_1, pair(_2, _0)), _3)), _4))))
  member(_0, union(union(pair(union(pair(pair(pair(_0, _1), _2), _3)), _4))))
  member(_0, union(union(pair(union(pair(pair(pair(_1, _0), _2), _3)), _4))))
  member(_0, union(union(union(pair(_1, pair(_2, pair(_3, pair(_0, _4))))))))
  member(_0, union(union(union(pair(_1, pair(_2, pair(_3, pair(_4, _0))))))))
  member(_0, union(union(union(pair(_1, pair(_2, pair(pair(_0, _3), _4)))))))
  member(_0, union(union(union(pair(_1, pair(_2, pair(pair(_3, _0), _4)))))))
  member(_0, union(union(union(pair(_1, pair(pair(_2, pair(_0, _3)), _4))))))
  member(_0, union(union(union(pair(_1, pair(pair(_2, pair(_3, _0)), _4))))))
  member(_0, union(union(union(pair(_1, pair(pair(pair(_0, _2), _3), _4))))))
  member(_0, union(union(union(pair(_1, pair(pair(pair(_2, _0), _3), _4))))))
  member(_0, union(union(union(pair(pair(_1, pair(_2, pair(_0, _3))), _4)))))
  member(_0, union(union(union(pair(pair(_1, pair(_2, pair(_3, _0))), _4)))))
  member(_0, union(union(union(pair(pair(_1, pair(pair(_0, _2), _3)), _4)))))
  member(_0, union(union(union(pair(pair(_1, pair(pair(_2, _0), _3)), _4)))))
  member(_0, union(union(union(pair(pair(pair(_1, pair(_0, _2)), _3), _4)))))
  member(_0, union(union(union(pair(pair(pair(_1, pair(_2, _0)), _3), _4)))))
  member(_0, union(union(union(pair(pair(pair(pair(_0, _1), _2), _3), _4)))))
  member(_0, union(union(union(pair(pair(pair(pair(_1, _0), _2), _3), _4)))))
  member(empty, power(_0))
  member(empty, union(pair(_0, pair(empty, empty))))
  member(empty, union(pair(_0, pair(empty, pair(empty, empty)))))
  member(empty, union(pair(_0, pair(empty, power(empty)))))
  member(empty, union(pair(_0, pair(empty, union(empty)))))
  member(empty, union(pair(_0, pair(pair(empty, empty), empty))))
  member(empty, union(pair(_0, pair(power(empty), empty))))
  member(empty, union(pair(_0, pair(union(empty), empty))))
  member(empty, union(pair(_0, power(_1))))
  member(empty, union(pair(_0, power(empty))))
  member(empty, union(pair(_0, union(pair(_1, pair(empty, empty))))))
  member(empty, union(pair(_0, union(pair(_1, power(_2))))))
  member(empty, union(pair(_0, union(pair(pair(empty, empty), _1)))))
  member(empty, union(pair(_0, union(pair(power(_1), _2)))))
  member(empty, union(pair(_0, union(union(pair(_1, pair(_2, pair(empty, empty))))))))
  member(empty, union(pair(_0, union(union(pair(_1, pair(_2, power(_3))))))))
  member(empty, union(pair(_0, union(union(pair(_1, pair(pair(empty, empty), _2)))))))
  member(empty, union(pair(_0, union(union(pair(_1, pair(power(_2), _3)))))))
  member(empty, union(pair(_0, union(union(pair(pair(_1, pair(empty, empty)), _2))))))
  member(empty, union(pair(_0, union(union(pair(pair(_1, power(_2)), _3))))))
  member(empty, union(pair(_0, union(union(pair(pair(pair(empty, empty), _1), _2))))))
  member(empty, union(pair(_0, union(union(pair(pair(power(_1), _2), _3))))))
  member(empty, union(pair(pair(empty, empty), _0)))
  member(empty, union(pair(pair(empty, pair(empty, empty)), _0)))
  member(empty, union(pair(pair(empty, power(empty)), _0)))
  member(empty, union(pair(pair(empty, union(empty)), _0)))
  member(empty, union(pair(pair(pair(empty, empty), empty), _0)))
  member(empty, union(pair(pair(power(empty), empty), _0)))
  member(empty, union(pair(pair(union(empty), empty), _0)))
  member(empty, union(pair(power(_0), _1)))
  member(empty, union(pair(power(empty), _0)))
  member(empty, union(pair(union(pair(_0, pair(empty, empty))), _1)))
  member(empty, union(pair(union(pair(_0, power(_1))), _2)))
  member(empty, union(pair(union(pair(pair(empty, empty), _0)), _1)))
  member(empty, union(pair(union(pair(power(_0), _1)), _2)))
  member(empty, union(pair(union(union(pair(_0, pair(_1, pair(empty, empty))))), _2)))
  member(empty, union(pair(union(union(pair(_0, pair(_1, power(_2))))), _3)))
  member(empty, union(pair(union(union(pair(_0, pair(pair(empty, empty), _1)))), _2)))
  member(empty, union(pair(union(union(pair(_0, pair(power(_1), _2)))), _3)))
  member(empty, union(pair(union(union(pair(pair(_0, pair(empty, empty)), _1))), _2)))
  member(empty, union(pair(union(union(pair(pair(_0, power(_1)), _2))), _3)))
  member(empty, union(pair(union(union(pair(pair(pair(empty, empty), _0), _1))), _2)))
  member(empty, union(pair(union(union(pair(pair(power(_0), _1), _2))), _3)))
  member(empty, union(union(pair(_0, pair(_1, pair(empty, empty))))))
  member(empty, union(union(pair(_0, pair(_1, pair(empty, pair(empty, empty)))))))
  member(empty, union(union(pair(_0, pair(_1, pair(empty, power(empty)))))))
  member(empty, union(union(pair(_0, pair(_1, pair(empty, union(empty)))))))
  member(empty, union(union(pair(_0, pair(_1, pair(pair(empty, empty), empty))))))
  member(empty, union(union(pair(_0, pair(_1, pair(power(empty), empty))))))
  member(empty, union(union(pair(_0, pair(_1, pair(union(empty), empty))))))
  member(empty, union(union(pair(_0, pair(_1, power(_2))))))
  member(empty, union(union(pair(_0, pair(_1, power(empty))))))
  member(empty, union(union(pair(_0, pair(_1, union(pair(_2, pair(empty, empty))))))))
  member(empty, union(union(pair(_0, pair(_1, union(pair(_2, power(_3))))))))
  member(empty, union(union(pair(_0, pair(_1, union(pair(pair(empty, empty), _2)))))))
  member(empty, union(union(pair(_0, pair(_1, union(pair(power(_2), _3)))))))
  member(empty, union(union(pair(_0, pair(pair(empty, empty), _1)))))
  member(empty, union(union(pair(_0, pair(pair(empty, pair(empty, empty)), _1)))))
  member(empty, union(union(pair(_0, pair(pair(empty, power(empty)), _1)))))
  member(empty, union(union(pair(_0, pair(pair(empty, union(empty)), _1)))))
  member(empty, union(union(pair(_0, pair(pair(pair(empty, empty), empty), _1)))))
  member(empty, union(union(pair(_0, pair(pair(power(empty), empty), _1)))))
  member(empty, union(union(pair(_0, pair(pair(union(empty), empty), _1)))))
  member(empty, union(union(pair(_0, pair(power(_1), _2)))))
  member(empty, union(union(pair(_0, pair(power(empty), _1)))))
  member(empty, union(union(pair(_0, pair(union(pair(_1, pair(empty, empty))), _2)))))
  member(empty, union(union(pair(_0, pair(union(pair(_1, power(_2))), _3)))))
  member(empty, union(union(pair(_0, pair(union(pair(pair(empty, empty), _1)), _2)))))
  member(empty, union(union(pair(_0, pair(union(pair(power(_1), _2)), _3)))))
  member(empty, union(union(pair(_0, union(pair(_1, pair(_2, pair(empty, empty))))))))
  member(empty, union(union(pair(_0, union(pair(_1, pair(_2, power(_3))))))))
  member(empty, union(union(pair(_0, union(pair(_1, pair(_2, power(empty))))))))
  member(empty, union(union(pair(_0, union(pair(_1, pair(pair(empty, empty), _2)))))))
  member(empty, union(union(pair(_0, union(pair(_1, pair(power(_2), _3)))))))
  member(empty, union(union(pair(_0, union(pair(_1, pair(power(empty), _2)))))))
  member(empty, union(union(pair(_0, union(pair(pair(_1, pair(empty, empty)), _2))))))
  member(empty, union(union(pair(_0, union(pair(pair(_1, power(_2)), _3))))))
  member(empty, union(union(pair(_0, union(pair(pair(_1, power(empty)), _2))))))
  member(empty, union(union(pair(_0, union(pair(pair(pair(empty, empty), _1), _2))))))
  member(empty, union(union(pair(_0, union(pair(pair(power(_1), _2), _3))))))
  member(empty, union(union(pair(_0, union(pair(pair(power(empty), _1), _2))))))
  member(empty, union(union(pair(pair(_0, pair(empty, empty)), _1))))
  member(empty, union(union(pair(pair(_0, pair(empty, pair(empty, empty))), _1))))
  member(empty, union(union(pair(pair(_0, pair(empty, power(empty))), _1))))
  member(empty, union(union(pair(pair(_0, pair(empty, union(empty))), _1))))
  member(empty, union(union(pair(pair(_0, pair(pair(empty, empty), empty)), _1))))
  member(empty, union(union(pair(pair(_0, pair(power(empty), empty)), _1))))
  member(empty, union(union(pair(pair(_0, pair(union(empty), empty)), _1))))
  member(empty, union(union(pair(pair(_0, power(_1)), _2))))
  member(empty, union(union(pair(pair(_0, power(empty)), _1))))
  member(empty, union(union(pair(pair(_0, union(pair(_1, pair(empty, empty)))), _2))))
  member(empty, union(union(pair(pair(_0, union(pair(_1, power(_2)))), _3))))
  member(empty, union(union(pair(pair(_0, union(pair(pair(empty, empty), _1))), _2))))
  member(empty, union(union(pair(pair(_0, union(pair(power(_1), _2))), _3))))
  member(empty, union(union(pair(pair(pair(empty, empty), _0), _1))))
  member(empty, union(union(pair(pair(pair(empty, pair(empty, empty)), _0), _1))))
  member(empty, union(union(pair(pair(pair(empty, power(empty)), _0), _1))))
  member(empty, union(union(pair(pair(pair(empty, union(empty)), _0), _1))))
  member(empty, union(union(pair(pair(pair(pair(empty, empty), empty), _0), _1))))
  member(empty, union(union(pair(pair(pair(power(empty), empty), _0), _1))))
  member(empty, union(union(pair(pair(pair(union(empty), empty), _0), _1))))
  member(empty, union(union(pair(pair(power(_0), _1), _2))))
  member(empty, union(union(pair(pair(power(empty), _0), _1))))
  member(empty, union(union(pair(pair(union(pair(_0, pair(empty, empty))), _1), _2))))
  member(empty, union(union(pair(pair(union(pair(_0, power(_1))), _2), _3))))
  member(empty, union(union(pair(pair(union(pair(pair(empty, empty), _0)), _1), _2))))
  member(empty, union(union(pair(pair(union(pair(power(_0), _1)), _2), _3))))
  member(empty, union(union(pair(union(pair(_0, pair(_1, pair(empty, empty)))), _2))))
  member(empty, union(union(pair(union(pair(_0, pair(_1, power(_2)))), _3))))
  member(empty, union(union(pair(union(pair(_0, pair(_1, power(empty)))), _2))))
  member(empty, union(union(pair(union(pair(_0, pair(pair(empty, empty), _1))), _2))))
  member(empty, union(union(pair(union(pair(_0, pair(power(_1), _2))), _3))))
  member(empty, union(union(pair(union(pair(_0, pair(power(empty), _1))), _2))))
  member(empty, union(union(pair(union(pair(pair(_0, pair(empty, empty)), _1)), _2))))
  member(empty, union(union(pair(union(pair(pair(_0, power(_1)), _2)), _3))))
  member(empty, union(union(pair(union(pair(pair(_0, power(empty)), _1)), _2))))
  member(empty, union(union(pair(union(pair(pair(pair(empty, empty), _0), _1)), _2))))
  member(empty, union(union(pair(union(pair(pair(power(_0), _1), _2)), _3))))
  member(empty, union(union(pair(union(pair(pair(power(empty), _0), _1)), _2))))
  member(empty, union(union(union(pair(_0, pair(_1, pair(_2, pair(empty, empty))))))))
  member(empty, union(union(union(pair(_0, pair(_1, pair(_2, power(_3))))))))
  member(empty, union(union(union(pair(_0, pair(_1, pair(_2, power(empty))))))))
  member(empty, union(union(union(pair(_0, pair(_1, pair(pair(empty, empty), _2)))))))
  member(empty, union(union(union(pair(_0, pair(_1, pair(power(_2), _3)))))))
  member(empty, union(union(union(pair(_0, pair(_1, pair(power(empty), _2)))))))
  member(empty, union(union(union(pair(_0, pair(pair(_1, pair(empty, empty)), _2))))))
  member(empty, union(union(union(pair(_0, pair(pair(_1, power(_2)), _3))))))
  member(empty, union(union(union(pair(_0, pair(pair(_1, power(empty)), _2))))))
  member(empty, union(union(union(pair(_0, pair(pair(pair(empty, empty), _1), _2))))))
  member(empty, union(union(union(pair(_0, pair(pair(power(_1), _2), _3))))))
  member(empty, union(union(union(pair(_0, pair(pair(power(empty), _1), _2))))))
  member(empty, union(union(union(pair(pair(_0, pair(_1, pair(empty, empty))), _2)))))
  member(empty, union(union(union(pair(pair(_0, pair(_1, power(_2))), _3)))))
  member(empty, union(union(union(pair(pair(_0, pair(_1, power(empty))), _2)))))
  member(empty, union(union(union(pair(pair(_0, pair(pair(empty, empty), _1)), _2)))))
  member(empty, union(union(union(pair(pair(_0, pair(power(_1), _2)), _3)))))
  member(empty, union(union(union(pair(pair(_0, pair(power(empty), _1)), _2)))))
  member(empty, union(union(union(pair(pair(pair(_0, pair(empty, empty)), _1), _2)))))
  member(empty, union(union(union(pair(pair(pair(_0, power(_1)), _2), _3)))))
  member(empty, union(union(union(pair(pair(pair(_0, power(empty)), _1), _2)))))
  member(empty, union(union(union(pair(pair(pair(pair(empty, empty), _0), _1), _2)))))
  member(empty, union(union(union(pair(pair(pair(power(_0), _1), _2), _3)))))
  member(empty, union(union(union(pair(pair(pair(power(empty), _0), _1), _2)))))
  member(pair(empty, empty), union(pair(_0, pair(empty, pair(empty, empty)))))
  member(pair(empty, empty), union(pair(_0, pair(pair(empty, empty), empty))))
  member(pair(empty, empty), union(pair(_0, pair(pair(empty, empty), pair(empty, empty)))))
  member(pair(empty, empty), union(pair(_0, pair(pair(empty, empty), power(empty)))))
  member(pair(empty, empty), union(pair(_0, pair(pair(empty, empty), union(empty)))))
  member(pair(empty, empty), union(pair(_0, pair(power(empty), pair(empty, empty)))))
  member(pair(empty, empty), union(pair(_0, pair(union(empty), pair(empty, empty)))))
  member(pair(empty, empty), union(pair(pair(empty, pair(empty, empty)), _0)))
  member(pair(empty, empty), union(pair(pair(pair(empty, empty), empty), _0)))
  member(pair(empty, empty), union(pair(pair(pair(empty, empty), pair(empty, empty)), _0)))
  member(pair(empty, empty), union(pair(pair(pair(empty, empty), power(empty)), _0)))
  member(pair(empty, empty), union(pair(pair(pair(empty, empty), union(empty)), _0)))
  member(pair(empty, empty), union(pair(pair(power(empty), pair(empty, empty)), _0)))
  member(pair(empty, empty), union(pair(pair(union(empty), pair(empty, empty)), _0)))
  member(pair(empty, empty), union(union(pair(_0, pair(_1, pair(empty, pair(empty, empty)))))))
  member(pair(empty, empty), union(union(pair(_0, pair(_1, pair(pair(empty, empty), empty))))))
  member(pair(empty, empty), union(union(pair(_0, pair(_1, pair(pair(empty, empty), pair(empty, empty)))))))
  member(pair(empty, empty), union(union(pair(_0, pair(_1, pair(pair(empty, empty), power(empty)))))))
  member(pair(empty, empty), union(union(pair(_0, pair(_1, pair(pair(empty, empty), union(empty)))))))
  member(pair(empty, empty), union(union(pair(_0, pair(_1, pair(power(empty), pair(empty, empty)))))))
  member(pair(empty, empty), union(union(pair(_0, pair(_1, pair(union(empty), pair(empty, empty)))))))
  member(pair(empty, empty), union(union(pair(_0, pair(pair(empty, pair(empty, empty)), _1)))))
  member(pair(empty, empty), union(union(pair(_0, pair(pair(pair(empty, empty), empty), _1)))))
  member(pair(empty, empty), union(union(pair(_0, pair(pair(pair(empty, empty), pair(empty, empty)), _1)))))
  member(pair(empty, empty), union(union(pair(_0, pair(pair(pair(empty, empty), power(empty)), _1)))))
  member(pair(empty, empty), union(union(pair(_0, pair(pair(pair(empty, empty), union(empty)), _1)))))
  member(pair(empty, empty), union(union(pair(_0, pair(pair(power(empty), pair(empty, empty)), _1)))))
  member(pair(empty, empty), union(union(pair(_0, pair(pair(union(empty), pair(empty, empty)), _1)))))
  member(pair(empty, empty), union(union(pair(pair(_0, pair(empty, pair(empty, empty))), _1))))
  member(pair(empty, empty), union(union(pair(pair(_0, pair(pair(empty, empty), empty)), _1))))
  member(pair(empty, empty), union(union(pair(pair(_0, pair(pair(empty, empty), pair(empty, empty))), _1))))
  member(pair(empty, empty), union(union(pair(pair(_0, pair(pair(empty, empty), power(empty))), _1))))
  member(pair(empty, empty), union(union(pair(pair(_0, pair(pair(empty, empty), union(empty))), _1))))
  member(pair(empty, empty), union(union(pair(pair(_0, pair(power(empty), pair(empty, empty))), _1))))
  member(pair(empty, empty), union(union(pair(pair(_0, pair(union(empty), pair(empty, empty))), _1))))
  member(pair(empty, empty), union(union(pair(pair(pair(empty, pair(empty, empty)), _0), _1))))
  member(pair(empty, empty), union(union(pair(pair(pair(pair(empty, empty), empty), _0), _1))))
  member(pair(empty, empty), union(union(pair(pair(pair(pair(empty, empty), pair(empty, empty)), _0), _1))))
  member(pair(empty, empty), union(union(pair(pair(pair(pair(empty, empty), power(empty)), _0), _1))))
  member(pair(empty, empty), union(union(pair(pair(pair(pair(empty, empty), union(empty)), _0), _1))))
  member(pair(empty, empty), union(union(pair(pair(pair(power(empty), pair(empty, empty)), _0), _1))))
  member(pair(empty, empty), union(union(pair(pair(pair(union(empty), pair(empty, empty)), _0), _1))))
  member(pair(pair(empty, empty), pair(empty, empty)), union(pair(pair(pair(union(empty), empty), pair(pair(empty, empty), pair(empty, empty))), _0)))
  member(pair(pair(empty, empty), pair(empty, empty)), union(union(pair(_0, pair(pair(union(pair(empty, empty)), pair(pair(empty, empty), pair(empty, empty))), _1)))))
  member(pair(power(empty), empty), union(union(pair(pair(_0, pair(union(pair(empty, empty)), pair(power(empty), empty))), _1))))
  member(pair(power(empty), pair(empty, empty)), union(union(pair(_0, pair(pair(pair(power(empty), pair(empty, empty)), pair(empty, union(empty))), _1)))))
  member(power(empty), union(pair(_0, pair(empty, power(empty)))))
  member(power(empty), union(pair(_0, pair(pair(empty, empty), power(empty)))))
  member(power(empty), union(pair(_0, pair(power(empty), empty))))
  member(power(empty), union(pair(_0, pair(power(empty), pair(empty, empty)))))
  member(power(empty), union(pair(_0, pair(power(empty), power(empty)))))
  member(power(empty), union(pair(_0, pair(power(empty), union(empty)))))
  member(power(empty), union(pair(_0, pair(union(empty), power(empty)))))
  member(power(empty), union(pair(pair(empty, power(empty)), _0)))
  member(power(empty), union(pair(pair(pair(empty, empty), power(empty)), _0)))
  member(power(empty), union(pair(pair(power(empty), empty), _0)))
  member(power(empty), union(pair(pair(power(empty), pair(empty, empty)), _0)))
  member(power(empty), union(pair(pair(power(empty), power(empty)), _0)))
  member(power(empty), union(pair(pair(power(empty), union(empty)), _0)))
  member(power(empty), union(pair(pair(union(empty), power(empty)), _0)))
  member(power(empty), union(union(pair(_0, pair(_1, pair(empty, power(empty)))))))
  member(power(empty), union(union(pair(_0, pair(_1, pair(pair(empty, empty), power(empty)))))))
  member(power(empty), union(union(pair(_0, pair(_1, pair(power(empty), empty))))))
  member(power(empty), union(union(pair(_0, pair(_1, pair(power(empty), pair(empty, empty)))))))
  member(power(empty), union(union(pair(_0, pair(_1, pair(power(empty), power(empty)))))))
  member(power(empty), union(union(pair(_0, pair(_1, pair(power(empty), union(empty)))))))
  member(power(empty), union(union(pair(_0, pair(_1, pair(union(empty), power(empty)))))))
  member(power(empty), union(union(pair(_0, pair(pair(empty, power(empty)), _1)))))
  member(power(empty), union(union(pair(_0, pair(pair(pair(empty, empty), power(empty)), _1)))))
  member(power(empty), union(union(pair(_0, pair(pair(power(empty), empty), _1)))))
  member(power(empty), union(union(pair(_0, pair(pair(power(empty), pair(empty, empty)), _1)))))
  member(power(empty), union(union(pair(_0, pair(pair(power(empty), power(empty)), _1)))))
  member(power(empty), union(union(pair(_0, pair(pair(power(empty), union(empty)), _1)))))
  member(power(empty), union(union(pair(_0, pair(pair(union(empty), power(empty)), _1)))))
  member(power(empty), union(union(pair(pair(_0, pair(empty, power(empty))), _1))))
  member(power(empty), union(union(pair(pair(_0, pair(pair(empty, empty), power(empty))), _1))))
  member(power(empty), union(union(pair(pair(_0, pair(power(empty), empty)), _1))))
  member(power(empty), union(union(pair(pair(_0, pair(power(empty), pair(empty, empty))), _1))))
  member(power(empty), union(union(pair(pair(_0, pair(power(empty), power(empty))), _1))))
  member(power(empty), union(union(pair(pair(_0, pair(power(empty), union(empty))), _1))))
  member(power(empty), union(union(pair(pair(_0, pair(union(empty), power(empty))), _1))))
  member(power(empty), union(union(pair(pair(pair(empty, power(empty)), _0), _1))))
  member(power(empty), union(union(pair(pair(pair(pair(empty, empty), power(empty)), _0), _1))))
  member(power(empty), union(union(pair(pair(pair(power(empty), empty), _0), _1))))
  member(power(empty), union(union(pair(pair(pair(power(empty), pair(empty, empty)), _0), _1))))
  member(power(empty), union(union(pair(pair(pair(power(empty), power(empty)), _0), _1))))
  member(power(empty), union(union(pair(pair(pair(power(empty), union(empty)), _0), _1))))
  member(power(empty), union(union(pair(pair(pair(union(empty), power(empty)), _0), _1))))
  member(power(pair(empty, empty)), union(union(pair(_0, pair(pair(power(pair(empty, empty)), union(pair(empty, empty))), _1)))))
  member(union(empty), union(pair(_0, pair(empty, union(empty)))))
  member(union(empty), union(pair(_0, pair(pair(empty, empty), union(empty)))))
  member(union(empty), union(pair(_0, pair(power(empty), union(empty)))))
  member(union(empty), union(pair(_0, pair(union(empty), empty))))
  member(union(empty), union(pair(_0, pair(union(empty), pair(empty, empty)))))
  member(union(empty), union(pair(_0, pair(union(empty), power(empty)))))
  member(union(empty), union(pair(_0, pair(union(empty), union(empty)))))
  member(union(empty), union(pair(pair(empty, union(empty)), _0)))
  member(union(empty), union(pair(pair(pair(empty, empty), union(empty)), _0)))
  member(union(empty), union(pair(pair(power(empty), union(empty)), _0)))
  member(union(empty), union(pair(pair(union(empty), empty), _0)))
  member(union(empty), union(pair(pair(union(empty), pair(empty, empty)), _0)))
  member(union(empty), union(pair(pair(union(empty), power(empty)), _0)))
  member(union(empty), union(pair(pair(union(empty), union(empty)), _0)))
  member(union(empty), union(union(pair(_0, pair(_1, pair(empty, union(empty)))))))
  member(union(empty), union(union(pair(_0, pair(_1, pair(pair(empty, empty), union(empty)))))))
  member(union(empty), union(union(pair(_0, pair(_1, pair(power(empty), union(empty)))))))
  member(union(empty), union(union(pair(_0, pair(_1, pair(union(empty), empty))))))
  member(union(empty), union(union(pair(_0, pair(_1, pair(union(empty), pair(empty, empty)))))))
  member(union(empty), union(union(pair(_0, pair(_1, pair(union(empty), power(empty)))))))
  member(union(empty), union(union(pair(_0, pair(_1, pair(union(empty), union(empty)))))))
  member(union(empty), union(union(pair(_0, pair(pair(empty, union(empty)), _1)))))
  member(union(empty), union(union(pair(_0, pair(pair(pair(empty, empty), union(empty)), _1)))))
  member(union(empty), union(union(pair(_0, pair(pair(power(empty), union(empty)), _1)))))
  member(union(empty), union(union(pair(_0, pair(pair(union(empty), empty), _1)))))
  member(union(empty), union(union(pair(_0, pair(pair(union(empty), pair(empty, empty)), _1)))))
  member(union(empty), union(union(pair(_0, pair(pair(union(empty), power(empty)), _1)))))
  member(union(empty), union(union(pair(_0, pair(pair(union(empty), union(empty)), _1)))))
  member(union(empty), union(union(pair(pair(_0, pair(empty, union(empty))), _1))))
  member(union(empty), union(union(pair(pair(_0, pair(pair(empty, empty), union(empty))), _1))))
  member(union(empty), union(union(pair(pair(_0, pair(power(empty), union(empty))), _1))))
  member(union(empty), union(union(pair(pair(_0, pair(union(empty), empty)), _1))))
  member(union(empty), union(union(pair(pair(_0, pair(union(empty), pair(empty, empty))), _1))))
  member(union(empty), union(union(pair(pair(_0, pair(union(empty), power(empty))), _1))))
  member(union(empty), union(union(pair(pair(_0, pair(union(empty), union(empty))), _1))))
  member(union(empty), union(union(pair(pair(pair(empty, union(empty)), _0), _1))))
  member(union(empty), union(union(pair(pair(pair(pair(empty, empty), union(empty)), _0), _1))))
  member(union(empty), union(union(pair(pair(pair(power(empty), union(empty)), _0), _1))))
  member(union(empty), union(union(pair(pair(pair(union(empty), empty), _0), _1))))
  member(union(empty), union(union(pair(pair(pair(union(empty), pair(empty, empty)), _0), _1))))
  member(union(empty), union(union(pair(pair(pair(union(empty), power(empty)), _0), _1))))
  member(union(empty), union(union(pair(pair(pair(union(empty), union(empty)), _0), _1))))
  subset(empty, _0)
