993 |             let mut trial = base.clone();
    = note: `#[warn(unused_mut)]` (part of `#[warn(unused)]`) on by default
993 |             let mut trial = base.clone();
    = note: `#[warn(unused_variables)]` (part of `#[warn(unused)]`) on by default
3168 |                 let op = |a: usize, b: usize| -> usize { table[a * n + b] };
3288 |             let mut target_axioms = String::new();
     = note: consider using `_target_axioms` instead
3285 |             let mut found_target = false;
     = help: maybe it is overwritten before being read?
     = note: `#[warn(unused_assignments)]` (part of `#[warn(unused)]`) on by default
3299 |                 target_axioms = "assoc+comm+id+inv".to_string();
     = help: maybe it is overwritten before being read?
415 |     let all_relations: Vec<(String, usize)> = engine.relation_defs()
    = note: `#[warn(unused_variables)]` (part of `#[warn(unused)]`) on by default
3700 |     let alg_strict = id_only_has("implies_observed(left_id, idempotent)")
============================================================
  TEMPORAL CONVERGENCE ANALYSIS
  Structural vs resource failure detection
============================================================
  ── Resource failure case: ZFC with pairing ──
  (is_set ↔ superset_of_empty is definitionally true)
     cap |is_set|   |sup∅|  |self⊆|   gap%
     100        3        1        1  66.7%
     200        7        1        1  85.7%
     500       12        3        3  75.0%
  ── Structural failure case: magma (left_id vs right_id) ──
  (left_id ≢ right_id is mathematically true)
     cap   |left|  |right|    gap
     100        1        0      1
     200        1        0      1
     500        1        0      1
  ── Diagnosis ──
  ZFC (resource): gaps 100→67% 200→86% 500→75% — VARIES (resource-dependent)
  Magma (structural): gap 1 → 1 — STABLE (structural failure)
  Diagnostic criterion:
    Structural failure: gap constant across ALL resource levels
    Resource failure: gap VARIES with resource level (cap-dependent)
    The variation itself is the signal — not convergence direction.
test test_temporal_convergence ... ok
test result: ok. 1 passed; 0 failed; 0 ignored; 0 measured; 25 filtered out; finished in 0.14s
