993 |             let mut trial = base.clone();
    = note: `#[warn(unused_mut)]` (part of `#[warn(unused)]`) on by default
993 |             let mut trial = base.clone();
    = note: `#[warn(unused_variables)]` (part of `#[warn(unused)]`) on by default
3168 |                 let op = |a: usize, b: usize| -> usize { table[a * n + b] };
3288 |             let mut target_axioms = String::new();
     = note: consider using `_target_axioms` instead
3285 |             let mut found_target = false;
     = help: maybe it is overwritten before being read?
     = note: `#[warn(unused_assignments)]` (part of `#[warn(unused)]`) on by default
3299 |                 target_axioms = "assoc+comm+id+inv".to_string();
     = help: maybe it is overwritten before being read?
415 |     let all_relations: Vec<(String, usize)> = engine.relation_defs()
    = note: `#[warn(unused_variables)]` (part of `#[warn(unused)]`) on by default
============================================================
  PROPERTY IMPLICATION DISCOVERY
  29 facts, 5 rounds
============================================================
  Discovered implications:
    implies(contains_empty, is_set)
    implies(contains_empty, superset_of_empty)
    implies(is_set, is_set)
    implies(is_set, superset_of_empty)
    implies(superset_of_empty, is_set)
    implies(superset_of_empty, superset_of_empty)
  Discovered equivalences:
    equivalent(is_set, is_set)
    equivalent(is_set, superset_of_empty)
    equivalent(superset_of_empty, is_set)
    equivalent(superset_of_empty, superset_of_empty)
  Key findings:
    superset_of_empty ↔ is_set: true (equivalent on this data)
    contains_empty → superset_of_empty: true (strict implication)
    contains_empty → is_set: true (transitive)
    superset_of_empty → contains_empty: false (false, c is counterexample)
test test_property_implication ... ok
test result: ok. 1 passed; 0 failed; 0 ignored; 0 measured; 17 filtered out; finished in 0.00s
